<html>
<body>
<pre>
<h1>µVision Build Log</h1>
<h2>Project:</h2>
E:\Technical transform\Software\G-664C GS\Debug\G-664C-GS.uvproj
Project File Date:  06/10/2019

<h2>Output:</h2>
Build target 'Target 1'
assembling startup_LPC17xx.s...
compiling arrival.c...
compiling call.c...
compiling can.c...
compiling can_a.c...
compiling can_b.c...
compiling can_c.c...
compiling can_err.c...
compiling cycle.c...
compiling dict.c...
compiling diving.c...
compiling door_op.c...
compiling doortest.c...
compiling drive.c...
compiling drv_err.c...
compiling eeprom.c...
compiling em_op.c...
compiling err_rel.c...
compiling error.c...
compiling ese.c...
compiling evac.c...
compiling exe.c...
compiling hb_err.c...
compiling history.c...
compiling hwtest.c...
compiling i2c.c...
compiling init.c...
compiling input.c...
compiling insp.c...
compiling io.c...
compiling lcd.c...
compiling load.c...
compiling main.c...
compiling mcp2515.c...
compiling menu.c...
compiling moving.c...
compiling nice5000.c...
compiling no_setup.c...
compiling parameter.c...
compiling pos.c...
compiling relev.c...
compiling res_trip.c...
compiling rtc.c...
compiling sc_error.c...
compiling set_para.c...
compiling sp_trip.c...
compiling start.c...
compiling state.c...
compiling still.c...
compiling teach.c...
compiling temperature.c...
compiling term.c...
compiling test.c...
compiling text.c...
compiling timer.c...
compiling tse.c...
compiling version.c...
compiling wait.c...
linking...
Program Size: Code=158930 RO-data=64462 RW-data=1360 ZI-data=53360  
FromELF: creating hex file...
".\output\G-664C-GS.axf" - 0 Error(s), 0 Warning(s).
Load "E:\\Technical transform\\Software\\G-664C GS\\Debug\\output\\G-664C-GS.AXF" 
Full Chip Erase Done.
Programming Done.
Verify OK.
Application running ...
Build target 'Target 1'
compiling nice5000.c...
linking...
Program Size: Code=158930 RO-data=64462 RW-data=1360 ZI-data=53360  
FromELF: creating hex file...
".\output\G-664C-GS.axf" - 0 Error(s), 0 Warning(s).
Load "E:\\Technical transform\\Software\\G-664C GS\\Debug\\output\\G-664C-GS.AXF" 
Full Chip Erase Done.
Programming Done.
Verify OK.
Application running ...
Build target 'Target 1'
assembling startup_LPC17xx.s...
compiling arrival.c...
compiling call.c...
compiling can.c...
compiling can_a.c...
compiling can_b.c...
compiling can_c.c...
compiling can_err.c...
compiling cycle.c...
compiling dict.c...
compiling diving.c...
compiling door_op.c...
compiling doortest.c...
compiling drive.c...
compiling drv_err.c...
compiling eeprom.c...
compiling em_op.c...
compiling err_rel.c...
compiling error.c...
compiling ese.c...
compiling evac.c...
compiling exe.c...
compiling hb_err.c...
compiling history.c...
compiling hwtest.c...
compiling i2c.c...
compiling init.c...
compiling input.c...
compiling insp.c...
compiling io.c...
compiling lcd.c...
compiling load.c...
compiling main.c...
compiling mcp2515.c...
compiling menu.c...
compiling moving.c...
compiling nice5000.c...
compiling no_setup.c...
compiling parameter.c...
compiling pos.c...
compiling relev.c...
compiling res_trip.c...
compiling rtc.c...
compiling sc_error.c...
compiling set_para.c...
compiling sp_trip.c...
compiling start.c...
compiling state.c...
compiling still.c...
compiling teach.c...
compiling temperature.c...
compiling term.c...
compiling test.c...
compiling text.c...
compiling timer.c...
compiling tse.c...
compiling version.c...
compiling wait.c...
linking...
Program Size: Code=158930 RO-data=64462 RW-data=1360 ZI-data=53360  
FromELF: creating hex file...
".\output\G-664C-GS.axf" - 0 Error(s), 0 Warning(s).
