<html>
<body>
<pre>
<h1>µVision Build Log</h1>
<h2>Tool Versions:</h2>
IDE-Version: µVision V5.36.0.0
Copyright (C) 2021 ARM Ltd and ARM Germany GmbH. All rights reserved.
License Information: QUANG QUANG, QUANG, LIC=D0DY6-DYD0B-F09NG-TRIR5-LP21Y-W2ZVU
 
Tool Versions:
Toolchain:       MDK-ARM Plus  Version: 5.36.0.0
Toolchain Path:  C:\Keil_v5\ARM\ARMCC\Bin
C Compiler:      Armcc.exe V5.06 update 7 (build 960)
Assembler:       Armasm.exe V5.06 update 7 (build 960)
Linker/Locator:  ArmLink.exe V5.06 update 7 (build 960)
Library Manager: ArmAr.exe V5.06 update 7 (build 960)
Hex Converter:   FromElf.exe V5.06 update 7 (build 960)
CPU DLL:         SARMCM3.DLL V5.36.0.0
Dialog DLL:      DARMP1.DLL V1.27.0.0
Target DLL:      Segger\JL2CM3.dll V2.99.40.0
Dialog DLL:      TARMP1.DLL V1.26.0.0
 
<h2>Project:</h2>
D:\Firmware_Quang\EN81-20G-664C V4.0C_NUDGING\G-664C V4.0C\Debug\G-664C-GS.uvprojx
Project File Date:  01/26/2022

<h2>Output:</h2>
*** Using Compiler 'V5.06 update 7 (build 960)', folder: 'C:\Keil_v5\ARM\ARMCC\Bin'
Rebuild target 'Target 1'
assembling startup_LPC17xx.s...
compiling can_c.c...
compiling arrival.c...
compiling can_b.c...
compiling call.c...
compiling can_err.c...
compiling can_a.c...
..\src\can_a.c(107): warning:  #68-D: integer conversion resulted in a change of sign
  						Nudging_Buz_timer_count = 0-1;
..\src\can_a.c: 1 warning, 0 errors
compiling can.c...
compiling doortest.c...
compiling dict.c...
compiling drive.c...
compiling door_op.c...
compiling diving.c...
compiling drv_err.c...
compiling err_rel.c...
compiling eeprom.c...
compiling em_op.c...
compiling ese.c...
compiling error.c...
compiling evac.c...
compiling hb_err.c...
compiling cycle.c...
compiling exe.c...
compiling history.c...
compiling i2c.c...
compiling init.c...
compiling hwtest.c...
compiling load.c...
compiling insp.c...
compiling moving.c...
compiling mcp2515.c...
compiling input.c...
compiling io.c...
compiling main.c...
compiling no_setup.c...
compiling lcd.c...
compiling relev.c...
compiling parameter.c...
compiling pos.c...
compiling res_trip.c...
compiling rtc.c...
compiling nice5000.c...
compiling sc_error.c...
compiling sp_trip.c...
compiling start.c...
compiling temperature.c...
compiling teach.c...
compiling state.c...
compiling term.c...
compiling set_para.c...
compiling text.c...
compiling version.c...
compiling tse.c...
compiling wait.c...
compiling timer.c...
compiling still.c...
..\src\still.c(12): warning:  #68-D: integer conversion resulted in a change of sign
  DWORD Nudging_timer_count =0-1;
..\src\still.c(16): warning:  #68-D: integer conversion resulted in a change of sign
  DWORD Nudging_Buz_timer_count =0-1;
..\src\still.c(17): warning:  #68-D: integer conversion resulted in a change of sign
  DWORD Nudging_opendoor_timer_count =0-1;
..\src\still.c(952): warning:  #68-D: integer conversion resulted in a change of sign
  			Nudging_timer_count = (0-1);
..\src\still.c(953): warning:  #174-D: expression has no effect
  			callpriorityold == callpriority;
..\src\still.c(960): warning:  #68-D: integer conversion resulted in a change of sign
  					Nudging_timer_count = 0-1;
..\src\still.c(961): warning:  #68-D: integer conversion resulted in a change of sign
  					Nudging_Buz_timer_count = 0-1;
..\src\still.c(965): warning:  #68-D: integer conversion resulted in a change of sign
  					if((Nudging_timer_count == (0-1)) && (door_state[0] != DOOR_CLOSED) )
..\src\still.c(973): warning:  #68-D: integer conversion resulted in a change of sign
  					Nudging_timer_count = 0-1;
..\src\still.c(996): warning:  #68-D: integer conversion resulted in a change of sign
  						Nudging_Buz_timer_count = 0-1;
..\src\still.c(1013): warning:  #68-D: integer conversion resulted in a change of sign
  					Nudging_opendoor_timer_count = 0-1;
..\src\still.c: 11 warnings, 0 errors
compiling test.c...
compiling menu.c...
linking...
Program Size: Code=163092 RO-data=67980 RW-data=1388 ZI-data=51912  
FromELF: creating hex file...
".\output\G-664C-GS.axf" - 0 Error(s), 12 Warning(s).

<h2>Software Packages used:</h2>

Package Vendor: ARM
                http://www.keil.com/pack/ARM.CMSIS.5.8.0.pack
                ARM.CMSIS.5.8.0
                CMSIS (Common Microcontroller Software Interface Standard)
   * Component: CORE Version: 5.5.0

Package Vendor: Keil
                http://www.keil.com/pack/Keil.LPC1700_DFP.2.7.1.pack
                Keil.LPC1700_DFP.2.7.1
                NXP LPC1700 Series Device Support, Drivers and Examples for MCB1700 and LPC1788-32

<h2>Collection of Component include folders:</h2>
  .\RTE\_Target_1
  C:\Users\Ha Thien Quang\AppData\Local\Arm\Packs\ARM\CMSIS\5.8.0\CMSIS\Core\Include
  C:\Users\Ha Thien Quang\AppData\Local\Arm\Packs\Keil\LPC1700_DFP\2.7.1\Device\Include

<h2>Collection of Component Files used:</h2>

   * Component: ARM::CMSIS:CORE:5.5.0
Build Time Elapsed:  00:00:05
</pre>
</body>
</html>
