<!doctype html public "-//w3c//dtd html 4.0 transitional//en">
<html><head>
<title>Static Call Graph - [.\output\G-664C-GS.axf]</title></head>
<body><HR>
<H1>Static Call Graph for image .\output\G-664C-GS.axf</H1><HR>
<BR><P>#&#060CALLGRAPH&#062# ARM Linker, 5060960: Last Updated: Tue Feb 08 09:20:45 2022
<BR><P>
<H3>Maximum Stack Usage =        480 bytes + Unknown(Functions without stacksize, Cycles, Untraceable Function Pointers)</H3><H3>
Call chain for Maximum Stack Depth:</H3>
__rt_entry_main &rArr; main &rArr; standstill_state &rArr; cycle &rArr; ese &rArr; handle_input &rArr; cancel_other_landing_call &rArr; set_out &rArr; set_out_c &rArr; check_txc &rArr; write_errorhist &rArr; transmit_emergency &rArr; WriteCanA
<P>
<H3>
Functions with no stack information
</H3><UL>
 <LI><a href="#[38]">__user_initial_stackheap</a>
</UL>
</UL>
<P>
<H3>
Mutually Recursive functions
</H3> <LI><a href="#[5]">NMI_Handler</a>&nbsp;&nbsp;&nbsp;&rArr;&nbsp;&nbsp;&nbsp;<a href="#[5]">NMI_Handler</a><BR>
 <LI><a href="#[6]">HardFault_Handler</a>&nbsp;&nbsp;&nbsp;&rArr;&nbsp;&nbsp;&nbsp;<a href="#[6]">HardFault_Handler</a><BR>
 <LI><a href="#[7]">MemManage_Handler</a>&nbsp;&nbsp;&nbsp;&rArr;&nbsp;&nbsp;&nbsp;<a href="#[7]">MemManage_Handler</a><BR>
 <LI><a href="#[8]">BusFault_Handler</a>&nbsp;&nbsp;&nbsp;&rArr;&nbsp;&nbsp;&nbsp;<a href="#[8]">BusFault_Handler</a><BR>
 <LI><a href="#[9]">UsageFault_Handler</a>&nbsp;&nbsp;&nbsp;&rArr;&nbsp;&nbsp;&nbsp;<a href="#[9]">UsageFault_Handler</a><BR>
 <LI><a href="#[a]">SVC_Handler</a>&nbsp;&nbsp;&nbsp;&rArr;&nbsp;&nbsp;&nbsp;<a href="#[a]">SVC_Handler</a><BR>
 <LI><a href="#[b]">DebugMon_Handler</a>&nbsp;&nbsp;&nbsp;&rArr;&nbsp;&nbsp;&nbsp;<a href="#[b]">DebugMon_Handler</a><BR>
 <LI><a href="#[c]">PendSV_Handler</a>&nbsp;&nbsp;&nbsp;&rArr;&nbsp;&nbsp;&nbsp;<a href="#[c]">PendSV_Handler</a><BR>
 <LI><a href="#[24]">ADC_IRQHandler</a>&nbsp;&nbsp;&nbsp;&rArr;&nbsp;&nbsp;&nbsp;<a href="#[24]">ADC_IRQHandler</a><BR>
 <LI><a href="#[84]">check_txa</a>&nbsp;&nbsp;&nbsp;&rArr;&nbsp;&nbsp;&nbsp;<a href="#[64]">write_errorhist</a><BR>
</UL>
<P>
<H3>
Function Pointers
</H3><UL>
 <LI><a href="#[24]">ADC_IRQHandler</a> from startup_lpc17xx.o(.ARM.__at_0x02FC) referenced from startup_lpc17xx.o(RESET)
 <LI><a href="#[25]">BOD_IRQHandler</a> from startup_lpc17xx.o(.ARM.__at_0x02FC) referenced from startup_lpc17xx.o(RESET)
 <LI><a href="#[8]">BusFault_Handler</a> from startup_lpc17xx.o(.ARM.__at_0x02FC) referenced from startup_lpc17xx.o(RESET)
 <LI><a href="#[27]">CAN_IRQHandler</a> from can.o(.text) referenced from startup_lpc17xx.o(RESET)
 <LI><a href="#[28]">DMA_IRQHandler</a> from startup_lpc17xx.o(.ARM.__at_0x02FC) referenced from startup_lpc17xx.o(RESET)
 <LI><a href="#[b]">DebugMon_Handler</a> from startup_lpc17xx.o(.ARM.__at_0x02FC) referenced from startup_lpc17xx.o(RESET)
 <LI><a href="#[20]">EINT0_IRQHandler</a> from startup_lpc17xx.o(.ARM.__at_0x02FC) referenced from startup_lpc17xx.o(RESET)
 <LI><a href="#[21]">EINT1_IRQHandler</a> from mcp2515.o(.text) referenced from startup_lpc17xx.o(RESET)
 <LI><a href="#[22]">EINT2_IRQHandler</a> from startup_lpc17xx.o(.ARM.__at_0x02FC) referenced from startup_lpc17xx.o(RESET)
 <LI><a href="#[23]">EINT3_IRQHandler</a> from pos.o(.text) referenced from startup_lpc17xx.o(RESET)
 <LI><a href="#[2a]">ENET_IRQHandler</a> from startup_lpc17xx.o(.ARM.__at_0x02FC) referenced from startup_lpc17xx.o(RESET)
 <LI><a href="#[6]">HardFault_Handler</a> from startup_lpc17xx.o(.ARM.__at_0x02FC) referenced from startup_lpc17xx.o(RESET)
 <LI><a href="#[18]">I2C0_IRQHandler</a> from startup_lpc17xx.o(.ARM.__at_0x02FC) referenced from startup_lpc17xx.o(RESET)
 <LI><a href="#[19]">I2C1_IRQHandler</a> from startup_lpc17xx.o(.ARM.__at_0x02FC) referenced from startup_lpc17xx.o(RESET)
 <LI><a href="#[1a]">I2C2_IRQHandler</a> from startup_lpc17xx.o(.ARM.__at_0x02FC) referenced from startup_lpc17xx.o(RESET)
 <LI><a href="#[29]">I2S_IRQHandler</a> from startup_lpc17xx.o(.ARM.__at_0x02FC) referenced from startup_lpc17xx.o(RESET)
 <LI><a href="#[2c]">MCPWM_IRQHandler</a> from startup_lpc17xx.o(.ARM.__at_0x02FC) referenced from startup_lpc17xx.o(RESET)
 <LI><a href="#[7]">MemManage_Handler</a> from startup_lpc17xx.o(.ARM.__at_0x02FC) referenced from startup_lpc17xx.o(RESET)
 <LI><a href="#[5]">NMI_Handler</a> from startup_lpc17xx.o(.ARM.__at_0x02FC) referenced from startup_lpc17xx.o(RESET)
 <LI><a href="#[1e]">PLL0_IRQHandler</a> from startup_lpc17xx.o(.ARM.__at_0x02FC) referenced from startup_lpc17xx.o(RESET)
 <LI><a href="#[2e]">PLL1_IRQHandler</a> from startup_lpc17xx.o(.ARM.__at_0x02FC) referenced from startup_lpc17xx.o(RESET)
 <LI><a href="#[17]">PWM1_IRQHandler</a> from startup_lpc17xx.o(.ARM.__at_0x02FC) referenced from startup_lpc17xx.o(RESET)
 <LI><a href="#[c]">PendSV_Handler</a> from startup_lpc17xx.o(.ARM.__at_0x02FC) referenced from startup_lpc17xx.o(RESET)
 <LI><a href="#[2d]">QEI_IRQHandler</a> from startup_lpc17xx.o(.ARM.__at_0x02FC) referenced from startup_lpc17xx.o(RESET)
 <LI><a href="#[2b]">RIT_IRQHandler</a> from startup_lpc17xx.o(.ARM.__at_0x02FC) referenced from startup_lpc17xx.o(RESET)
 <LI><a href="#[1f]">RTC_IRQHandler</a> from startup_lpc17xx.o(.ARM.__at_0x02FC) referenced from startup_lpc17xx.o(RESET)
 <LI><a href="#[4]">Reset_Handler</a> from startup_lpc17xx.o(.ARM.__at_0x02FC) referenced from startup_lpc17xx.o(RESET)
 <LI><a href="#[1b]">SPI_IRQHandler</a> from startup_lpc17xx.o(.ARM.__at_0x02FC) referenced from startup_lpc17xx.o(RESET)
 <LI><a href="#[1c]">SSP0_IRQHandler</a> from startup_lpc17xx.o(.ARM.__at_0x02FC) referenced from startup_lpc17xx.o(RESET)
 <LI><a href="#[1d]">SSP1_IRQHandler</a> from startup_lpc17xx.o(.ARM.__at_0x02FC) referenced from startup_lpc17xx.o(RESET)
 <LI><a href="#[a]">SVC_Handler</a> from startup_lpc17xx.o(.ARM.__at_0x02FC) referenced from startup_lpc17xx.o(RESET)
 <LI><a href="#[d]">SysTick_Handler</a> from eeprom.o(.text) referenced from startup_lpc17xx.o(RESET)
 <LI><a href="#[f]">TIMER0_IRQHandler</a> from timer.o(.text) referenced from startup_lpc17xx.o(RESET)
 <LI><a href="#[10]">TIMER1_IRQHandler</a> from timer.o(.text) referenced from startup_lpc17xx.o(RESET)
 <LI><a href="#[11]">TIMER2_IRQHandler</a> from timer.o(.text) referenced from startup_lpc17xx.o(RESET)
 <LI><a href="#[12]">TIMER3_IRQHandler</a> from timer.o(.text) referenced from startup_lpc17xx.o(RESET)
 <LI><a href="#[13]">UART0_IRQHandler</a> from startup_lpc17xx.o(.ARM.__at_0x02FC) referenced from startup_lpc17xx.o(RESET)
 <LI><a href="#[14]">UART1_IRQHandler</a> from startup_lpc17xx.o(.ARM.__at_0x02FC) referenced from startup_lpc17xx.o(RESET)
 <LI><a href="#[15]">UART2_IRQHandler</a> from startup_lpc17xx.o(.ARM.__at_0x02FC) referenced from startup_lpc17xx.o(RESET)
 <LI><a href="#[16]">UART3_IRQHandler</a> from startup_lpc17xx.o(.ARM.__at_0x02FC) referenced from startup_lpc17xx.o(RESET)
 <LI><a href="#[26]">USB_IRQHandler</a> from startup_lpc17xx.o(.ARM.__at_0x02FC) referenced from startup_lpc17xx.o(RESET)
 <LI><a href="#[9]">UsageFault_Handler</a> from startup_lpc17xx.o(.ARM.__at_0x02FC) referenced from startup_lpc17xx.o(RESET)
 <LI><a href="#[e]">WDT_IRQHandler</a> from startup_lpc17xx.o(.ARM.__at_0x02FC) referenced from startup_lpc17xx.o(RESET)
 <LI><a href="#[37]">__main</a> from __main.o(!!!main) referenced from startup_lpc17xx.o(.ARM.__at_0x02FC)
 <LI><a href="#[36]">_get_lc_ctype</a> from lc_ctype_c.o(locale$$code) referenced from rt_ctype_table.o(.text)
 <LI><a href="#[33]">_printf_input_char</a> from _printf_char_common.o(.text) referenced from _printf_char_common.o(.text)
 <LI><a href="#[32]">_sbackspace</a> from _sgetc.o(.text) referenced from __0sscanf.o(.text)
 <LI><a href="#[34]">_scanf_char_input</a> from scanf_char.o(.text) referenced from scanf_char.o(.text)
 <LI><a href="#[31]">_sgetc</a> from _sgetc.o(.text) referenced from __0sscanf.o(.text)
 <LI><a href="#[30]">_sputc</a> from _sputc.o(.text) referenced from __2sprintf.o(.text)
 <LI><a href="#[35]">isspace</a> from isspace.o(.text) referenced from scanf_char.o(.text)
</UL>
<P>
<H3>
Global Symbols
</H3>
<P><STRONG><a name="[37]"></a>__main</STRONG> (Thumb, 8 bytes, Stack size 0 bytes, __main.o(!!!main))
<BR><BR>[Calls]<UL><LI><a href="#[3a]">&gt;&gt;</a>&nbsp;&nbsp;&nbsp;__rt_entry
<LI><a href="#[39]">&gt;&gt;</a>&nbsp;&nbsp;&nbsp;__scatterload
</UL>

<P><STRONG><a name="[39]"></a>__scatterload</STRONG> (Thumb, 0 bytes, Stack size unknown bytes, __scatter.o(!!!scatter))
<BR><BR>[Called By]<UL><LI><a href="#[37]">&gt;&gt;</a>&nbsp;&nbsp;&nbsp;__main
</UL>

<P><STRONG><a name="[3b]"></a>__scatterload_rt2</STRONG> (Thumb, 44 bytes, Stack size unknown bytes, __scatter.o(!!!scatter), UNUSED)
<BR><BR>[Calls]<UL><LI><a href="#[3a]">&gt;&gt;</a>&nbsp;&nbsp;&nbsp;__rt_entry
</UL>

<P><STRONG><a name="[19f]"></a>__scatterload_rt2_thumb_only</STRONG> (Thumb, 0 bytes, Stack size unknown bytes, __scatter.o(!!!scatter), UNUSED)

<P><STRONG><a name="[1a0]"></a>__scatterload_null</STRONG> (Thumb, 0 bytes, Stack size unknown bytes, __scatter.o(!!!scatter), UNUSED)

<P><STRONG><a name="[1a1]"></a>__decompress</STRONG> (Thumb, 90 bytes, Stack size unknown bytes, __dczerorl2.o(!!dczerorl2), UNUSED)

<P><STRONG><a name="[1a2]"></a>__decompress1</STRONG> (Thumb, 0 bytes, Stack size unknown bytes, __dczerorl2.o(!!dczerorl2), UNUSED)

<P><STRONG><a name="[1a3]"></a>__scatterload_zeroinit</STRONG> (Thumb, 28 bytes, Stack size unknown bytes, __scatter_zi.o(!!handler_zi), UNUSED)

<P><STRONG><a name="[3c]"></a>_printf_f</STRONG> (Thumb, 0 bytes, Stack size unknown bytes, _printf_f.o(.ARM.Collect$$_printf_percent$$00000003))
<BR><BR>[Stack]<UL><LI>Max Depth = 324 + Unknown Stack Size
<LI>Call Chain = _printf_f &rArr; _printf_fp_dec &rArr; _printf_fp_dec_real &rArr; _fp_digits &rArr; _btod_etento &rArr; _btod_emul &rArr; _e2e
</UL>
<BR>[Calls]<UL><LI><a href="#[3d]">&gt;&gt;</a>&nbsp;&nbsp;&nbsp;_printf_fp_dec
</UL>

<P><STRONG><a name="[174]"></a>_printf_percent</STRONG> (Thumb, 0 bytes, Stack size unknown bytes, _printf_percent.o(.ARM.Collect$$_printf_percent$$00000000))
<BR><BR>[Called By]<UL><LI><a href="#[172]">&gt;&gt;</a>&nbsp;&nbsp;&nbsp;__printf
</UL>

<P><STRONG><a name="[3e]"></a>_printf_d</STRONG> (Thumb, 0 bytes, Stack size unknown bytes, _printf_d.o(.ARM.Collect$$_printf_percent$$00000009))
<BR><BR>[Stack]<UL><LI>Max Depth = 72 + Unknown Stack Size
<LI>Call Chain = _printf_d &rArr; _printf_int_dec &rArr; _printf_int_common &rArr; _printf_post_padding
</UL>
<BR>[Calls]<UL><LI><a href="#[3f]">&gt;&gt;</a>&nbsp;&nbsp;&nbsp;_printf_int_dec
</UL>

<P><STRONG><a name="[40]"></a>_printf_u</STRONG> (Thumb, 0 bytes, Stack size unknown bytes, _printf_u.o(.ARM.Collect$$_printf_percent$$0000000A))
<BR><BR>[Stack]<UL><LI>Max Depth = 72 + Unknown Stack Size
<LI>Call Chain = _printf_u &rArr; _printf_int_dec &rArr; _printf_int_common &rArr; _printf_post_padding
</UL>
<BR>[Calls]<UL><LI><a href="#[3f]">&gt;&gt;</a>&nbsp;&nbsp;&nbsp;_printf_int_dec
</UL>

<P><STRONG><a name="[41]"></a>_printf_x</STRONG> (Thumb, 0 bytes, Stack size unknown bytes, _printf_x.o(.ARM.Collect$$_printf_percent$$0000000C))
<BR><BR>[Stack]<UL><LI>Max Depth = 64 + Unknown Stack Size
<LI>Call Chain = _printf_x &rArr; _printf_int_hex &rArr; _printf_int_common &rArr; _printf_post_padding
</UL>
<BR>[Calls]<UL><LI><a href="#[42]">&gt;&gt;</a>&nbsp;&nbsp;&nbsp;_printf_int_hex
</UL>

<P><STRONG><a name="[43]"></a>_printf_c</STRONG> (Thumb, 0 bytes, Stack size unknown bytes, _printf_c.o(.ARM.Collect$$_printf_percent$$00000013))
<BR><BR>[Stack]<UL><LI>Max Depth = 40 + Unknown Stack Size
<LI>Call Chain = _printf_c &rArr; _printf_char &rArr; _printf_cs_common &rArr; _printf_str &rArr; _printf_post_padding
</UL>
<BR>[Calls]<UL><LI><a href="#[44]">&gt;&gt;</a>&nbsp;&nbsp;&nbsp;_printf_char
</UL>

<P><STRONG><a name="[45]"></a>_printf_s</STRONG> (Thumb, 0 bytes, Stack size unknown bytes, _printf_s.o(.ARM.Collect$$_printf_percent$$00000014))
<BR><BR>[Stack]<UL><LI>Max Depth = 40 + Unknown Stack Size
<LI>Call Chain = _printf_s &rArr; _printf_string &rArr; _printf_cs_common &rArr; _printf_str &rArr; _printf_post_padding
</UL>
<BR>[Calls]<UL><LI><a href="#[46]">&gt;&gt;</a>&nbsp;&nbsp;&nbsp;_printf_string
</UL>

<P><STRONG><a name="[1a4]"></a>_printf_percent_end</STRONG> (Thumb, 0 bytes, Stack size unknown bytes, _printf_percent_end.o(.ARM.Collect$$_printf_percent$$00000017))

<P><STRONG><a name="[4f]"></a>__rt_lib_init</STRONG> (Thumb, 0 bytes, Stack size unknown bytes, libinit.o(.ARM.Collect$$libinit$$00000000))
<BR><BR>[Called By]<UL><LI><a href="#[4e]">&gt;&gt;</a>&nbsp;&nbsp;&nbsp;__rt_entry_li
</UL>

<P><STRONG><a name="[1a5]"></a>__rt_lib_init_fp_1</STRONG> (Thumb, 0 bytes, Stack size unknown bytes, libinit2.o(.ARM.Collect$$libinit$$00000002))

<P><STRONG><a name="[1a6]"></a>__rt_lib_init_heap_1</STRONG> (Thumb, 0 bytes, Stack size unknown bytes, libinit2.o(.ARM.Collect$$libinit$$0000000A))

<P><STRONG><a name="[47]"></a>__rt_lib_init_lc_common</STRONG> (Thumb, 0 bytes, Stack size unknown bytes, libinit2.o(.ARM.Collect$$libinit$$0000000F))
<BR><BR>[Calls]<UL><LI><a href="#[48]">&gt;&gt;</a>&nbsp;&nbsp;&nbsp;__rt_locale
</UL>

<P><STRONG><a name="[1a7]"></a>__rt_lib_init_preinit_1</STRONG> (Thumb, 0 bytes, Stack size unknown bytes, libinit2.o(.ARM.Collect$$libinit$$00000004))

<P><STRONG><a name="[1a8]"></a>__rt_lib_init_rand_1</STRONG> (Thumb, 0 bytes, Stack size unknown bytes, libinit2.o(.ARM.Collect$$libinit$$0000000E))

<P><STRONG><a name="[1a9]"></a>__rt_lib_init_user_alloc_1</STRONG> (Thumb, 0 bytes, Stack size unknown bytes, libinit2.o(.ARM.Collect$$libinit$$0000000C))

<P><STRONG><a name="[1aa]"></a>__rt_lib_init_lc_collate_1</STRONG> (Thumb, 0 bytes, Stack size unknown bytes, libinit2.o(.ARM.Collect$$libinit$$00000011))

<P><STRONG><a name="[49]"></a>__rt_lib_init_lc_ctype_2</STRONG> (Thumb, 0 bytes, Stack size unknown bytes, libinit2.o(.ARM.Collect$$libinit$$00000012))
<BR><BR>[Stack]<UL><LI>Max Depth = 8 + Unknown Stack Size
<LI>Call Chain = __rt_lib_init_lc_ctype_2 &rArr; _get_lc_ctype
</UL>
<BR>[Calls]<UL><LI><a href="#[36]">&gt;&gt;</a>&nbsp;&nbsp;&nbsp;_get_lc_ctype
</UL>

<P><STRONG><a name="[1ab]"></a>__rt_lib_init_lc_ctype_1</STRONG> (Thumb, 0 bytes, Stack size unknown bytes, libinit2.o(.ARM.Collect$$libinit$$00000013))

<P><STRONG><a name="[1ac]"></a>__rt_lib_init_lc_monetary_1</STRONG> (Thumb, 0 bytes, Stack size unknown bytes, libinit2.o(.ARM.Collect$$libinit$$00000015))

<P><STRONG><a name="[4a]"></a>__rt_lib_init_lc_numeric_2</STRONG> (Thumb, 0 bytes, Stack size unknown bytes, libinit2.o(.ARM.Collect$$libinit$$00000016))
<BR><BR>[Stack]<UL><LI>Max Depth = 8 + Unknown Stack Size
<LI>Call Chain = __rt_lib_init_lc_numeric_2 &rArr; _get_lc_numeric
</UL>
<BR>[Calls]<UL><LI><a href="#[4b]">&gt;&gt;</a>&nbsp;&nbsp;&nbsp;_get_lc_numeric
</UL>

<P><STRONG><a name="[1ad]"></a>__rt_lib_init_alloca_1</STRONG> (Thumb, 0 bytes, Stack size unknown bytes, libinit2.o(.ARM.Collect$$libinit$$0000002E))

<P><STRONG><a name="[1ae]"></a>__rt_lib_init_argv_1</STRONG> (Thumb, 0 bytes, Stack size unknown bytes, libinit2.o(.ARM.Collect$$libinit$$0000002C))

<P><STRONG><a name="[1af]"></a>__rt_lib_init_atexit_1</STRONG> (Thumb, 0 bytes, Stack size unknown bytes, libinit2.o(.ARM.Collect$$libinit$$0000001B))

<P><STRONG><a name="[1b0]"></a>__rt_lib_init_clock_1</STRONG> (Thumb, 0 bytes, Stack size unknown bytes, libinit2.o(.ARM.Collect$$libinit$$00000021))

<P><STRONG><a name="[1b1]"></a>__rt_lib_init_cpp_1</STRONG> (Thumb, 0 bytes, Stack size unknown bytes, libinit2.o(.ARM.Collect$$libinit$$00000032))

<P><STRONG><a name="[1b2]"></a>__rt_lib_init_exceptions_1</STRONG> (Thumb, 0 bytes, Stack size unknown bytes, libinit2.o(.ARM.Collect$$libinit$$00000030))

<P><STRONG><a name="[1b3]"></a>__rt_lib_init_fp_trap_1</STRONG> (Thumb, 0 bytes, Stack size unknown bytes, libinit2.o(.ARM.Collect$$libinit$$0000001F))

<P><STRONG><a name="[1b4]"></a>__rt_lib_init_getenv_1</STRONG> (Thumb, 0 bytes, Stack size unknown bytes, libinit2.o(.ARM.Collect$$libinit$$00000023))

<P><STRONG><a name="[1b5]"></a>__rt_lib_init_lc_numeric_1</STRONG> (Thumb, 0 bytes, Stack size unknown bytes, libinit2.o(.ARM.Collect$$libinit$$00000017))

<P><STRONG><a name="[1b6]"></a>__rt_lib_init_lc_time_1</STRONG> (Thumb, 0 bytes, Stack size unknown bytes, libinit2.o(.ARM.Collect$$libinit$$00000019))

<P><STRONG><a name="[1b7]"></a>__rt_lib_init_return</STRONG> (Thumb, 0 bytes, Stack size unknown bytes, libinit2.o(.ARM.Collect$$libinit$$00000033))

<P><STRONG><a name="[1b8]"></a>__rt_lib_init_signal_1</STRONG> (Thumb, 0 bytes, Stack size unknown bytes, libinit2.o(.ARM.Collect$$libinit$$0000001D))

<P><STRONG><a name="[1b9]"></a>__rt_lib_init_stdio_1</STRONG> (Thumb, 0 bytes, Stack size unknown bytes, libinit2.o(.ARM.Collect$$libinit$$00000025))

<P><STRONG><a name="[54]"></a>__rt_lib_shutdown</STRONG> (Thumb, 0 bytes, Stack size unknown bytes, libshutdown.o(.ARM.Collect$$libshutdown$$00000000))
<BR><BR>[Called By]<UL><LI><a href="#[53]">&gt;&gt;</a>&nbsp;&nbsp;&nbsp;__rt_exit_ls
</UL>

<P><STRONG><a name="[1ba]"></a>__rt_lib_shutdown_cpp_1</STRONG> (Thumb, 0 bytes, Stack size unknown bytes, libshutdown2.o(.ARM.Collect$$libshutdown$$00000004))

<P><STRONG><a name="[1bb]"></a>__rt_lib_shutdown_fini_1</STRONG> (Thumb, 0 bytes, Stack size unknown bytes, libshutdown2.o(.ARM.Collect$$libshutdown$$00000002))

<P><STRONG><a name="[1bc]"></a>__rt_lib_shutdown_fp_trap_1</STRONG> (Thumb, 0 bytes, Stack size unknown bytes, libshutdown2.o(.ARM.Collect$$libshutdown$$00000009))

<P><STRONG><a name="[1bd]"></a>__rt_lib_shutdown_heap_1</STRONG> (Thumb, 0 bytes, Stack size unknown bytes, libshutdown2.o(.ARM.Collect$$libshutdown$$00000011))

<P><STRONG><a name="[1be]"></a>__rt_lib_shutdown_return</STRONG> (Thumb, 0 bytes, Stack size unknown bytes, libshutdown2.o(.ARM.Collect$$libshutdown$$00000012))

<P><STRONG><a name="[1bf]"></a>__rt_lib_shutdown_signal_1</STRONG> (Thumb, 0 bytes, Stack size unknown bytes, libshutdown2.o(.ARM.Collect$$libshutdown$$0000000C))

<P><STRONG><a name="[1c0]"></a>__rt_lib_shutdown_stdio_1</STRONG> (Thumb, 0 bytes, Stack size unknown bytes, libshutdown2.o(.ARM.Collect$$libshutdown$$00000006))

<P><STRONG><a name="[1c1]"></a>__rt_lib_shutdown_user_alloc_1</STRONG> (Thumb, 0 bytes, Stack size unknown bytes, libshutdown2.o(.ARM.Collect$$libshutdown$$0000000E))

<P><STRONG><a name="[3a]"></a>__rt_entry</STRONG> (Thumb, 0 bytes, Stack size unknown bytes, __rtentry.o(.ARM.Collect$$rtentry$$00000000))
<BR><BR>[Called By]<UL><LI><a href="#[37]">&gt;&gt;</a>&nbsp;&nbsp;&nbsp;__main
<LI><a href="#[3b]">&gt;&gt;</a>&nbsp;&nbsp;&nbsp;__scatterload_rt2
</UL>

<P><STRONG><a name="[1c2]"></a>__rt_entry_presh_1</STRONG> (Thumb, 0 bytes, Stack size unknown bytes, __rtentry2.o(.ARM.Collect$$rtentry$$00000002))

<P><STRONG><a name="[4c]"></a>__rt_entry_sh</STRONG> (Thumb, 0 bytes, Stack size unknown bytes, __rtentry4.o(.ARM.Collect$$rtentry$$00000004))
<BR><BR>[Stack]<UL><LI>Max Depth = 8 + Unknown Stack Size
<LI>Call Chain = __rt_entry_sh &rArr; __user_setup_stackheap
</UL>
<BR>[Calls]<UL><LI><a href="#[4d]">&gt;&gt;</a>&nbsp;&nbsp;&nbsp;__user_setup_stackheap
</UL>

<P><STRONG><a name="[4e]"></a>__rt_entry_li</STRONG> (Thumb, 0 bytes, Stack size unknown bytes, __rtentry2.o(.ARM.Collect$$rtentry$$0000000A))
<BR><BR>[Calls]<UL><LI><a href="#[4f]">&gt;&gt;</a>&nbsp;&nbsp;&nbsp;__rt_lib_init
</UL>

<P><STRONG><a name="[1c3]"></a>__rt_entry_postsh_1</STRONG> (Thumb, 0 bytes, Stack size unknown bytes, __rtentry2.o(.ARM.Collect$$rtentry$$00000009))

<P><STRONG><a name="[50]"></a>__rt_entry_main</STRONG> (Thumb, 0 bytes, Stack size unknown bytes, __rtentry2.o(.ARM.Collect$$rtentry$$0000000D))
<BR><BR>[Stack]<UL><LI>Max Depth = 480 + Unknown Stack Size
<LI>Call Chain = __rt_entry_main &rArr; main &rArr; standstill_state &rArr; cycle &rArr; ese &rArr; handle_input &rArr; cancel_other_landing_call &rArr; set_out &rArr; set_out_c &rArr; check_txc &rArr; write_errorhist &rArr; transmit_emergency &rArr; WriteCanA
</UL>
<BR>[Calls]<UL><LI><a href="#[51]">&gt;&gt;</a>&nbsp;&nbsp;&nbsp;main
<LI><a href="#[52]">&gt;&gt;</a>&nbsp;&nbsp;&nbsp;exit
</UL>

<P><STRONG><a name="[1c4]"></a>__rt_entry_postli_1</STRONG> (Thumb, 0 bytes, Stack size unknown bytes, __rtentry2.o(.ARM.Collect$$rtentry$$0000000C))

<P><STRONG><a name="[18a]"></a>__rt_exit</STRONG> (Thumb, 0 bytes, Stack size unknown bytes, rtexit.o(.ARM.Collect$$rtexit$$00000000))
<BR><BR>[Called By]<UL><LI><a href="#[52]">&gt;&gt;</a>&nbsp;&nbsp;&nbsp;exit
</UL>

<P><STRONG><a name="[53]"></a>__rt_exit_ls</STRONG> (Thumb, 0 bytes, Stack size unknown bytes, rtexit2.o(.ARM.Collect$$rtexit$$00000003))
<BR><BR>[Calls]<UL><LI><a href="#[54]">&gt;&gt;</a>&nbsp;&nbsp;&nbsp;__rt_lib_shutdown
</UL>

<P><STRONG><a name="[1c5]"></a>__rt_exit_prels_1</STRONG> (Thumb, 0 bytes, Stack size unknown bytes, rtexit2.o(.ARM.Collect$$rtexit$$00000002))

<P><STRONG><a name="[55]"></a>__rt_exit_exit</STRONG> (Thumb, 0 bytes, Stack size unknown bytes, rtexit2.o(.ARM.Collect$$rtexit$$00000004))
<BR><BR>[Calls]<UL><LI><a href="#[56]">&gt;&gt;</a>&nbsp;&nbsp;&nbsp;_sys_exit
</UL>

<P><STRONG><a name="[cb]"></a>DisableIrq</STRONG> (Thumb, 8 bytes, Stack size 0 bytes, main.o(.emb_text))
<BR><BR>[Called By]<UL><LI><a href="#[5b]">&gt;&gt;</a>&nbsp;&nbsp;&nbsp;cycle
<LI><a href="#[148]">&gt;&gt;</a>&nbsp;&nbsp;&nbsp;menu
<LI><a href="#[135]">&gt;&gt;</a>&nbsp;&nbsp;&nbsp;VerifyChecksum
<LI><a href="#[131]">&gt;&gt;</a>&nbsp;&nbsp;&nbsp;InitVariables
<LI><a href="#[dc]">&gt;&gt;</a>&nbsp;&nbsp;&nbsp;WriteEEData
</UL>

<P><STRONG><a name="[dd]"></a>EnableIrq</STRONG> (Thumb, 8 bytes, Stack size 0 bytes, main.o(.emb_text))
<BR><BR>[Called By]<UL><LI><a href="#[135]">&gt;&gt;</a>&nbsp;&nbsp;&nbsp;VerifyChecksum
<LI><a href="#[131]">&gt;&gt;</a>&nbsp;&nbsp;&nbsp;InitVariables
<LI><a href="#[dc]">&gt;&gt;</a>&nbsp;&nbsp;&nbsp;WriteEEData
</UL>

<P><STRONG><a name="[1c6]"></a>__WFI</STRONG> (Thumb, 8 bytes, Stack size 0 bytes, main.o(.emb_text), UNUSED)

<P><STRONG><a name="[1c7]"></a>__GoToUpgrade</STRONG> (Thumb, 2 bytes, Stack size 0 bytes, main.o(.emb_text), UNUSED)

<P><STRONG><a name="[57]"></a>door_open_state</STRONG> (Thumb, 192 bytes, Stack size 40 bytes, door_op.o(.text))
<BR><BR>[Stack]<UL><LI>Max Depth = 368 + Unknown Stack Size
<LI>Call Chain = door_open_state &rArr; cycle &rArr; ese &rArr; handle_input &rArr; cancel_other_landing_call &rArr; set_out &rArr; set_out_c &rArr; check_txc &rArr; write_errorhist &rArr; transmit_emergency &rArr; WriteCanA
</UL>
<BR>[Calls]<UL><LI><a href="#[59]">&gt;&gt;</a>&nbsp;&nbsp;&nbsp;clear_groupcall
<LI><a href="#[5c]">&gt;&gt;</a>&nbsp;&nbsp;&nbsp;set_state
<LI><a href="#[58]">&gt;&gt;</a>&nbsp;&nbsp;&nbsp;send_hse_state
<LI><a href="#[5f]">&gt;&gt;</a>&nbsp;&nbsp;&nbsp;fan_on
<LI><a href="#[5a]">&gt;&gt;</a>&nbsp;&nbsp;&nbsp;emergency_stop
<LI><a href="#[5d]">&gt;&gt;</a>&nbsp;&nbsp;&nbsp;door_command
<LI><a href="#[5b]">&gt;&gt;</a>&nbsp;&nbsp;&nbsp;cycle
<LI><a href="#[5e]">&gt;&gt;</a>&nbsp;&nbsp;&nbsp;clearcalls
</UL>
<BR>[Called By]<UL><LI><a href="#[51]">&gt;&gt;</a>&nbsp;&nbsp;&nbsp;main
</UL>

<P><STRONG><a name="[1c8]"></a>__use_two_region_memory</STRONG> (Thumb, 2 bytes, Stack size 0 bytes, heapauxi.o(.text), UNUSED)

<P><STRONG><a name="[1c9]"></a>__rt_heap_escrow$2region</STRONG> (Thumb, 2 bytes, Stack size 0 bytes, heapauxi.o(.text), UNUSED)

<P><STRONG><a name="[1ca]"></a>__rt_heap_expand$2region</STRONG> (Thumb, 2 bytes, Stack size 0 bytes, heapauxi.o(.text), UNUSED)

<P><STRONG><a name="[1cb]"></a>__I$use$semihosting</STRONG> (Thumb, 0 bytes, Stack size 0 bytes, use_no_semi.o(.text), UNUSED)

<P><STRONG><a name="[1cc]"></a>__use_no_semihosting_swi</STRONG> (Thumb, 2 bytes, Stack size 0 bytes, use_no_semi.o(.text), UNUSED)

<P><STRONG><a name="[4]"></a>Reset_Handler</STRONG> (Thumb, 4 bytes, Stack size 0 bytes, startup_lpc17xx.o(.ARM.__at_0x02FC))
<BR>[Address Reference Count : 1]<UL><LI> startup_lpc17xx.o(RESET)
</UL>
<P><STRONG><a name="[5]"></a>NMI_Handler</STRONG> (Thumb, 2 bytes, Stack size 0 bytes, startup_lpc17xx.o(.ARM.__at_0x02FC))
<BR><BR>[Calls]<UL><LI><a href="#[5]">&gt;&gt;</a>&nbsp;&nbsp;&nbsp;NMI_Handler
</UL>
<BR>[Called By]<UL><LI><a href="#[5]">&gt;&gt;</a>&nbsp;&nbsp;&nbsp;NMI_Handler
</UL>
<BR>[Address Reference Count : 1]<UL><LI> startup_lpc17xx.o(RESET)
</UL>
<P><STRONG><a name="[6]"></a>HardFault_Handler</STRONG> (Thumb, 2 bytes, Stack size 0 bytes, startup_lpc17xx.o(.ARM.__at_0x02FC))
<BR><BR>[Calls]<UL><LI><a href="#[6]">&gt;&gt;</a>&nbsp;&nbsp;&nbsp;HardFault_Handler
</UL>
<BR>[Called By]<UL><LI><a href="#[6]">&gt;&gt;</a>&nbsp;&nbsp;&nbsp;HardFault_Handler
</UL>
<BR>[Address Reference Count : 1]<UL><LI> startup_lpc17xx.o(RESET)
</UL>
<P><STRONG><a name="[7]"></a>MemManage_Handler</STRONG> (Thumb, 2 bytes, Stack size 0 bytes, startup_lpc17xx.o(.ARM.__at_0x02FC))
<BR><BR>[Calls]<UL><LI><a href="#[7]">&gt;&gt;</a>&nbsp;&nbsp;&nbsp;MemManage_Handler
</UL>
<BR>[Called By]<UL><LI><a href="#[7]">&gt;&gt;</a>&nbsp;&nbsp;&nbsp;MemManage_Handler
</UL>
<BR>[Address Reference Count : 1]<UL><LI> startup_lpc17xx.o(RESET)
</UL>
<P><STRONG><a name="[8]"></a>BusFault_Handler</STRONG> (Thumb, 2 bytes, Stack size 0 bytes, startup_lpc17xx.o(.ARM.__at_0x02FC))
<BR><BR>[Calls]<UL><LI><a href="#[8]">&gt;&gt;</a>&nbsp;&nbsp;&nbsp;BusFault_Handler
</UL>
<BR>[Called By]<UL><LI><a href="#[8]">&gt;&gt;</a>&nbsp;&nbsp;&nbsp;BusFault_Handler
</UL>
<BR>[Address Reference Count : 1]<UL><LI> startup_lpc17xx.o(RESET)
</UL>
<P><STRONG><a name="[9]"></a>UsageFault_Handler</STRONG> (Thumb, 2 bytes, Stack size 0 bytes, startup_lpc17xx.o(.ARM.__at_0x02FC))
<BR><BR>[Calls]<UL><LI><a href="#[9]">&gt;&gt;</a>&nbsp;&nbsp;&nbsp;UsageFault_Handler
</UL>
<BR>[Called By]<UL><LI><a href="#[9]">&gt;&gt;</a>&nbsp;&nbsp;&nbsp;UsageFault_Handler
</UL>
<BR>[Address Reference Count : 1]<UL><LI> startup_lpc17xx.o(RESET)
</UL>
<P><STRONG><a name="[a]"></a>SVC_Handler</STRONG> (Thumb, 2 bytes, Stack size 0 bytes, startup_lpc17xx.o(.ARM.__at_0x02FC))
<BR><BR>[Calls]<UL><LI><a href="#[a]">&gt;&gt;</a>&nbsp;&nbsp;&nbsp;SVC_Handler
</UL>
<BR>[Called By]<UL><LI><a href="#[a]">&gt;&gt;</a>&nbsp;&nbsp;&nbsp;SVC_Handler
</UL>
<BR>[Address Reference Count : 1]<UL><LI> startup_lpc17xx.o(RESET)
</UL>
<P><STRONG><a name="[b]"></a>DebugMon_Handler</STRONG> (Thumb, 2 bytes, Stack size 0 bytes, startup_lpc17xx.o(.ARM.__at_0x02FC))
<BR><BR>[Calls]<UL><LI><a href="#[b]">&gt;&gt;</a>&nbsp;&nbsp;&nbsp;DebugMon_Handler
</UL>
<BR>[Called By]<UL><LI><a href="#[b]">&gt;&gt;</a>&nbsp;&nbsp;&nbsp;DebugMon_Handler
</UL>
<BR>[Address Reference Count : 1]<UL><LI> startup_lpc17xx.o(RESET)
</UL>
<P><STRONG><a name="[c]"></a>PendSV_Handler</STRONG> (Thumb, 2 bytes, Stack size 0 bytes, startup_lpc17xx.o(.ARM.__at_0x02FC))
<BR><BR>[Calls]<UL><LI><a href="#[c]">&gt;&gt;</a>&nbsp;&nbsp;&nbsp;PendSV_Handler
</UL>
<BR>[Called By]<UL><LI><a href="#[c]">&gt;&gt;</a>&nbsp;&nbsp;&nbsp;PendSV_Handler
</UL>
<BR>[Address Reference Count : 1]<UL><LI> startup_lpc17xx.o(RESET)
</UL>
<P><STRONG><a name="[24]"></a>ADC_IRQHandler</STRONG> (Thumb, 0 bytes, Stack size 0 bytes, startup_lpc17xx.o(.ARM.__at_0x02FC))
<BR><BR>[Calls]<UL><LI><a href="#[24]">&gt;&gt;</a>&nbsp;&nbsp;&nbsp;ADC_IRQHandler
</UL>
<BR>[Called By]<UL><LI><a href="#[24]">&gt;&gt;</a>&nbsp;&nbsp;&nbsp;ADC_IRQHandler
</UL>
<BR>[Address Reference Count : 1]<UL><LI> startup_lpc17xx.o(RESET)
</UL>
<P><STRONG><a name="[25]"></a>BOD_IRQHandler</STRONG> (Thumb, 0 bytes, Stack size 0 bytes, startup_lpc17xx.o(.ARM.__at_0x02FC))
<BR>[Address Reference Count : 1]<UL><LI> startup_lpc17xx.o(RESET)
</UL>
<P><STRONG><a name="[28]"></a>DMA_IRQHandler</STRONG> (Thumb, 0 bytes, Stack size 0 bytes, startup_lpc17xx.o(.ARM.__at_0x02FC))
<BR>[Address Reference Count : 1]<UL><LI> startup_lpc17xx.o(RESET)
</UL>
<P><STRONG><a name="[20]"></a>EINT0_IRQHandler</STRONG> (Thumb, 0 bytes, Stack size 0 bytes, startup_lpc17xx.o(.ARM.__at_0x02FC))
<BR>[Address Reference Count : 1]<UL><LI> startup_lpc17xx.o(RESET)
</UL>
<P><STRONG><a name="[22]"></a>EINT2_IRQHandler</STRONG> (Thumb, 0 bytes, Stack size 0 bytes, startup_lpc17xx.o(.ARM.__at_0x02FC))
<BR>[Address Reference Count : 1]<UL><LI> startup_lpc17xx.o(RESET)
</UL>
<P><STRONG><a name="[2a]"></a>ENET_IRQHandler</STRONG> (Thumb, 0 bytes, Stack size 0 bytes, startup_lpc17xx.o(.ARM.__at_0x02FC))
<BR>[Address Reference Count : 1]<UL><LI> startup_lpc17xx.o(RESET)
</UL>
<P><STRONG><a name="[18]"></a>I2C0_IRQHandler</STRONG> (Thumb, 0 bytes, Stack size 0 bytes, startup_lpc17xx.o(.ARM.__at_0x02FC))
<BR>[Address Reference Count : 1]<UL><LI> startup_lpc17xx.o(RESET)
</UL>
<P><STRONG><a name="[19]"></a>I2C1_IRQHandler</STRONG> (Thumb, 0 bytes, Stack size 0 bytes, startup_lpc17xx.o(.ARM.__at_0x02FC))
<BR>[Address Reference Count : 1]<UL><LI> startup_lpc17xx.o(RESET)
</UL>
<P><STRONG><a name="[1a]"></a>I2C2_IRQHandler</STRONG> (Thumb, 0 bytes, Stack size 0 bytes, startup_lpc17xx.o(.ARM.__at_0x02FC))
<BR>[Address Reference Count : 1]<UL><LI> startup_lpc17xx.o(RESET)
</UL>
<P><STRONG><a name="[29]"></a>I2S_IRQHandler</STRONG> (Thumb, 0 bytes, Stack size 0 bytes, startup_lpc17xx.o(.ARM.__at_0x02FC))
<BR>[Address Reference Count : 1]<UL><LI> startup_lpc17xx.o(RESET)
</UL>
<P><STRONG><a name="[2c]"></a>MCPWM_IRQHandler</STRONG> (Thumb, 0 bytes, Stack size 0 bytes, startup_lpc17xx.o(.ARM.__at_0x02FC))
<BR>[Address Reference Count : 1]<UL><LI> startup_lpc17xx.o(RESET)
</UL>
<P><STRONG><a name="[1e]"></a>PLL0_IRQHandler</STRONG> (Thumb, 0 bytes, Stack size 0 bytes, startup_lpc17xx.o(.ARM.__at_0x02FC))
<BR>[Address Reference Count : 1]<UL><LI> startup_lpc17xx.o(RESET)
</UL>
<P><STRONG><a name="[2e]"></a>PLL1_IRQHandler</STRONG> (Thumb, 0 bytes, Stack size 0 bytes, startup_lpc17xx.o(.ARM.__at_0x02FC))
<BR>[Address Reference Count : 1]<UL><LI> startup_lpc17xx.o(RESET)
</UL>
<P><STRONG><a name="[17]"></a>PWM1_IRQHandler</STRONG> (Thumb, 0 bytes, Stack size 0 bytes, startup_lpc17xx.o(.ARM.__at_0x02FC))
<BR>[Address Reference Count : 1]<UL><LI> startup_lpc17xx.o(RESET)
</UL>
<P><STRONG><a name="[2d]"></a>QEI_IRQHandler</STRONG> (Thumb, 0 bytes, Stack size 0 bytes, startup_lpc17xx.o(.ARM.__at_0x02FC))
<BR>[Address Reference Count : 1]<UL><LI> startup_lpc17xx.o(RESET)
</UL>
<P><STRONG><a name="[2b]"></a>RIT_IRQHandler</STRONG> (Thumb, 0 bytes, Stack size 0 bytes, startup_lpc17xx.o(.ARM.__at_0x02FC))
<BR>[Address Reference Count : 1]<UL><LI> startup_lpc17xx.o(RESET)
</UL>
<P><STRONG><a name="[1f]"></a>RTC_IRQHandler</STRONG> (Thumb, 0 bytes, Stack size 0 bytes, startup_lpc17xx.o(.ARM.__at_0x02FC))
<BR>[Address Reference Count : 1]<UL><LI> startup_lpc17xx.o(RESET)
</UL>
<P><STRONG><a name="[1b]"></a>SPI_IRQHandler</STRONG> (Thumb, 0 bytes, Stack size 0 bytes, startup_lpc17xx.o(.ARM.__at_0x02FC))
<BR>[Address Reference Count : 1]<UL><LI> startup_lpc17xx.o(RESET)
</UL>
<P><STRONG><a name="[1c]"></a>SSP0_IRQHandler</STRONG> (Thumb, 0 bytes, Stack size 0 bytes, startup_lpc17xx.o(.ARM.__at_0x02FC))
<BR>[Address Reference Count : 1]<UL><LI> startup_lpc17xx.o(RESET)
</UL>
<P><STRONG><a name="[1d]"></a>SSP1_IRQHandler</STRONG> (Thumb, 0 bytes, Stack size 0 bytes, startup_lpc17xx.o(.ARM.__at_0x02FC))
<BR>[Address Reference Count : 1]<UL><LI> startup_lpc17xx.o(RESET)
</UL>
<P><STRONG><a name="[13]"></a>UART0_IRQHandler</STRONG> (Thumb, 0 bytes, Stack size 0 bytes, startup_lpc17xx.o(.ARM.__at_0x02FC))
<BR>[Address Reference Count : 1]<UL><LI> startup_lpc17xx.o(RESET)
</UL>
<P><STRONG><a name="[14]"></a>UART1_IRQHandler</STRONG> (Thumb, 0 bytes, Stack size 0 bytes, startup_lpc17xx.o(.ARM.__at_0x02FC))
<BR>[Address Reference Count : 1]<UL><LI> startup_lpc17xx.o(RESET)
</UL>
<P><STRONG><a name="[15]"></a>UART2_IRQHandler</STRONG> (Thumb, 0 bytes, Stack size 0 bytes, startup_lpc17xx.o(.ARM.__at_0x02FC))
<BR>[Address Reference Count : 1]<UL><LI> startup_lpc17xx.o(RESET)
</UL>
<P><STRONG><a name="[16]"></a>UART3_IRQHandler</STRONG> (Thumb, 0 bytes, Stack size 0 bytes, startup_lpc17xx.o(.ARM.__at_0x02FC))
<BR>[Address Reference Count : 1]<UL><LI> startup_lpc17xx.o(RESET)
</UL>
<P><STRONG><a name="[26]"></a>USB_IRQHandler</STRONG> (Thumb, 0 bytes, Stack size 0 bytes, startup_lpc17xx.o(.ARM.__at_0x02FC))
<BR>[Address Reference Count : 1]<UL><LI> startup_lpc17xx.o(RESET)
</UL>
<P><STRONG><a name="[e]"></a>WDT_IRQHandler</STRONG> (Thumb, 0 bytes, Stack size 0 bytes, startup_lpc17xx.o(.ARM.__at_0x02FC))
<BR>[Address Reference Count : 1]<UL><LI> startup_lpc17xx.o(RESET)
</UL>
<P><STRONG><a name="[38]"></a>__user_initial_stackheap</STRONG> (Thumb, 0 bytes, Stack size unknown bytes, startup_lpc17xx.o(.ARM.__at_0x02FC))
<BR><BR>[Called By]<UL><LI><a href="#[4d]">&gt;&gt;</a>&nbsp;&nbsp;&nbsp;__user_setup_stackheap
</UL>

<P><STRONG><a name="[60]"></a>arrival_state</STRONG> (Thumb, 926 bytes, Stack size 48 bytes, arrival.o(.text))
<BR><BR>[Stack]<UL><LI>Max Depth = 376 + Unknown Stack Size
<LI>Call Chain = arrival_state &rArr; cycle &rArr; ese &rArr; handle_input &rArr; cancel_other_landing_call &rArr; set_out &rArr; set_out_c &rArr; check_txc &rArr; write_errorhist &rArr; transmit_emergency &rArr; WriteCanA
</UL>
<BR>[Calls]<UL><LI><a href="#[64]">&gt;&gt;</a>&nbsp;&nbsp;&nbsp;write_errorhist
<LI><a href="#[66]">&gt;&gt;</a>&nbsp;&nbsp;&nbsp;special_trip
<LI><a href="#[5c]">&gt;&gt;</a>&nbsp;&nbsp;&nbsp;set_state
<LI><a href="#[65]">&gt;&gt;</a>&nbsp;&nbsp;&nbsp;set_out
<LI><a href="#[58]">&gt;&gt;</a>&nbsp;&nbsp;&nbsp;send_hse_state
<LI><a href="#[63]">&gt;&gt;</a>&nbsp;&nbsp;&nbsp;get_call
<LI><a href="#[5f]">&gt;&gt;</a>&nbsp;&nbsp;&nbsp;fan_on
<LI><a href="#[5a]">&gt;&gt;</a>&nbsp;&nbsp;&nbsp;emergency_stop
<LI><a href="#[5d]">&gt;&gt;</a>&nbsp;&nbsp;&nbsp;door_command
<LI><a href="#[5b]">&gt;&gt;</a>&nbsp;&nbsp;&nbsp;cycle
<LI><a href="#[5e]">&gt;&gt;</a>&nbsp;&nbsp;&nbsp;clearcalls
<LI><a href="#[62]">&gt;&gt;</a>&nbsp;&nbsp;&nbsp;check_speed
<LI><a href="#[61]">&gt;&gt;</a>&nbsp;&nbsp;&nbsp;check_ilu_ild
</UL>
<BR>[Called By]<UL><LI><a href="#[51]">&gt;&gt;</a>&nbsp;&nbsp;&nbsp;main
</UL>

<P><STRONG><a name="[1cd]"></a>abs_val</STRONG> (Thumb, 12 bytes, Stack size 0 bytes, call.o(.text), UNUSED)

<P><STRONG><a name="[59]"></a>clear_groupcall</STRONG> (Thumb, 50 bytes, Stack size 0 bytes, call.o(.text))
<BR><BR>[Called By]<UL><LI><a href="#[da]">&gt;&gt;</a>&nbsp;&nbsp;&nbsp;drive_error_state
<LI><a href="#[57]">&gt;&gt;</a>&nbsp;&nbsp;&nbsp;door_open_state
<LI><a href="#[13b]">&gt;&gt;</a>&nbsp;&nbsp;&nbsp;wait_for_stop_state
<LI><a href="#[137]">&gt;&gt;</a>&nbsp;&nbsp;&nbsp;sc_error_state
<LI><a href="#[ee]">&gt;&gt;</a>&nbsp;&nbsp;&nbsp;hb_error_state
<LI><a href="#[e6]">&gt;&gt;</a>&nbsp;&nbsp;&nbsp;error_state
</UL>

<P><STRONG><a name="[5e]"></a>clearcalls</STRONG> (Thumb, 330 bytes, Stack size 32 bytes, call.o(.text))
<BR><BR>[Stack]<UL><LI>Max Depth = 168<LI>Call Chain = clearcalls &rArr; set_out &rArr; set_out_c &rArr; check_txc &rArr; write_errorhist &rArr; transmit_emergency &rArr; WriteCanA
</UL>
<BR>[Calls]<UL><LI><a href="#[65]">&gt;&gt;</a>&nbsp;&nbsp;&nbsp;set_out
</UL>
<BR>[Called By]<UL><LI><a href="#[da]">&gt;&gt;</a>&nbsp;&nbsp;&nbsp;drive_error_state
<LI><a href="#[d8]">&gt;&gt;</a>&nbsp;&nbsp;&nbsp;doortest_state
<LI><a href="#[57]">&gt;&gt;</a>&nbsp;&nbsp;&nbsp;door_open_state
<LI><a href="#[b6]">&gt;&gt;</a>&nbsp;&nbsp;&nbsp;set_call_priority
<LI><a href="#[b2]">&gt;&gt;</a>&nbsp;&nbsp;&nbsp;can_error_state
<LI><a href="#[88]">&gt;&gt;</a>&nbsp;&nbsp;&nbsp;handle_input
<LI><a href="#[66]">&gt;&gt;</a>&nbsp;&nbsp;&nbsp;special_trip
<LI><a href="#[63]">&gt;&gt;</a>&nbsp;&nbsp;&nbsp;get_call
<LI><a href="#[60]">&gt;&gt;</a>&nbsp;&nbsp;&nbsp;arrival_state
<LI><a href="#[136]">&gt;&gt;</a>&nbsp;&nbsp;&nbsp;terminal_state
<LI><a href="#[13e]">&gt;&gt;</a>&nbsp;&nbsp;&nbsp;teach_in_state
<LI><a href="#[13d]">&gt;&gt;</a>&nbsp;&nbsp;&nbsp;start_trip_state
<LI><a href="#[13c]">&gt;&gt;</a>&nbsp;&nbsp;&nbsp;standstill_state
<LI><a href="#[137]">&gt;&gt;</a>&nbsp;&nbsp;&nbsp;sc_error_state
<LI><a href="#[139]">&gt;&gt;</a>&nbsp;&nbsp;&nbsp;reset_trip_state
<LI><a href="#[138]">&gt;&gt;</a>&nbsp;&nbsp;&nbsp;nosetup_state
<LI><a href="#[102]">&gt;&gt;</a>&nbsp;&nbsp;&nbsp;inspection_state
<LI><a href="#[ee]">&gt;&gt;</a>&nbsp;&nbsp;&nbsp;hb_error_state
<LI><a href="#[ec]">&gt;&gt;</a>&nbsp;&nbsp;&nbsp;evacuation_state
<LI><a href="#[e6]">&gt;&gt;</a>&nbsp;&nbsp;&nbsp;error_state
<LI><a href="#[e1]">&gt;&gt;</a>&nbsp;&nbsp;&nbsp;error_relev
<LI><a href="#[e0]">&gt;&gt;</a>&nbsp;&nbsp;&nbsp;motorturn_state
<LI><a href="#[de]">&gt;&gt;</a>&nbsp;&nbsp;&nbsp;em_op_state
</UL>

<P><STRONG><a name="[67]"></a>cancel_other_landing_call</STRONG> (Thumb, 276 bytes, Stack size 48 bytes, call.o(.text))
<BR><BR>[Stack]<UL><LI>Max Depth = 184<LI>Call Chain = cancel_other_landing_call &rArr; set_out &rArr; set_out_c &rArr; check_txc &rArr; write_errorhist &rArr; transmit_emergency &rArr; WriteCanA
</UL>
<BR>[Calls]<UL><LI><a href="#[65]">&gt;&gt;</a>&nbsp;&nbsp;&nbsp;set_out
</UL>
<BR>[Called By]<UL><LI><a href="#[88]">&gt;&gt;</a>&nbsp;&nbsp;&nbsp;handle_input
</UL>

<P><STRONG><a name="[b7]"></a>number_of_calls</STRONG> (Thumb, 56 bytes, Stack size 8 bytes, call.o(.text))
<BR><BR>[Stack]<UL><LI>Max Depth = 8<LI>Call Chain = number_of_calls
</UL>
<BR>[Called By]<UL><LI><a href="#[b6]">&gt;&gt;</a>&nbsp;&nbsp;&nbsp;set_call_priority
<LI><a href="#[88]">&gt;&gt;</a>&nbsp;&nbsp;&nbsp;handle_input
<LI><a href="#[66]">&gt;&gt;</a>&nbsp;&nbsp;&nbsp;special_trip
<LI><a href="#[13c]">&gt;&gt;</a>&nbsp;&nbsp;&nbsp;standstill_state
</UL>

<P><STRONG><a name="[69]"></a>calc_calltime</STRONG> (Thumb, 234 bytes, Stack size 8 bytes, call.o(.text))
<BR><BR>[Stack]<UL><LI>Max Depth = 8<LI>Call Chain = calc_calltime
</UL>
<BR>[Called By]<UL><LI><a href="#[6f]">&gt;&gt;</a>&nbsp;&nbsp;&nbsp;car_call_act_floor
<LI><a href="#[6d]">&gt;&gt;</a>&nbsp;&nbsp;&nbsp;search_priority_call
<LI><a href="#[6c]">&gt;&gt;</a>&nbsp;&nbsp;&nbsp;priority_call_below
<LI><a href="#[6b]">&gt;&gt;</a>&nbsp;&nbsp;&nbsp;priority_call_above
<LI><a href="#[68]">&gt;&gt;</a>&nbsp;&nbsp;&nbsp;get_groupcall
</UL>

<P><STRONG><a name="[6a]"></a>compare_group</STRONG> (Thumb, 184 bytes, Stack size 12 bytes, call.o(.text))
<BR><BR>[Stack]<UL><LI>Max Depth = 12<LI>Call Chain = compare_group
</UL>
<BR>[Called By]<UL><LI><a href="#[6d]">&gt;&gt;</a>&nbsp;&nbsp;&nbsp;search_priority_call
<LI><a href="#[6c]">&gt;&gt;</a>&nbsp;&nbsp;&nbsp;priority_call_below
<LI><a href="#[6b]">&gt;&gt;</a>&nbsp;&nbsp;&nbsp;priority_call_above
<LI><a href="#[68]">&gt;&gt;</a>&nbsp;&nbsp;&nbsp;get_groupcall
</UL>

<P><STRONG><a name="[68]"></a>get_groupcall</STRONG> (Thumb, 236 bytes, Stack size 36 bytes, call.o(.text))
<BR><BR>[Stack]<UL><LI>Max Depth = 48<LI>Call Chain = get_groupcall &rArr; compare_group
</UL>
<BR>[Calls]<UL><LI><a href="#[6a]">&gt;&gt;</a>&nbsp;&nbsp;&nbsp;compare_group
<LI><a href="#[69]">&gt;&gt;</a>&nbsp;&nbsp;&nbsp;calc_calltime
</UL>
<BR>[Called By]<UL><LI><a href="#[73]">&gt;&gt;</a>&nbsp;&nbsp;&nbsp;up_call_below
<LI><a href="#[72]">&gt;&gt;</a>&nbsp;&nbsp;&nbsp;down_call_above
<LI><a href="#[71]">&gt;&gt;</a>&nbsp;&nbsp;&nbsp;down_call_below
<LI><a href="#[70]">&gt;&gt;</a>&nbsp;&nbsp;&nbsp;up_call_above
<LI><a href="#[6e]">&gt;&gt;</a>&nbsp;&nbsp;&nbsp;call_act_floor
</UL>

<P><STRONG><a name="[1ce]"></a>get_calldoor</STRONG> (Thumb, 40 bytes, Stack size 0 bytes, call.o(.text), UNUSED)

<P><STRONG><a name="[6b]"></a>priority_call_above</STRONG> (Thumb, 150 bytes, Stack size 36 bytes, call.o(.text))
<BR><BR>[Stack]<UL><LI>Max Depth = 48<LI>Call Chain = priority_call_above &rArr; compare_group
</UL>
<BR>[Calls]<UL><LI><a href="#[6a]">&gt;&gt;</a>&nbsp;&nbsp;&nbsp;compare_group
<LI><a href="#[69]">&gt;&gt;</a>&nbsp;&nbsp;&nbsp;calc_calltime
</UL>
<BR>[Called By]<UL><LI><a href="#[6d]">&gt;&gt;</a>&nbsp;&nbsp;&nbsp;search_priority_call
</UL>

<P><STRONG><a name="[6c]"></a>priority_call_below</STRONG> (Thumb, 156 bytes, Stack size 36 bytes, call.o(.text), UNUSED)
<BR><BR>[Calls]<UL><LI><a href="#[6a]">&gt;&gt;</a>&nbsp;&nbsp;&nbsp;compare_group
<LI><a href="#[69]">&gt;&gt;</a>&nbsp;&nbsp;&nbsp;calc_calltime
</UL>

<P><STRONG><a name="[6d]"></a>search_priority_call</STRONG> (Thumb, 240 bytes, Stack size 44 bytes, call.o(.text))
<BR><BR>[Stack]<UL><LI>Max Depth = 92<LI>Call Chain = search_priority_call &rArr; priority_call_above &rArr; compare_group
</UL>
<BR>[Calls]<UL><LI><a href="#[6b]">&gt;&gt;</a>&nbsp;&nbsp;&nbsp;priority_call_above
<LI><a href="#[6a]">&gt;&gt;</a>&nbsp;&nbsp;&nbsp;compare_group
<LI><a href="#[69]">&gt;&gt;</a>&nbsp;&nbsp;&nbsp;calc_calltime
</UL>
<BR>[Called By]<UL><LI><a href="#[76]">&gt;&gt;</a>&nbsp;&nbsp;&nbsp;get_moving_call
<LI><a href="#[75]">&gt;&gt;</a>&nbsp;&nbsp;&nbsp;search_call
</UL>

<P><STRONG><a name="[6e]"></a>call_act_floor</STRONG> (Thumb, 42 bytes, Stack size 4 bytes, call.o(.text))
<BR><BR>[Stack]<UL><LI>Max Depth = 52<LI>Call Chain = call_act_floor &rArr; get_groupcall &rArr; compare_group
</UL>
<BR>[Calls]<UL><LI><a href="#[68]">&gt;&gt;</a>&nbsp;&nbsp;&nbsp;get_groupcall
</UL>
<BR>[Called By]<UL><LI><a href="#[74]">&gt;&gt;</a>&nbsp;&nbsp;&nbsp;search_standard_call
</UL>

<P><STRONG><a name="[6f]"></a>car_call_act_floor</STRONG> (Thumb, 56 bytes, Stack size 4 bytes, call.o(.text))
<BR><BR>[Stack]<UL><LI>Max Depth = 12<LI>Call Chain = car_call_act_floor &rArr; calc_calltime
</UL>
<BR>[Calls]<UL><LI><a href="#[69]">&gt;&gt;</a>&nbsp;&nbsp;&nbsp;calc_calltime
</UL>
<BR>[Called By]<UL><LI><a href="#[74]">&gt;&gt;</a>&nbsp;&nbsp;&nbsp;search_standard_call
</UL>

<P><STRONG><a name="[70]"></a>up_call_above</STRONG> (Thumb, 114 bytes, Stack size 28 bytes, call.o(.text))
<BR><BR>[Stack]<UL><LI>Max Depth = 76<LI>Call Chain = up_call_above &rArr; get_groupcall &rArr; compare_group
</UL>
<BR>[Calls]<UL><LI><a href="#[68]">&gt;&gt;</a>&nbsp;&nbsp;&nbsp;get_groupcall
</UL>
<BR>[Called By]<UL><LI><a href="#[76]">&gt;&gt;</a>&nbsp;&nbsp;&nbsp;get_moving_call
<LI><a href="#[74]">&gt;&gt;</a>&nbsp;&nbsp;&nbsp;search_standard_call
</UL>

<P><STRONG><a name="[71]"></a>down_call_below</STRONG> (Thumb, 92 bytes, Stack size 32 bytes, call.o(.text))
<BR><BR>[Stack]<UL><LI>Max Depth = 80<LI>Call Chain = down_call_below &rArr; get_groupcall &rArr; compare_group
</UL>
<BR>[Calls]<UL><LI><a href="#[68]">&gt;&gt;</a>&nbsp;&nbsp;&nbsp;get_groupcall
</UL>
<BR>[Called By]<UL><LI><a href="#[76]">&gt;&gt;</a>&nbsp;&nbsp;&nbsp;get_moving_call
<LI><a href="#[74]">&gt;&gt;</a>&nbsp;&nbsp;&nbsp;search_standard_call
</UL>

<P><STRONG><a name="[72]"></a>down_call_above</STRONG> (Thumb, 74 bytes, Stack size 24 bytes, call.o(.text))
<BR><BR>[Stack]<UL><LI>Max Depth = 72<LI>Call Chain = down_call_above &rArr; get_groupcall &rArr; compare_group
</UL>
<BR>[Calls]<UL><LI><a href="#[68]">&gt;&gt;</a>&nbsp;&nbsp;&nbsp;get_groupcall
</UL>
<BR>[Called By]<UL><LI><a href="#[76]">&gt;&gt;</a>&nbsp;&nbsp;&nbsp;get_moving_call
<LI><a href="#[74]">&gt;&gt;</a>&nbsp;&nbsp;&nbsp;search_standard_call
</UL>

<P><STRONG><a name="[73]"></a>up_call_below</STRONG> (Thumb, 86 bytes, Stack size 28 bytes, call.o(.text))
<BR><BR>[Stack]<UL><LI>Max Depth = 76<LI>Call Chain = up_call_below &rArr; get_groupcall &rArr; compare_group
</UL>
<BR>[Calls]<UL><LI><a href="#[68]">&gt;&gt;</a>&nbsp;&nbsp;&nbsp;get_groupcall
</UL>
<BR>[Called By]<UL><LI><a href="#[76]">&gt;&gt;</a>&nbsp;&nbsp;&nbsp;get_moving_call
<LI><a href="#[74]">&gt;&gt;</a>&nbsp;&nbsp;&nbsp;search_standard_call
</UL>

<P><STRONG><a name="[74]"></a>search_standard_call</STRONG> (Thumb, 236 bytes, Stack size 12 bytes, call.o(.text))
<BR><BR>[Stack]<UL><LI>Max Depth = 92<LI>Call Chain = search_standard_call &rArr; down_call_below &rArr; get_groupcall &rArr; compare_group
</UL>
<BR>[Calls]<UL><LI><a href="#[73]">&gt;&gt;</a>&nbsp;&nbsp;&nbsp;up_call_below
<LI><a href="#[72]">&gt;&gt;</a>&nbsp;&nbsp;&nbsp;down_call_above
<LI><a href="#[71]">&gt;&gt;</a>&nbsp;&nbsp;&nbsp;down_call_below
<LI><a href="#[70]">&gt;&gt;</a>&nbsp;&nbsp;&nbsp;up_call_above
<LI><a href="#[6f]">&gt;&gt;</a>&nbsp;&nbsp;&nbsp;car_call_act_floor
<LI><a href="#[6e]">&gt;&gt;</a>&nbsp;&nbsp;&nbsp;call_act_floor
</UL>
<BR>[Called By]<UL><LI><a href="#[75]">&gt;&gt;</a>&nbsp;&nbsp;&nbsp;search_call
</UL>

<P><STRONG><a name="[75]"></a>search_call</STRONG> (Thumb, 124 bytes, Stack size 28 bytes, call.o(.text))
<BR><BR>[Stack]<UL><LI>Max Depth = 120<LI>Call Chain = search_call &rArr; search_standard_call &rArr; down_call_below &rArr; get_groupcall &rArr; compare_group
</UL>
<BR>[Calls]<UL><LI><a href="#[74]">&gt;&gt;</a>&nbsp;&nbsp;&nbsp;search_standard_call
<LI><a href="#[6d]">&gt;&gt;</a>&nbsp;&nbsp;&nbsp;search_priority_call
</UL>
<BR>[Called By]<UL><LI><a href="#[63]">&gt;&gt;</a>&nbsp;&nbsp;&nbsp;get_call
</UL>

<P><STRONG><a name="[63]"></a>get_call</STRONG> (Thumb, 1272 bytes, Stack size 64 bytes, call.o(.text))
<BR><BR>[Stack]<UL><LI>Max Depth = 232<LI>Call Chain = get_call &rArr; clearcalls &rArr; set_out &rArr; set_out_c &rArr; check_txc &rArr; write_errorhist &rArr; transmit_emergency &rArr; WriteCanA
</UL>
<BR>[Calls]<UL><LI><a href="#[75]">&gt;&gt;</a>&nbsp;&nbsp;&nbsp;search_call
<LI><a href="#[65]">&gt;&gt;</a>&nbsp;&nbsp;&nbsp;set_out
<LI><a href="#[5e]">&gt;&gt;</a>&nbsp;&nbsp;&nbsp;clearcalls
</UL>
<BR>[Called By]<UL><LI><a href="#[60]">&gt;&gt;</a>&nbsp;&nbsp;&nbsp;arrival_state
<LI><a href="#[13d]">&gt;&gt;</a>&nbsp;&nbsp;&nbsp;start_trip_state
<LI><a href="#[13c]">&gt;&gt;</a>&nbsp;&nbsp;&nbsp;standstill_state
</UL>

<P><STRONG><a name="[76]"></a>get_moving_call</STRONG> (Thumb, 536 bytes, Stack size 36 bytes, call.o(.text))
<BR><BR>[Stack]<UL><LI>Max Depth = 128<LI>Call Chain = get_moving_call &rArr; search_priority_call &rArr; priority_call_above &rArr; compare_group
</UL>
<BR>[Calls]<UL><LI><a href="#[73]">&gt;&gt;</a>&nbsp;&nbsp;&nbsp;up_call_below
<LI><a href="#[72]">&gt;&gt;</a>&nbsp;&nbsp;&nbsp;down_call_above
<LI><a href="#[71]">&gt;&gt;</a>&nbsp;&nbsp;&nbsp;down_call_below
<LI><a href="#[70]">&gt;&gt;</a>&nbsp;&nbsp;&nbsp;up_call_above
<LI><a href="#[6d]">&gt;&gt;</a>&nbsp;&nbsp;&nbsp;search_priority_call
</UL>
<BR>[Called By]<UL><LI><a href="#[13a]">&gt;&gt;</a>&nbsp;&nbsp;&nbsp;moving_state
</UL>

<P><STRONG><a name="[b3]"></a>init_can_a</STRONG> (Thumb, 82 bytes, Stack size 0 bytes, can.o(.text))
<BR><BR>[Called By]<UL><LI><a href="#[b2]">&gt;&gt;</a>&nbsp;&nbsp;&nbsp;can_error_state
<LI><a href="#[5b]">&gt;&gt;</a>&nbsp;&nbsp;&nbsp;cycle
<LI><a href="#[51]">&gt;&gt;</a>&nbsp;&nbsp;&nbsp;main
<LI><a href="#[130]">&gt;&gt;</a>&nbsp;&nbsp;&nbsp;LpcCanInit
</UL>

<P><STRONG><a name="[ea]"></a>init_can_b</STRONG> (Thumb, 52 bytes, Stack size 0 bytes, can.o(.text))
<BR><BR>[Called By]<UL><LI><a href="#[be]">&gt;&gt;</a>&nbsp;&nbsp;&nbsp;ese
<LI><a href="#[51]">&gt;&gt;</a>&nbsp;&nbsp;&nbsp;main
<LI><a href="#[130]">&gt;&gt;</a>&nbsp;&nbsp;&nbsp;LpcCanInit
</UL>

<P><STRONG><a name="[27]"></a>CAN_IRQHandler</STRONG> (Thumb, 2420 bytes, Stack size 40 bytes, can.o(.text))
<BR><BR>[Stack]<UL><LI>Max Depth = 104<LI>Call Chain = CAN_IRQHandler &rArr; write_errorhist &rArr; transmit_emergency &rArr; WriteCanA
</UL>
<BR>[Calls]<UL><LI><a href="#[64]">&gt;&gt;</a>&nbsp;&nbsp;&nbsp;write_errorhist
</UL>
<BR>[Address Reference Count : 1]<UL><LI> startup_lpc17xx.o(RESET)
</UL>
<P><STRONG><a name="[65]"></a>set_out</STRONG> (Thumb, 106 bytes, Stack size 32 bytes, can.o(.text))
<BR><BR>[Stack]<UL><LI>Max Depth = 136<LI>Call Chain = set_out &rArr; set_out_c &rArr; check_txc &rArr; write_errorhist &rArr; transmit_emergency &rArr; WriteCanA
</UL>
<BR>[Calls]<UL><LI><a href="#[79]">&gt;&gt;</a>&nbsp;&nbsp;&nbsp;set_out_c
<LI><a href="#[78]">&gt;&gt;</a>&nbsp;&nbsp;&nbsp;set_out_b
<LI><a href="#[77]">&gt;&gt;</a>&nbsp;&nbsp;&nbsp;set_out_a
<LI><a href="#[7a]">&gt;&gt;</a>&nbsp;&nbsp;&nbsp;hse_out
</UL>
<BR>[Called By]<UL><LI><a href="#[d3]">&gt;&gt;</a>&nbsp;&nbsp;&nbsp;diving_state
<LI><a href="#[bc]">&gt;&gt;</a>&nbsp;&nbsp;&nbsp;pos_control
<LI><a href="#[ba]">&gt;&gt;</a>&nbsp;&nbsp;&nbsp;set_outputs
<LI><a href="#[b6]">&gt;&gt;</a>&nbsp;&nbsp;&nbsp;set_call_priority
<LI><a href="#[ab]">&gt;&gt;</a>&nbsp;&nbsp;&nbsp;ReadCanC
<LI><a href="#[88]">&gt;&gt;</a>&nbsp;&nbsp;&nbsp;handle_input
<LI><a href="#[87]">&gt;&gt;</a>&nbsp;&nbsp;&nbsp;ReadCanA
<LI><a href="#[67]">&gt;&gt;</a>&nbsp;&nbsp;&nbsp;cancel_other_landing_call
<LI><a href="#[63]">&gt;&gt;</a>&nbsp;&nbsp;&nbsp;get_call
<LI><a href="#[5f]">&gt;&gt;</a>&nbsp;&nbsp;&nbsp;fan_on
<LI><a href="#[5b]">&gt;&gt;</a>&nbsp;&nbsp;&nbsp;cycle
<LI><a href="#[5e]">&gt;&gt;</a>&nbsp;&nbsp;&nbsp;clearcalls
<LI><a href="#[60]">&gt;&gt;</a>&nbsp;&nbsp;&nbsp;arrival_state
<LI><a href="#[13c]">&gt;&gt;</a>&nbsp;&nbsp;&nbsp;standstill_state
<LI><a href="#[102]">&gt;&gt;</a>&nbsp;&nbsp;&nbsp;inspection_state
<LI><a href="#[fb]">&gt;&gt;</a>&nbsp;&nbsp;&nbsp;ini_state
<LI><a href="#[ec]">&gt;&gt;</a>&nbsp;&nbsp;&nbsp;evacuation_state
<LI><a href="#[eb]">&gt;&gt;</a>&nbsp;&nbsp;&nbsp;set_out_state
<LI><a href="#[de]">&gt;&gt;</a>&nbsp;&nbsp;&nbsp;em_op_state
<LI><a href="#[167]">&gt;&gt;</a>&nbsp;&nbsp;&nbsp;handle_doorstoppush
</UL>

<P><STRONG><a name="[7b]"></a>level_display</STRONG> (Thumb, 50 bytes, Stack size 16 bytes, can.o(.text))
<BR><BR>[Stack]<UL><LI>Max Depth = 48<LI>Call Chain = level_display &rArr; level_display_b &rArr; WriteCanB
</UL>
<BR>[Calls]<UL><LI><a href="#[7d]">&gt;&gt;</a>&nbsp;&nbsp;&nbsp;level_display_b
<LI><a href="#[7c]">&gt;&gt;</a>&nbsp;&nbsp;&nbsp;level_display_a
</UL>
<BR>[Called By]<UL><LI><a href="#[ba]">&gt;&gt;</a>&nbsp;&nbsp;&nbsp;set_outputs
<LI><a href="#[13e]">&gt;&gt;</a>&nbsp;&nbsp;&nbsp;teach_in_state
<LI><a href="#[13c]">&gt;&gt;</a>&nbsp;&nbsp;&nbsp;standstill_state
<LI><a href="#[51]">&gt;&gt;</a>&nbsp;&nbsp;&nbsp;main
<LI><a href="#[ec]">&gt;&gt;</a>&nbsp;&nbsp;&nbsp;evacuation_state
<LI><a href="#[eb]">&gt;&gt;</a>&nbsp;&nbsp;&nbsp;set_out_state
</UL>

<P><STRONG><a name="[58]"></a>send_hse_state</STRONG> (Thumb, 14 bytes, Stack size 8 bytes, can.o(.text))
<BR><BR>[Stack]<UL><LI>Max Depth = 40<LI>Call Chain = send_hse_state &rArr; send_hse_state_a &rArr; WriteCanA
</UL>
<BR>[Calls]<UL><LI><a href="#[7f]">&gt;&gt;</a>&nbsp;&nbsp;&nbsp;send_hse_state_b
<LI><a href="#[7e]">&gt;&gt;</a>&nbsp;&nbsp;&nbsp;send_hse_state_a
</UL>
<BR>[Called By]<UL><LI><a href="#[da]">&gt;&gt;</a>&nbsp;&nbsp;&nbsp;drive_error_state
<LI><a href="#[d8]">&gt;&gt;</a>&nbsp;&nbsp;&nbsp;doortest_state
<LI><a href="#[57]">&gt;&gt;</a>&nbsp;&nbsp;&nbsp;door_open_state
<LI><a href="#[d3]">&gt;&gt;</a>&nbsp;&nbsp;&nbsp;diving_state
<LI><a href="#[60]">&gt;&gt;</a>&nbsp;&nbsp;&nbsp;arrival_state
<LI><a href="#[13b]">&gt;&gt;</a>&nbsp;&nbsp;&nbsp;wait_for_stop_state
<LI><a href="#[136]">&gt;&gt;</a>&nbsp;&nbsp;&nbsp;terminal_state
<LI><a href="#[13e]">&gt;&gt;</a>&nbsp;&nbsp;&nbsp;teach_in_state
<LI><a href="#[13c]">&gt;&gt;</a>&nbsp;&nbsp;&nbsp;standstill_state
<LI><a href="#[137]">&gt;&gt;</a>&nbsp;&nbsp;&nbsp;sc_error_state
<LI><a href="#[139]">&gt;&gt;</a>&nbsp;&nbsp;&nbsp;reset_trip_state
<LI><a href="#[138]">&gt;&gt;</a>&nbsp;&nbsp;&nbsp;nosetup_state
<LI><a href="#[13a]">&gt;&gt;</a>&nbsp;&nbsp;&nbsp;moving_state
<LI><a href="#[102]">&gt;&gt;</a>&nbsp;&nbsp;&nbsp;inspection_state
<LI><a href="#[fb]">&gt;&gt;</a>&nbsp;&nbsp;&nbsp;ini_state
<LI><a href="#[ee]">&gt;&gt;</a>&nbsp;&nbsp;&nbsp;hb_error_state
<LI><a href="#[ec]">&gt;&gt;</a>&nbsp;&nbsp;&nbsp;evacuation_state
<LI><a href="#[e6]">&gt;&gt;</a>&nbsp;&nbsp;&nbsp;error_state
<LI><a href="#[e1]">&gt;&gt;</a>&nbsp;&nbsp;&nbsp;error_relev
<LI><a href="#[e0]">&gt;&gt;</a>&nbsp;&nbsp;&nbsp;motorturn_state
<LI><a href="#[de]">&gt;&gt;</a>&nbsp;&nbsp;&nbsp;em_op_state
</UL>

<P><STRONG><a name="[80]"></a>send_message</STRONG> (Thumb, 410 bytes, Stack size 40 bytes, can.o(.text))
<BR><BR>[Stack]<UL><LI>Max Depth = 104<LI>Call Chain = send_message &rArr; write_errorhist &rArr; transmit_emergency &rArr; WriteCanA
</UL>
<BR>[Calls]<UL><LI><a href="#[64]">&gt;&gt;</a>&nbsp;&nbsp;&nbsp;write_errorhist
</UL>
<BR>[Called By]<UL><LI><a href="#[cd]">&gt;&gt;</a>&nbsp;&nbsp;&nbsp;ConductLedDisplay
<LI><a href="#[83]">&gt;&gt;</a>&nbsp;&nbsp;&nbsp;transmit_cursorpos
<LI><a href="#[82]">&gt;&gt;</a>&nbsp;&nbsp;&nbsp;transmit_cursortype
<LI><a href="#[81]">&gt;&gt;</a>&nbsp;&nbsp;&nbsp;transmit_sign
<LI><a href="#[148]">&gt;&gt;</a>&nbsp;&nbsp;&nbsp;menu
<LI><a href="#[101]">&gt;&gt;</a>&nbsp;&nbsp;&nbsp;send_ioenable
<LI><a href="#[100]">&gt;&gt;</a>&nbsp;&nbsp;&nbsp;send_iopolarity
<LI><a href="#[ff]">&gt;&gt;</a>&nbsp;&nbsp;&nbsp;send_iodata
<LI><a href="#[fe]">&gt;&gt;</a>&nbsp;&nbsp;&nbsp;send_write_request
<LI><a href="#[fd]">&gt;&gt;</a>&nbsp;&nbsp;&nbsp;send_parameter
<LI><a href="#[f1]">&gt;&gt;</a>&nbsp;&nbsp;&nbsp;hwtest
</UL>

<P><STRONG><a name="[81]"></a>transmit_sign</STRONG> (Thumb, 70 bytes, Stack size 32 bytes, can.o(.text))
<BR><BR>[Stack]<UL><LI>Max Depth = 136<LI>Call Chain = transmit_sign &rArr; send_message &rArr; write_errorhist &rArr; transmit_emergency &rArr; WriteCanA
</UL>
<BR>[Calls]<UL><LI><a href="#[80]">&gt;&gt;</a>&nbsp;&nbsp;&nbsp;send_message
</UL>
<BR>[Called By]<UL><LI><a href="#[148]">&gt;&gt;</a>&nbsp;&nbsp;&nbsp;menu
<LI><a href="#[10b]">&gt;&gt;</a>&nbsp;&nbsp;&nbsp;transmit_lcd
</UL>

<P><STRONG><a name="[82]"></a>transmit_cursortype</STRONG> (Thumb, 78 bytes, Stack size 24 bytes, can.o(.text))
<BR><BR>[Stack]<UL><LI>Max Depth = 128<LI>Call Chain = transmit_cursortype &rArr; send_message &rArr; write_errorhist &rArr; transmit_emergency &rArr; WriteCanA
</UL>
<BR>[Calls]<UL><LI><a href="#[80]">&gt;&gt;</a>&nbsp;&nbsp;&nbsp;send_message
</UL>
<BR>[Called By]<UL><LI><a href="#[10b]">&gt;&gt;</a>&nbsp;&nbsp;&nbsp;transmit_lcd
</UL>

<P><STRONG><a name="[83]"></a>transmit_cursorpos</STRONG> (Thumb, 68 bytes, Stack size 24 bytes, can.o(.text))
<BR><BR>[Stack]<UL><LI>Max Depth = 128<LI>Call Chain = transmit_cursorpos &rArr; send_message &rArr; write_errorhist &rArr; transmit_emergency &rArr; WriteCanA
</UL>
<BR>[Calls]<UL><LI><a href="#[80]">&gt;&gt;</a>&nbsp;&nbsp;&nbsp;send_message
</UL>
<BR>[Called By]<UL><LI><a href="#[10b]">&gt;&gt;</a>&nbsp;&nbsp;&nbsp;transmit_lcd
</UL>

<P><STRONG><a name="[86]"></a>WriteCanA</STRONG> (Thumb, 146 bytes, Stack size 24 bytes, can_a.o(.text))
<BR><BR>[Stack]<UL><LI>Max Depth = 24<LI>Call Chain = WriteCanA
</UL>
<BR>[Called By]<UL><LI><a href="#[9c]">&gt;&gt;</a>&nbsp;&nbsp;&nbsp;send_drive_pos
<LI><a href="#[9b]">&gt;&gt;</a>&nbsp;&nbsp;&nbsp;time_message_a
<LI><a href="#[9a]">&gt;&gt;</a>&nbsp;&nbsp;&nbsp;sdo_segment
<LI><a href="#[99]">&gt;&gt;</a>&nbsp;&nbsp;&nbsp;sdo_response
<LI><a href="#[98]">&gt;&gt;</a>&nbsp;&nbsp;&nbsp;monitoring_message_cana
<LI><a href="#[97]">&gt;&gt;</a>&nbsp;&nbsp;&nbsp;transmit_position
<LI><a href="#[96]">&gt;&gt;</a>&nbsp;&nbsp;&nbsp;transmit_emergency
<LI><a href="#[95]">&gt;&gt;</a>&nbsp;&nbsp;&nbsp;transmit_load
<LI><a href="#[93]">&gt;&gt;</a>&nbsp;&nbsp;&nbsp;transmit_inputs
<LI><a href="#[92]">&gt;&gt;</a>&nbsp;&nbsp;&nbsp;transmit_sdo_seg
<LI><a href="#[91]">&gt;&gt;</a>&nbsp;&nbsp;&nbsp;transmit_sdo_req
<LI><a href="#[90]">&gt;&gt;</a>&nbsp;&nbsp;&nbsp;send_nmt
<LI><a href="#[85]">&gt;&gt;</a>&nbsp;&nbsp;&nbsp;abort_sdo
<LI><a href="#[77]">&gt;&gt;</a>&nbsp;&nbsp;&nbsp;set_out_a
<LI><a href="#[7e]">&gt;&gt;</a>&nbsp;&nbsp;&nbsp;send_hse_state_a
<LI><a href="#[7c]">&gt;&gt;</a>&nbsp;&nbsp;&nbsp;level_display_a
<LI><a href="#[5d]">&gt;&gt;</a>&nbsp;&nbsp;&nbsp;door_command
</UL>

<P><STRONG><a name="[84]"></a>check_txa</STRONG> (Thumb, 102 bytes, Stack size 16 bytes, can_a.o(.text))
<BR><BR>[Stack]<UL><LI>Max Depth = 16 + In Cycle
<LI>Call Chain = check_txa &rArr;  write_errorhist (Cycle)
</UL>
<BR>[Calls]<UL><LI><a href="#[64]">&gt;&gt;</a>&nbsp;&nbsp;&nbsp;write_errorhist
</UL>
<BR>[Called By]<UL><LI><a href="#[9c]">&gt;&gt;</a>&nbsp;&nbsp;&nbsp;send_drive_pos
<LI><a href="#[9b]">&gt;&gt;</a>&nbsp;&nbsp;&nbsp;time_message_a
<LI><a href="#[9a]">&gt;&gt;</a>&nbsp;&nbsp;&nbsp;sdo_segment
<LI><a href="#[99]">&gt;&gt;</a>&nbsp;&nbsp;&nbsp;sdo_response
<LI><a href="#[98]">&gt;&gt;</a>&nbsp;&nbsp;&nbsp;monitoring_message_cana
<LI><a href="#[97]">&gt;&gt;</a>&nbsp;&nbsp;&nbsp;transmit_position
<LI><a href="#[96]">&gt;&gt;</a>&nbsp;&nbsp;&nbsp;transmit_emergency
<LI><a href="#[95]">&gt;&gt;</a>&nbsp;&nbsp;&nbsp;transmit_load
<LI><a href="#[93]">&gt;&gt;</a>&nbsp;&nbsp;&nbsp;transmit_inputs
<LI><a href="#[92]">&gt;&gt;</a>&nbsp;&nbsp;&nbsp;transmit_sdo_seg
<LI><a href="#[91]">&gt;&gt;</a>&nbsp;&nbsp;&nbsp;transmit_sdo_req
<LI><a href="#[90]">&gt;&gt;</a>&nbsp;&nbsp;&nbsp;send_nmt
<LI><a href="#[85]">&gt;&gt;</a>&nbsp;&nbsp;&nbsp;abort_sdo
<LI><a href="#[77]">&gt;&gt;</a>&nbsp;&nbsp;&nbsp;set_out_a
<LI><a href="#[7e]">&gt;&gt;</a>&nbsp;&nbsp;&nbsp;send_hse_state_a
<LI><a href="#[7c]">&gt;&gt;</a>&nbsp;&nbsp;&nbsp;level_display_a
<LI><a href="#[5d]">&gt;&gt;</a>&nbsp;&nbsp;&nbsp;door_command
</UL>

<P><STRONG><a name="[85]"></a>abort_sdo</STRONG> (Thumb, 70 bytes, Stack size 8 bytes, can_a.o(.text))
<BR><BR>[Stack]<UL><LI>Max Depth = 32<LI>Call Chain = abort_sdo &rArr; WriteCanA
</UL>
<BR>[Calls]<UL><LI><a href="#[84]">&gt;&gt;</a>&nbsp;&nbsp;&nbsp;check_txa
<LI><a href="#[86]">&gt;&gt;</a>&nbsp;&nbsp;&nbsp;WriteCanA
</UL>
<BR>[Called By]<UL><LI><a href="#[87]">&gt;&gt;</a>&nbsp;&nbsp;&nbsp;ReadCanA
<LI><a href="#[5b]">&gt;&gt;</a>&nbsp;&nbsp;&nbsp;cycle
</UL>

<P><STRONG><a name="[87]"></a>ReadCanA</STRONG> (Thumb, 1434 bytes, Stack size 32 bytes, can_a.o(.text))
<BR><BR>[Stack]<UL><LI>Max Depth = 272<LI>Call Chain = ReadCanA &rArr; handle_input &rArr; cancel_other_landing_call &rArr; set_out &rArr; set_out_c &rArr; check_txc &rArr; write_errorhist &rArr; transmit_emergency &rArr; WriteCanA
</UL>
<BR>[Calls]<UL><LI><a href="#[8b]">&gt;&gt;</a>&nbsp;&nbsp;&nbsp;write_segment
<LI><a href="#[8a]">&gt;&gt;</a>&nbsp;&nbsp;&nbsp;write_dict
<LI><a href="#[8d]">&gt;&gt;</a>&nbsp;&nbsp;&nbsp;read_segment
<LI><a href="#[8c]">&gt;&gt;</a>&nbsp;&nbsp;&nbsp;read_dict
<LI><a href="#[88]">&gt;&gt;</a>&nbsp;&nbsp;&nbsp;handle_input
<LI><a href="#[8e]">&gt;&gt;</a>&nbsp;&nbsp;&nbsp;handheld_key_read
<LI><a href="#[85]">&gt;&gt;</a>&nbsp;&nbsp;&nbsp;abort_sdo
<LI><a href="#[64]">&gt;&gt;</a>&nbsp;&nbsp;&nbsp;write_errorhist
<LI><a href="#[65]">&gt;&gt;</a>&nbsp;&nbsp;&nbsp;set_out
<LI><a href="#[89]">&gt;&gt;</a>&nbsp;&nbsp;&nbsp;__aeabi_memclr
</UL>
<BR>[Called By]<UL><LI><a href="#[5b]">&gt;&gt;</a>&nbsp;&nbsp;&nbsp;cycle
</UL>

<P><STRONG><a name="[8f]"></a>send_heartbeat_a</STRONG> (Thumb, 146 bytes, Stack size 24 bytes, can_a.o(.text))
<BR><BR>[Stack]<UL><LI>Max Depth = 88<LI>Call Chain = send_heartbeat_a &rArr; write_errorhist &rArr; transmit_emergency &rArr; WriteCanA
</UL>
<BR>[Calls]<UL><LI><a href="#[64]">&gt;&gt;</a>&nbsp;&nbsp;&nbsp;write_errorhist
</UL>
<BR>[Called By]<UL><LI><a href="#[b2]">&gt;&gt;</a>&nbsp;&nbsp;&nbsp;can_error_state
<LI><a href="#[11]">&gt;&gt;</a>&nbsp;&nbsp;&nbsp;TIMER2_IRQHandler
</UL>

<P><STRONG><a name="[7e]"></a>send_hse_state_a</STRONG> (Thumb, 66 bytes, Stack size 8 bytes, can_a.o(.text))
<BR><BR>[Stack]<UL><LI>Max Depth = 32<LI>Call Chain = send_hse_state_a &rArr; WriteCanA
</UL>
<BR>[Calls]<UL><LI><a href="#[84]">&gt;&gt;</a>&nbsp;&nbsp;&nbsp;check_txa
<LI><a href="#[86]">&gt;&gt;</a>&nbsp;&nbsp;&nbsp;WriteCanA
</UL>
<BR>[Called By]<UL><LI><a href="#[58]">&gt;&gt;</a>&nbsp;&nbsp;&nbsp;send_hse_state
</UL>

<P><STRONG><a name="[90]"></a>send_nmt</STRONG> (Thumb, 50 bytes, Stack size 16 bytes, can_a.o(.text))
<BR><BR>[Stack]<UL><LI>Max Depth = 40<LI>Call Chain = send_nmt &rArr; WriteCanA
</UL>
<BR>[Calls]<UL><LI><a href="#[84]">&gt;&gt;</a>&nbsp;&nbsp;&nbsp;check_txa
<LI><a href="#[86]">&gt;&gt;</a>&nbsp;&nbsp;&nbsp;WriteCanA
</UL>
<BR>[Called By]<UL><LI><a href="#[bd]">&gt;&gt;</a>&nbsp;&nbsp;&nbsp;tse
<LI><a href="#[bf]">&gt;&gt;</a>&nbsp;&nbsp;&nbsp;exe
<LI><a href="#[fa]">&gt;&gt;</a>&nbsp;&nbsp;&nbsp;init_node
</UL>

<P><STRONG><a name="[91]"></a>transmit_sdo_req</STRONG> (Thumb, 98 bytes, Stack size 24 bytes, can_a.o(.text))
<BR><BR>[Stack]<UL><LI>Max Depth = 48<LI>Call Chain = transmit_sdo_req &rArr; WriteCanA
</UL>
<BR>[Calls]<UL><LI><a href="#[84]">&gt;&gt;</a>&nbsp;&nbsp;&nbsp;check_txa
<LI><a href="#[86]">&gt;&gt;</a>&nbsp;&nbsp;&nbsp;WriteCanA
</UL>
<BR>[Called By]<UL><LI><a href="#[bd]">&gt;&gt;</a>&nbsp;&nbsp;&nbsp;tse
<LI><a href="#[bf]">&gt;&gt;</a>&nbsp;&nbsp;&nbsp;exe
<LI><a href="#[fb]">&gt;&gt;</a>&nbsp;&nbsp;&nbsp;ini_state
<LI><a href="#[fa]">&gt;&gt;</a>&nbsp;&nbsp;&nbsp;init_node
<LI><a href="#[165]">&gt;&gt;</a>&nbsp;&nbsp;&nbsp;search_nodestate
</UL>

<P><STRONG><a name="[92]"></a>transmit_sdo_seg</STRONG> (Thumb, 224 bytes, Stack size 24 bytes, can_a.o(.text))
<BR><BR>[Stack]<UL><LI>Max Depth = 48<LI>Call Chain = transmit_sdo_seg &rArr; WriteCanA
</UL>
<BR>[Calls]<UL><LI><a href="#[84]">&gt;&gt;</a>&nbsp;&nbsp;&nbsp;check_txa
<LI><a href="#[86]">&gt;&gt;</a>&nbsp;&nbsp;&nbsp;WriteCanA
</UL>
<BR>[Called By]<UL><LI><a href="#[bd]">&gt;&gt;</a>&nbsp;&nbsp;&nbsp;tse
<LI><a href="#[bf]">&gt;&gt;</a>&nbsp;&nbsp;&nbsp;exe
<LI><a href="#[fb]">&gt;&gt;</a>&nbsp;&nbsp;&nbsp;ini_state
<LI><a href="#[fa]">&gt;&gt;</a>&nbsp;&nbsp;&nbsp;init_node
<LI><a href="#[165]">&gt;&gt;</a>&nbsp;&nbsp;&nbsp;search_nodestate
</UL>

<P><STRONG><a name="[93]"></a>transmit_inputs</STRONG> (Thumb, 70 bytes, Stack size 16 bytes, can_a.o(.text))
<BR><BR>[Stack]<UL><LI>Max Depth = 40<LI>Call Chain = transmit_inputs &rArr; WriteCanA
</UL>
<BR>[Calls]<UL><LI><a href="#[84]">&gt;&gt;</a>&nbsp;&nbsp;&nbsp;check_txa
<LI><a href="#[86]">&gt;&gt;</a>&nbsp;&nbsp;&nbsp;WriteCanA
</UL>
<BR>[Called By]<UL><LI><a href="#[b5]">&gt;&gt;</a>&nbsp;&nbsp;&nbsp;read_hse_inputs
<LI><a href="#[5b]">&gt;&gt;</a>&nbsp;&nbsp;&nbsp;cycle
<LI><a href="#[eb]">&gt;&gt;</a>&nbsp;&nbsp;&nbsp;set_out_state
</UL>

<P><STRONG><a name="[5d]"></a>door_command</STRONG> (Thumb, 192 bytes, Stack size 16 bytes, can_a.o(.text))
<BR><BR>[Stack]<UL><LI>Max Depth = 40<LI>Call Chain = door_command &rArr; WriteCanA
</UL>
<BR>[Calls]<UL><LI><a href="#[94]">&gt;&gt;</a>&nbsp;&nbsp;&nbsp;forced_closing
<LI><a href="#[84]">&gt;&gt;</a>&nbsp;&nbsp;&nbsp;check_txa
<LI><a href="#[86]">&gt;&gt;</a>&nbsp;&nbsp;&nbsp;WriteCanA
</UL>
<BR>[Called By]<UL><LI><a href="#[da]">&gt;&gt;</a>&nbsp;&nbsp;&nbsp;drive_error_state
<LI><a href="#[d8]">&gt;&gt;</a>&nbsp;&nbsp;&nbsp;doortest_state
<LI><a href="#[57]">&gt;&gt;</a>&nbsp;&nbsp;&nbsp;door_open_state
<LI><a href="#[d3]">&gt;&gt;</a>&nbsp;&nbsp;&nbsp;diving_state
<LI><a href="#[5b]">&gt;&gt;</a>&nbsp;&nbsp;&nbsp;cycle
<LI><a href="#[60]">&gt;&gt;</a>&nbsp;&nbsp;&nbsp;arrival_state
<LI><a href="#[136]">&gt;&gt;</a>&nbsp;&nbsp;&nbsp;terminal_state
<LI><a href="#[13e]">&gt;&gt;</a>&nbsp;&nbsp;&nbsp;teach_in_state
<LI><a href="#[13d]">&gt;&gt;</a>&nbsp;&nbsp;&nbsp;start_trip_state
<LI><a href="#[13c]">&gt;&gt;</a>&nbsp;&nbsp;&nbsp;standstill_state
<LI><a href="#[137]">&gt;&gt;</a>&nbsp;&nbsp;&nbsp;sc_error_state
<LI><a href="#[139]">&gt;&gt;</a>&nbsp;&nbsp;&nbsp;reset_trip_state
<LI><a href="#[102]">&gt;&gt;</a>&nbsp;&nbsp;&nbsp;inspection_state
<LI><a href="#[ee]">&gt;&gt;</a>&nbsp;&nbsp;&nbsp;hb_error_state
<LI><a href="#[ec]">&gt;&gt;</a>&nbsp;&nbsp;&nbsp;evacuation_state
<LI><a href="#[e6]">&gt;&gt;</a>&nbsp;&nbsp;&nbsp;error_state
<LI><a href="#[e4]">&gt;&gt;</a>&nbsp;&nbsp;&nbsp;set_park_state
<LI><a href="#[e3]">&gt;&gt;</a>&nbsp;&nbsp;&nbsp;set_door
<LI><a href="#[e1]">&gt;&gt;</a>&nbsp;&nbsp;&nbsp;error_relev
<LI><a href="#[e0]">&gt;&gt;</a>&nbsp;&nbsp;&nbsp;motorturn_state
<LI><a href="#[de]">&gt;&gt;</a>&nbsp;&nbsp;&nbsp;em_op_state
<LI><a href="#[166]">&gt;&gt;</a>&nbsp;&nbsp;&nbsp;fire_door
</UL>

<P><STRONG><a name="[95]"></a>transmit_load</STRONG> (Thumb, 62 bytes, Stack size 8 bytes, can_a.o(.text))
<BR><BR>[Stack]<UL><LI>Max Depth = 32<LI>Call Chain = transmit_load &rArr; WriteCanA
</UL>
<BR>[Calls]<UL><LI><a href="#[84]">&gt;&gt;</a>&nbsp;&nbsp;&nbsp;check_txa
<LI><a href="#[86]">&gt;&gt;</a>&nbsp;&nbsp;&nbsp;WriteCanA
</UL>
<BR>[Called By]<UL><LI><a href="#[b5]">&gt;&gt;</a>&nbsp;&nbsp;&nbsp;read_hse_inputs
</UL>

<P><STRONG><a name="[96]"></a>transmit_emergency</STRONG> (Thumb, 66 bytes, Stack size 8 bytes, can_a.o(.text))
<BR><BR>[Stack]<UL><LI>Max Depth = 32<LI>Call Chain = transmit_emergency &rArr; WriteCanA
</UL>
<BR>[Calls]<UL><LI><a href="#[84]">&gt;&gt;</a>&nbsp;&nbsp;&nbsp;check_txa
<LI><a href="#[86]">&gt;&gt;</a>&nbsp;&nbsp;&nbsp;WriteCanA
</UL>
<BR>[Called By]<UL><LI><a href="#[64]">&gt;&gt;</a>&nbsp;&nbsp;&nbsp;write_errorhist
</UL>

<P><STRONG><a name="[97]"></a>transmit_position</STRONG> (Thumb, 68 bytes, Stack size 16 bytes, can_a.o(.text), UNUSED)
<BR><BR>[Calls]<UL><LI><a href="#[84]">&gt;&gt;</a>&nbsp;&nbsp;&nbsp;check_txa
<LI><a href="#[86]">&gt;&gt;</a>&nbsp;&nbsp;&nbsp;WriteCanA
</UL>

<P><STRONG><a name="[7c]"></a>level_display_a</STRONG> (Thumb, 150 bytes, Stack size 8 bytes, can_a.o(.text))
<BR><BR>[Stack]<UL><LI>Max Depth = 32<LI>Call Chain = level_display_a &rArr; WriteCanA
</UL>
<BR>[Calls]<UL><LI><a href="#[84]">&gt;&gt;</a>&nbsp;&nbsp;&nbsp;check_txa
<LI><a href="#[86]">&gt;&gt;</a>&nbsp;&nbsp;&nbsp;WriteCanA
</UL>
<BR>[Called By]<UL><LI><a href="#[7b]">&gt;&gt;</a>&nbsp;&nbsp;&nbsp;level_display
</UL>

<P><STRONG><a name="[98]"></a>monitoring_message_cana</STRONG> (Thumb, 340 bytes, Stack size 8 bytes, can_a.o(.text))
<BR><BR>[Stack]<UL><LI>Max Depth = 32<LI>Call Chain = monitoring_message_cana &rArr; WriteCanA
</UL>
<BR>[Calls]<UL><LI><a href="#[84]">&gt;&gt;</a>&nbsp;&nbsp;&nbsp;check_txa
<LI><a href="#[86]">&gt;&gt;</a>&nbsp;&nbsp;&nbsp;WriteCanA
</UL>
<BR>[Called By]<UL><LI><a href="#[5b]">&gt;&gt;</a>&nbsp;&nbsp;&nbsp;cycle
</UL>

<P><STRONG><a name="[99]"></a>sdo_response</STRONG> (Thumb, 216 bytes, Stack size 24 bytes, can_a.o(.text))
<BR><BR>[Stack]<UL><LI>Max Depth = 48<LI>Call Chain = sdo_response &rArr; WriteCanA
</UL>
<BR>[Calls]<UL><LI><a href="#[84]">&gt;&gt;</a>&nbsp;&nbsp;&nbsp;check_txa
<LI><a href="#[86]">&gt;&gt;</a>&nbsp;&nbsp;&nbsp;WriteCanA
</UL>
<BR>[Called By]<UL><LI><a href="#[8a]">&gt;&gt;</a>&nbsp;&nbsp;&nbsp;write_dict
<LI><a href="#[8c]">&gt;&gt;</a>&nbsp;&nbsp;&nbsp;read_dict
</UL>

<P><STRONG><a name="[9a]"></a>sdo_segment</STRONG> (Thumb, 68 bytes, Stack size 16 bytes, can_a.o(.text))
<BR><BR>[Stack]<UL><LI>Max Depth = 40<LI>Call Chain = sdo_segment &rArr; WriteCanA
</UL>
<BR>[Calls]<UL><LI><a href="#[84]">&gt;&gt;</a>&nbsp;&nbsp;&nbsp;check_txa
<LI><a href="#[86]">&gt;&gt;</a>&nbsp;&nbsp;&nbsp;WriteCanA
</UL>
<BR>[Called By]<UL><LI><a href="#[8b]">&gt;&gt;</a>&nbsp;&nbsp;&nbsp;write_segment
<LI><a href="#[8d]">&gt;&gt;</a>&nbsp;&nbsp;&nbsp;read_segment
</UL>

<P><STRONG><a name="[77]"></a>set_out_a</STRONG> (Thumb, 86 bytes, Stack size 24 bytes, can_a.o(.text))
<BR><BR>[Stack]<UL><LI>Max Depth = 48<LI>Call Chain = set_out_a &rArr; WriteCanA
</UL>
<BR>[Calls]<UL><LI><a href="#[84]">&gt;&gt;</a>&nbsp;&nbsp;&nbsp;check_txa
<LI><a href="#[86]">&gt;&gt;</a>&nbsp;&nbsp;&nbsp;WriteCanA
</UL>
<BR>[Called By]<UL><LI><a href="#[65]">&gt;&gt;</a>&nbsp;&nbsp;&nbsp;set_out
</UL>

<P><STRONG><a name="[9b]"></a>time_message_a</STRONG> (Thumb, 76 bytes, Stack size 8 bytes, can_a.o(.text))
<BR><BR>[Stack]<UL><LI>Max Depth = 32<LI>Call Chain = time_message_a &rArr; WriteCanA
</UL>
<BR>[Calls]<UL><LI><a href="#[84]">&gt;&gt;</a>&nbsp;&nbsp;&nbsp;check_txa
<LI><a href="#[86]">&gt;&gt;</a>&nbsp;&nbsp;&nbsp;WriteCanA
</UL>
<BR>[Called By]<UL><LI><a href="#[5b]">&gt;&gt;</a>&nbsp;&nbsp;&nbsp;cycle
</UL>

<P><STRONG><a name="[9c]"></a>send_drive_pos</STRONG> (Thumb, 62 bytes, Stack size 8 bytes, can_a.o(.text))
<BR><BR>[Stack]<UL><LI>Max Depth = 32<LI>Call Chain = send_drive_pos &rArr; WriteCanA
</UL>
<BR>[Calls]<UL><LI><a href="#[84]">&gt;&gt;</a>&nbsp;&nbsp;&nbsp;check_txa
<LI><a href="#[86]">&gt;&gt;</a>&nbsp;&nbsp;&nbsp;WriteCanA
</UL>
<BR>[Called By]<UL><LI><a href="#[5b]">&gt;&gt;</a>&nbsp;&nbsp;&nbsp;cycle
</UL>

<P><STRONG><a name="[9f]"></a>WriteCanB</STRONG> (Thumb, 146 bytes, Stack size 24 bytes, can_b.o(.text))
<BR><BR>[Stack]<UL><LI>Max Depth = 24<LI>Call Chain = WriteCanB
</UL>
<BR>[Called By]<UL><LI><a href="#[a8]">&gt;&gt;</a>&nbsp;&nbsp;&nbsp;monitoring_message_canb
<LI><a href="#[a7]">&gt;&gt;</a>&nbsp;&nbsp;&nbsp;time_message_b
<LI><a href="#[a6]">&gt;&gt;</a>&nbsp;&nbsp;&nbsp;send_nmt_ese
<LI><a href="#[a5]">&gt;&gt;</a>&nbsp;&nbsp;&nbsp;sdo_segment_b
<LI><a href="#[a4]">&gt;&gt;</a>&nbsp;&nbsp;&nbsp;sdo_response_b
<LI><a href="#[a3]">&gt;&gt;</a>&nbsp;&nbsp;&nbsp;transmit_sdo_seg_ese
<LI><a href="#[a2]">&gt;&gt;</a>&nbsp;&nbsp;&nbsp;transmit_sdo_req_ese
<LI><a href="#[9d]">&gt;&gt;</a>&nbsp;&nbsp;&nbsp;abort_sdo_b
<LI><a href="#[78]">&gt;&gt;</a>&nbsp;&nbsp;&nbsp;set_out_b
<LI><a href="#[7f]">&gt;&gt;</a>&nbsp;&nbsp;&nbsp;send_hse_state_b
<LI><a href="#[7d]">&gt;&gt;</a>&nbsp;&nbsp;&nbsp;level_display_b
</UL>

<P><STRONG><a name="[9e]"></a>check_txb</STRONG> (Thumb, 66 bytes, Stack size 0 bytes, can_b.o(.text))
<BR><BR>[Called By]<UL><LI><a href="#[a8]">&gt;&gt;</a>&nbsp;&nbsp;&nbsp;monitoring_message_canb
<LI><a href="#[a7]">&gt;&gt;</a>&nbsp;&nbsp;&nbsp;time_message_b
<LI><a href="#[a6]">&gt;&gt;</a>&nbsp;&nbsp;&nbsp;send_nmt_ese
<LI><a href="#[a5]">&gt;&gt;</a>&nbsp;&nbsp;&nbsp;sdo_segment_b
<LI><a href="#[a4]">&gt;&gt;</a>&nbsp;&nbsp;&nbsp;sdo_response_b
<LI><a href="#[a3]">&gt;&gt;</a>&nbsp;&nbsp;&nbsp;transmit_sdo_seg_ese
<LI><a href="#[a2]">&gt;&gt;</a>&nbsp;&nbsp;&nbsp;transmit_sdo_req_ese
<LI><a href="#[9d]">&gt;&gt;</a>&nbsp;&nbsp;&nbsp;abort_sdo_b
<LI><a href="#[78]">&gt;&gt;</a>&nbsp;&nbsp;&nbsp;set_out_b
<LI><a href="#[7f]">&gt;&gt;</a>&nbsp;&nbsp;&nbsp;send_hse_state_b
<LI><a href="#[7d]">&gt;&gt;</a>&nbsp;&nbsp;&nbsp;level_display_b
</UL>

<P><STRONG><a name="[9d]"></a>abort_sdo_b</STRONG> (Thumb, 70 bytes, Stack size 8 bytes, can_b.o(.text))
<BR><BR>[Stack]<UL><LI>Max Depth = 32<LI>Call Chain = abort_sdo_b &rArr; WriteCanB
</UL>
<BR>[Calls]<UL><LI><a href="#[9e]">&gt;&gt;</a>&nbsp;&nbsp;&nbsp;check_txb
<LI><a href="#[9f]">&gt;&gt;</a>&nbsp;&nbsp;&nbsp;WriteCanB
</UL>
<BR>[Called By]<UL><LI><a href="#[a0]">&gt;&gt;</a>&nbsp;&nbsp;&nbsp;ReadCanB
</UL>

<P><STRONG><a name="[a0]"></a>ReadCanB</STRONG> (Thumb, 514 bytes, Stack size 32 bytes, can_b.o(.text))
<BR><BR>[Stack]<UL><LI>Max Depth = 272<LI>Call Chain = ReadCanB &rArr; handle_input &rArr; cancel_other_landing_call &rArr; set_out &rArr; set_out_c &rArr; check_txc &rArr; write_errorhist &rArr; transmit_emergency &rArr; WriteCanA
</UL>
<BR>[Calls]<UL><LI><a href="#[a1]">&gt;&gt;</a>&nbsp;&nbsp;&nbsp;set_hallcall_c
<LI><a href="#[9d]">&gt;&gt;</a>&nbsp;&nbsp;&nbsp;abort_sdo_b
<LI><a href="#[8b]">&gt;&gt;</a>&nbsp;&nbsp;&nbsp;write_segment
<LI><a href="#[8a]">&gt;&gt;</a>&nbsp;&nbsp;&nbsp;write_dict
<LI><a href="#[8d]">&gt;&gt;</a>&nbsp;&nbsp;&nbsp;read_segment
<LI><a href="#[8c]">&gt;&gt;</a>&nbsp;&nbsp;&nbsp;read_dict
<LI><a href="#[88]">&gt;&gt;</a>&nbsp;&nbsp;&nbsp;handle_input
<LI><a href="#[8e]">&gt;&gt;</a>&nbsp;&nbsp;&nbsp;handheld_key_read
<LI><a href="#[64]">&gt;&gt;</a>&nbsp;&nbsp;&nbsp;write_errorhist
</UL>
<BR>[Called By]<UL><LI><a href="#[5b]">&gt;&gt;</a>&nbsp;&nbsp;&nbsp;cycle
</UL>

<P><STRONG><a name="[a2]"></a>transmit_sdo_req_ese</STRONG> (Thumb, 96 bytes, Stack size 24 bytes, can_b.o(.text))
<BR><BR>[Stack]<UL><LI>Max Depth = 48<LI>Call Chain = transmit_sdo_req_ese &rArr; WriteCanB
</UL>
<BR>[Calls]<UL><LI><a href="#[9e]">&gt;&gt;</a>&nbsp;&nbsp;&nbsp;check_txb
<LI><a href="#[9f]">&gt;&gt;</a>&nbsp;&nbsp;&nbsp;WriteCanB
</UL>
<BR>[Called By]<UL><LI><a href="#[bf]">&gt;&gt;</a>&nbsp;&nbsp;&nbsp;exe
<LI><a href="#[be]">&gt;&gt;</a>&nbsp;&nbsp;&nbsp;ese
</UL>

<P><STRONG><a name="[a3]"></a>transmit_sdo_seg_ese</STRONG> (Thumb, 92 bytes, Stack size 20 bytes, can_b.o(.text))
<BR><BR>[Stack]<UL><LI>Max Depth = 44<LI>Call Chain = transmit_sdo_seg_ese &rArr; WriteCanB
</UL>
<BR>[Calls]<UL><LI><a href="#[9e]">&gt;&gt;</a>&nbsp;&nbsp;&nbsp;check_txb
<LI><a href="#[9f]">&gt;&gt;</a>&nbsp;&nbsp;&nbsp;WriteCanB
</UL>
<BR>[Called By]<UL><LI><a href="#[bf]">&gt;&gt;</a>&nbsp;&nbsp;&nbsp;exe
<LI><a href="#[be]">&gt;&gt;</a>&nbsp;&nbsp;&nbsp;ese
</UL>

<P><STRONG><a name="[a4]"></a>sdo_response_b</STRONG> (Thumb, 206 bytes, Stack size 20 bytes, can_b.o(.text))
<BR><BR>[Stack]<UL><LI>Max Depth = 44<LI>Call Chain = sdo_response_b &rArr; WriteCanB
</UL>
<BR>[Calls]<UL><LI><a href="#[9e]">&gt;&gt;</a>&nbsp;&nbsp;&nbsp;check_txb
<LI><a href="#[9f]">&gt;&gt;</a>&nbsp;&nbsp;&nbsp;WriteCanB
</UL>
<BR>[Called By]<UL><LI><a href="#[8a]">&gt;&gt;</a>&nbsp;&nbsp;&nbsp;write_dict
<LI><a href="#[8c]">&gt;&gt;</a>&nbsp;&nbsp;&nbsp;read_dict
</UL>

<P><STRONG><a name="[a5]"></a>sdo_segment_b</STRONG> (Thumb, 66 bytes, Stack size 12 bytes, can_b.o(.text))
<BR><BR>[Stack]<UL><LI>Max Depth = 36<LI>Call Chain = sdo_segment_b &rArr; WriteCanB
</UL>
<BR>[Calls]<UL><LI><a href="#[9e]">&gt;&gt;</a>&nbsp;&nbsp;&nbsp;check_txb
<LI><a href="#[9f]">&gt;&gt;</a>&nbsp;&nbsp;&nbsp;WriteCanB
</UL>
<BR>[Called By]<UL><LI><a href="#[8b]">&gt;&gt;</a>&nbsp;&nbsp;&nbsp;write_segment
</UL>

<P><STRONG><a name="[a6]"></a>send_nmt_ese</STRONG> (Thumb, 50 bytes, Stack size 12 bytes, can_b.o(.text))
<BR><BR>[Stack]<UL><LI>Max Depth = 36<LI>Call Chain = send_nmt_ese &rArr; WriteCanB
</UL>
<BR>[Calls]<UL><LI><a href="#[9e]">&gt;&gt;</a>&nbsp;&nbsp;&nbsp;check_txb
<LI><a href="#[9f]">&gt;&gt;</a>&nbsp;&nbsp;&nbsp;WriteCanB
</UL>
<BR>[Called By]<UL><LI><a href="#[bf]">&gt;&gt;</a>&nbsp;&nbsp;&nbsp;exe
<LI><a href="#[be]">&gt;&gt;</a>&nbsp;&nbsp;&nbsp;ese
</UL>

<P><STRONG><a name="[7d]"></a>level_display_b</STRONG> (Thumb, 150 bytes, Stack size 8 bytes, can_b.o(.text))
<BR><BR>[Stack]<UL><LI>Max Depth = 32<LI>Call Chain = level_display_b &rArr; WriteCanB
</UL>
<BR>[Calls]<UL><LI><a href="#[9e]">&gt;&gt;</a>&nbsp;&nbsp;&nbsp;check_txb
<LI><a href="#[9f]">&gt;&gt;</a>&nbsp;&nbsp;&nbsp;WriteCanB
</UL>
<BR>[Called By]<UL><LI><a href="#[7b]">&gt;&gt;</a>&nbsp;&nbsp;&nbsp;level_display
</UL>

<P><STRONG><a name="[78]"></a>set_out_b</STRONG> (Thumb, 84 bytes, Stack size 24 bytes, can_b.o(.text))
<BR><BR>[Stack]<UL><LI>Max Depth = 48<LI>Call Chain = set_out_b &rArr; WriteCanB
</UL>
<BR>[Calls]<UL><LI><a href="#[9e]">&gt;&gt;</a>&nbsp;&nbsp;&nbsp;check_txb
<LI><a href="#[9f]">&gt;&gt;</a>&nbsp;&nbsp;&nbsp;WriteCanB
</UL>
<BR>[Called By]<UL><LI><a href="#[65]">&gt;&gt;</a>&nbsp;&nbsp;&nbsp;set_out
</UL>

<P><STRONG><a name="[c2]"></a>send_heartbeat_b</STRONG> (Thumb, 144 bytes, Stack size 8 bytes, can_b.o(.text))
<BR><BR>[Stack]<UL><LI>Max Depth = 8<LI>Call Chain = send_heartbeat_b
</UL>
<BR>[Called By]<UL><LI><a href="#[5b]">&gt;&gt;</a>&nbsp;&nbsp;&nbsp;cycle
</UL>

<P><STRONG><a name="[7f]"></a>send_hse_state_b</STRONG> (Thumb, 66 bytes, Stack size 4 bytes, can_b.o(.text))
<BR><BR>[Stack]<UL><LI>Max Depth = 28<LI>Call Chain = send_hse_state_b &rArr; WriteCanB
</UL>
<BR>[Calls]<UL><LI><a href="#[9e]">&gt;&gt;</a>&nbsp;&nbsp;&nbsp;check_txb
<LI><a href="#[9f]">&gt;&gt;</a>&nbsp;&nbsp;&nbsp;WriteCanB
</UL>
<BR>[Called By]<UL><LI><a href="#[58]">&gt;&gt;</a>&nbsp;&nbsp;&nbsp;send_hse_state
</UL>

<P><STRONG><a name="[a7]"></a>time_message_b</STRONG> (Thumb, 74 bytes, Stack size 4 bytes, can_b.o(.text))
<BR><BR>[Stack]<UL><LI>Max Depth = 28<LI>Call Chain = time_message_b &rArr; WriteCanB
</UL>
<BR>[Calls]<UL><LI><a href="#[9e]">&gt;&gt;</a>&nbsp;&nbsp;&nbsp;check_txb
<LI><a href="#[9f]">&gt;&gt;</a>&nbsp;&nbsp;&nbsp;WriteCanB
</UL>
<BR>[Called By]<UL><LI><a href="#[5b]">&gt;&gt;</a>&nbsp;&nbsp;&nbsp;cycle
</UL>

<P><STRONG><a name="[a8]"></a>monitoring_message_canb</STRONG> (Thumb, 340 bytes, Stack size 8 bytes, can_b.o(.text))
<BR><BR>[Stack]<UL><LI>Max Depth = 32<LI>Call Chain = monitoring_message_canb &rArr; WriteCanB
</UL>
<BR>[Calls]<UL><LI><a href="#[9e]">&gt;&gt;</a>&nbsp;&nbsp;&nbsp;check_txb
<LI><a href="#[9f]">&gt;&gt;</a>&nbsp;&nbsp;&nbsp;WriteCanB
</UL>
<BR>[Called By]<UL><LI><a href="#[5b]">&gt;&gt;</a>&nbsp;&nbsp;&nbsp;cycle
</UL>

<P><STRONG><a name="[a9]"></a>init_can_c</STRONG> (Thumb, 4 bytes, Stack size 0 bytes, can_c.o(.text))
<BR><BR>[Stack]<UL><LI>Max Depth = 28<LI>Call Chain = init_can_c &rArr; mcp2515_can_init &rArr; mcp2515_modify_reg
</UL>
<BR>[Calls]<UL><LI><a href="#[aa]">&gt;&gt;</a>&nbsp;&nbsp;&nbsp;mcp2515_can_init
</UL>
<BR>[Called By]<UL><LI><a href="#[51]">&gt;&gt;</a>&nbsp;&nbsp;&nbsp;main
<LI><a href="#[130]">&gt;&gt;</a>&nbsp;&nbsp;&nbsp;LpcCanInit
</UL>

<P><STRONG><a name="[ab]"></a>ReadCanC</STRONG> (Thumb, 396 bytes, Stack size 32 bytes, can_c.o(.text))
<BR><BR>[Stack]<UL><LI>Max Depth = 272<LI>Call Chain = ReadCanC &rArr; handle_input &rArr; cancel_other_landing_call &rArr; set_out &rArr; set_out_c &rArr; check_txc &rArr; write_errorhist &rArr; transmit_emergency &rArr; WriteCanA
</UL>
<BR>[Calls]<UL><LI><a href="#[88]">&gt;&gt;</a>&nbsp;&nbsp;&nbsp;handle_input
<LI><a href="#[65]">&gt;&gt;</a>&nbsp;&nbsp;&nbsp;set_out
</UL>
<BR>[Called By]<UL><LI><a href="#[5b]">&gt;&gt;</a>&nbsp;&nbsp;&nbsp;cycle
</UL>

<P><STRONG><a name="[ac]"></a>check_txc</STRONG> (Thumb, 66 bytes, Stack size 8 bytes, can_c.o(.text))
<BR><BR>[Stack]<UL><LI>Max Depth = 72<LI>Call Chain = check_txc &rArr; write_errorhist &rArr; transmit_emergency &rArr; WriteCanA
</UL>
<BR>[Calls]<UL><LI><a href="#[64]">&gt;&gt;</a>&nbsp;&nbsp;&nbsp;write_errorhist
</UL>
<BR>[Called By]<UL><LI><a href="#[b0]">&gt;&gt;</a>&nbsp;&nbsp;&nbsp;send_heartbeat_c
<LI><a href="#[a1]">&gt;&gt;</a>&nbsp;&nbsp;&nbsp;set_hallcall_c
<LI><a href="#[79]">&gt;&gt;</a>&nbsp;&nbsp;&nbsp;set_out_c
</UL>

<P><STRONG><a name="[ad]"></a>WriteCanC</STRONG> (Thumb, 176 bytes, Stack size 40 bytes, can_c.o(.text))
<BR><BR>[Stack]<UL><LI>Max Depth = 52<LI>Call Chain = WriteCanC &rArr; mcp2515_send
</UL>
<BR>[Calls]<UL><LI><a href="#[ae]">&gt;&gt;</a>&nbsp;&nbsp;&nbsp;mcp2515_send
<LI><a href="#[af]">&gt;&gt;</a>&nbsp;&nbsp;&nbsp;mcp2515_modify_reg
</UL>
<BR>[Called By]<UL><LI><a href="#[a1]">&gt;&gt;</a>&nbsp;&nbsp;&nbsp;set_hallcall_c
<LI><a href="#[79]">&gt;&gt;</a>&nbsp;&nbsp;&nbsp;set_out_c
</UL>

<P><STRONG><a name="[b0]"></a>send_heartbeat_c</STRONG> (Thumb, 124 bytes, Stack size 24 bytes, can_c.o(.text))
<BR><BR>[Stack]<UL><LI>Max Depth = 96<LI>Call Chain = send_heartbeat_c &rArr; check_txc &rArr; write_errorhist &rArr; transmit_emergency &rArr; WriteCanA
</UL>
<BR>[Calls]<UL><LI><a href="#[ae]">&gt;&gt;</a>&nbsp;&nbsp;&nbsp;mcp2515_send
<LI><a href="#[af]">&gt;&gt;</a>&nbsp;&nbsp;&nbsp;mcp2515_modify_reg
<LI><a href="#[ac]">&gt;&gt;</a>&nbsp;&nbsp;&nbsp;check_txc
</UL>
<BR>[Called By]<UL><LI><a href="#[5b]">&gt;&gt;</a>&nbsp;&nbsp;&nbsp;cycle
</UL>

<P><STRONG><a name="[79]"></a>set_out_c</STRONG> (Thumb, 90 bytes, Stack size 32 bytes, can_c.o(.text))
<BR><BR>[Stack]<UL><LI>Max Depth = 104<LI>Call Chain = set_out_c &rArr; check_txc &rArr; write_errorhist &rArr; transmit_emergency &rArr; WriteCanA
</UL>
<BR>[Calls]<UL><LI><a href="#[ad]">&gt;&gt;</a>&nbsp;&nbsp;&nbsp;WriteCanC
<LI><a href="#[ac]">&gt;&gt;</a>&nbsp;&nbsp;&nbsp;check_txc
</UL>
<BR>[Called By]<UL><LI><a href="#[65]">&gt;&gt;</a>&nbsp;&nbsp;&nbsp;set_out
</UL>

<P><STRONG><a name="[a1]"></a>set_hallcall_c</STRONG> (Thumb, 72 bytes, Stack size 8 bytes, can_c.o(.text))
<BR><BR>[Stack]<UL><LI>Max Depth = 80<LI>Call Chain = set_hallcall_c &rArr; check_txc &rArr; write_errorhist &rArr; transmit_emergency &rArr; WriteCanA
</UL>
<BR>[Calls]<UL><LI><a href="#[ad]">&gt;&gt;</a>&nbsp;&nbsp;&nbsp;WriteCanC
<LI><a href="#[ac]">&gt;&gt;</a>&nbsp;&nbsp;&nbsp;check_txc
</UL>
<BR>[Called By]<UL><LI><a href="#[b5]">&gt;&gt;</a>&nbsp;&nbsp;&nbsp;read_hse_inputs
<LI><a href="#[a0]">&gt;&gt;</a>&nbsp;&nbsp;&nbsp;ReadCanB
</UL>

<P><STRONG><a name="[1cf]"></a>clear_rxc_buffer</STRONG> (Thumb, 50 bytes, Stack size 0 bytes, can_c.o(.text), UNUSED)

<P><STRONG><a name="[1d0]"></a>clear_txc_buffer</STRONG> (Thumb, 138 bytes, Stack size 0 bytes, can_c.o(.text), UNUSED)

<P><STRONG><a name="[b1]"></a>gse</STRONG> (Thumb, 272 bytes, Stack size 32 bytes, can_c.o(.text))
<BR><BR>[Stack]<UL><LI>Max Depth = 60<LI>Call Chain = gse &rArr; mcp2515_can_init &rArr; mcp2515_modify_reg
</UL>
<BR>[Calls]<UL><LI><a href="#[aa]">&gt;&gt;</a>&nbsp;&nbsp;&nbsp;mcp2515_can_init
[...]
</UL>
<BR>[Calls]<UL><LI><a href="#[186]">&gt;&gt;</a>&nbsp;&nbsp;&nbsp;_printf_cs_common
</UL>
<BR>[Called By]<UL><LI><a href="#[45]">&gt;&gt;</a>&nbsp;&nbsp;&nbsp;_printf_s
</UL>

<P><STRONG><a name="[177]"></a>_chval</STRONG> (Thumb, 28 bytes, Stack size 0 bytes, _chval.o(.text))
<BR><BR>[Called By]<UL><LI><a href="#[176]">&gt;&gt;</a>&nbsp;&nbsp;&nbsp;_scanf_int
</UL>

<P><STRONG><a name="[175]"></a>__vfscanf_char</STRONG> (Thumb, 24 bytes, Stack size 0 bytes, scanf_char.o(.text))
<BR><BR>[Stack]<UL><LI>Max Depth = 152<LI>Call Chain = __vfscanf_char &rArr; __vfscanf &rArr; _scanf_int
</UL>
<BR>[Calls]<UL><LI><a href="#[187]">&gt;&gt;</a>&nbsp;&nbsp;&nbsp;__vfscanf
</UL>
<BR>[Called By]<UL><LI><a href="#[121]">&gt;&gt;</a>&nbsp;&nbsp;&nbsp;__0sscanf
</UL>

<P><STRONG><a name="[31]"></a>_sgetc</STRONG> (Thumb, 30 bytes, Stack size 0 bytes, _sgetc.o(.text))
<BR>[Address Reference Count : 1]<UL><LI> __0sscanf.o(.text)
</UL>
<P><STRONG><a name="[32]"></a>_sbackspace</STRONG> (Thumb, 34 bytes, Stack size 0 bytes, _sgetc.o(.text))
<BR>[Address Reference Count : 1]<UL><LI> __0sscanf.o(.text)
</UL>
<P><STRONG><a name="[48]"></a>__rt_locale</STRONG> (Thumb, 8 bytes, Stack size 0 bytes, rt_locale_intlibspace.o(.text))
<BR><BR>[Called By]<UL><LI><a href="#[47]">&gt;&gt;</a>&nbsp;&nbsp;&nbsp;__rt_lib_init_lc_common
<LI><a href="#[188]">&gt;&gt;</a>&nbsp;&nbsp;&nbsp;__rt_ctype_table
<LI><a href="#[183]">&gt;&gt;</a>&nbsp;&nbsp;&nbsp;_printf_fp_dec_real
</UL>

<P><STRONG><a name="[17b]"></a>__aeabi_errno_addr</STRONG> (Thumb, 8 bytes, Stack size 0 bytes, rt_errno_addr_intlibspace.o(.text))
<BR><BR>[Called By]<UL><LI><a href="#[17c]">&gt;&gt;</a>&nbsp;&nbsp;&nbsp;__set_errno
<LI><a href="#[17a]">&gt;&gt;</a>&nbsp;&nbsp;&nbsp;__read_errno
</UL>

<P><STRONG><a name="[1ec]"></a>__errno$intlibspace</STRONG> (Thumb, 0 bytes, Stack size 0 bytes, rt_errno_addr_intlibspace.o(.text), UNUSED)

<P><STRONG><a name="[1ed]"></a>__rt_errno_addr$intlibspace</STRONG> (Thumb, 0 bytes, Stack size 0 bytes, rt_errno_addr_intlibspace.o(.text), UNUSED)

<P><STRONG><a name="[182]"></a>_ll_udiv10</STRONG> (Thumb, 138 bytes, Stack size 12 bytes, lludiv10.o(.text))
<BR><BR>[Stack]<UL><LI>Max Depth = 12<LI>Call Chain = _ll_udiv10
</UL>
<BR>[Called By]<UL><LI><a href="#[17d]">&gt;&gt;</a>&nbsp;&nbsp;&nbsp;_fp_digits
</UL>

<P><STRONG><a name="[35]"></a>isspace</STRONG> (Thumb, 18 bytes, Stack size 8 bytes, isspace.o(.text))
<BR><BR>[Stack]<UL><LI>Max Depth = 16<LI>Call Chain = isspace &rArr; __rt_ctype_table
</UL>
<BR>[Calls]<UL><LI><a href="#[188]">&gt;&gt;</a>&nbsp;&nbsp;&nbsp;__rt_ctype_table
</UL>
<BR>[Address Reference Count : 1]<UL><LI> scanf_char.o(.text)
</UL>
<P><STRONG><a name="[185]"></a>_printf_fp_infnan</STRONG> (Thumb, 112 bytes, Stack size 24 bytes, _printf_fp_infnan.o(.text))
<BR><BR>[Stack]<UL><LI>Max Depth = 40<LI>Call Chain = _printf_fp_infnan &rArr; _printf_post_padding
</UL>
<BR>[Calls]<UL><LI><a href="#[170]">&gt;&gt;</a>&nbsp;&nbsp;&nbsp;_printf_post_padding
<LI><a href="#[16f]">&gt;&gt;</a>&nbsp;&nbsp;&nbsp;_printf_pre_padding
</UL>
<BR>[Called By]<UL><LI><a href="#[183]">&gt;&gt;</a>&nbsp;&nbsp;&nbsp;_printf_fp_dec_real
</UL>

<P><STRONG><a name="[187]"></a>__vfscanf</STRONG> (Thumb, 880 bytes, Stack size 96 bytes, _scanf.o(.text))
<BR><BR>[Stack]<UL><LI>Max Depth = 152<LI>Call Chain = __vfscanf &rArr; _scanf_int
</UL>
<BR>[Calls]<UL><LI><a href="#[176]">&gt;&gt;</a>&nbsp;&nbsp;&nbsp;_scanf_int
</UL>
<BR>[Called By]<UL><LI><a href="#[175]">&gt;&gt;</a>&nbsp;&nbsp;&nbsp;__vfscanf_char
</UL>

<P><STRONG><a name="[17e]"></a>_btod_etento</STRONG> (Thumb, 224 bytes, Stack size 72 bytes, bigflt0.o(.text))
<BR><BR>[Stack]<UL><LI>Max Depth = 124<LI>Call Chain = _btod_etento &rArr; _btod_emul &rArr; _e2e
</UL>
<BR>[Calls]<UL><LI><a href="#[181]">&gt;&gt;</a>&nbsp;&nbsp;&nbsp;_btod_emul
<LI><a href="#[180]">&gt;&gt;</a>&nbsp;&nbsp;&nbsp;_btod_ediv
</UL>
<BR>[Called By]<UL><LI><a href="#[17d]">&gt;&gt;</a>&nbsp;&nbsp;&nbsp;_fp_digits
</UL>

<P><STRONG><a name="[1ee]"></a>__user_libspace</STRONG> (Thumb, 8 bytes, Stack size 0 bytes, libspace.o(.text), UNUSED)

<P><STRONG><a name="[189]"></a>__user_perproc_libspace</STRONG> (Thumb, 0 bytes, Stack size 0 bytes, libspace.o(.text))
<BR><BR>[Called By]<UL><LI><a href="#[4d]">&gt;&gt;</a>&nbsp;&nbsp;&nbsp;__user_setup_stackheap
</UL>

<P><STRONG><a name="[1ef]"></a>__user_perthread_libspace</STRONG> (Thumb, 0 bytes, Stack size 0 bytes, libspace.o(.text), UNUSED)

<P><STRONG><a name="[4d]"></a>__user_setup_stackheap</STRONG> (Thumb, 74 bytes, Stack size 8 bytes, sys_stackheap_outer.o(.text))
<BR><BR>[Stack]<UL><LI>Max Depth = 8 + Unknown Stack Size
<LI>Call Chain = __user_setup_stackheap
</UL>
<BR>[Calls]<UL><LI><a href="#[38]">&gt;&gt;</a>&nbsp;&nbsp;&nbsp;__user_initial_stackheap
<LI><a href="#[189]">&gt;&gt;</a>&nbsp;&nbsp;&nbsp;__user_perproc_libspace
</UL>
<BR>[Called By]<UL><LI><a href="#[4c]">&gt;&gt;</a>&nbsp;&nbsp;&nbsp;__rt_entry_sh
</UL>

<P><STRONG><a name="[188]"></a>__rt_ctype_table</STRONG> (Thumb, 16 bytes, Stack size 8 bytes, rt_ctype_table.o(.text))
<BR><BR>[Stack]<UL><LI>Max Depth = 8<LI>Call Chain = __rt_ctype_table
</UL>
<BR>[Calls]<UL><LI><a href="#[48]">&gt;&gt;</a>&nbsp;&nbsp;&nbsp;__rt_locale
</UL>
<BR>[Called By]<UL><LI><a href="#[35]">&gt;&gt;</a>&nbsp;&nbsp;&nbsp;isspace
</UL>

<P><STRONG><a name="[52]"></a>exit</STRONG> (Thumb, 18 bytes, Stack size 8 bytes, exit.o(.text))
<BR><BR>[Stack]<UL><LI>Max Depth = 8 + Unknown Stack Size
<LI>Call Chain = exit
</UL>
<BR>[Calls]<UL><LI><a href="#[18a]">&gt;&gt;</a>&nbsp;&nbsp;&nbsp;__rt_exit
</UL>
<BR>[Called By]<UL><LI><a href="#[50]">&gt;&gt;</a>&nbsp;&nbsp;&nbsp;__rt_entry_main
</UL>

<P><STRONG><a name="[191]"></a>strcmp</STRONG> (Thumb, 128 bytes, Stack size 0 bytes, strcmpv7m.o(.text))
<BR><BR>[Called By]<UL><LI><a href="#[36]">&gt;&gt;</a>&nbsp;&nbsp;&nbsp;_get_lc_ctype
<LI><a href="#[4b]">&gt;&gt;</a>&nbsp;&nbsp;&nbsp;_get_lc_numeric
</UL>

<P><STRONG><a name="[56]"></a>_sys_exit</STRONG> (Thumb, 8 bytes, Stack size 0 bytes, sys_exit.o(.text))
<BR><BR>[Called By]<UL><LI><a href="#[55]">&gt;&gt;</a>&nbsp;&nbsp;&nbsp;__rt_exit_exit
</UL>

<P><STRONG><a name="[1f0]"></a>__semihosting_library_function</STRONG> (Thumb, 0 bytes, Stack size 0 bytes, indicate_semi.o(.text), UNUSED)

<P><STRONG><a name="[17f]"></a>_btod_d2e</STRONG> (Thumb, 62 bytes, Stack size 0 bytes, btod.o(CL$$btod_d2e))
<BR><BR>[Calls]<UL><LI><a href="#[18b]">&gt;&gt;</a>&nbsp;&nbsp;&nbsp;_d2e_norm_op1
</UL>
<BR>[Called By]<UL><LI><a href="#[17d]">&gt;&gt;</a>&nbsp;&nbsp;&nbsp;_fp_digits
</UL>

<P><STRONG><a name="[18c]"></a>_d2e_denorm_low</STRONG> (Thumb, 70 bytes, Stack size 0 bytes, btod.o(CL$$btod_d2e_denorm_low))
<BR><BR>[Called By]<UL><LI><a href="#[18b]">&gt;&gt;</a>&nbsp;&nbsp;&nbsp;_d2e_norm_op1
</UL>

<P><STRONG><a name="[18b]"></a>_d2e_norm_op1</STRONG> (Thumb, 96 bytes, Stack size 0 bytes, btod.o(CL$$btod_d2e_norm_op1))
<BR><BR>[Calls]<UL><LI><a href="#[18c]">&gt;&gt;</a>&nbsp;&nbsp;&nbsp;_d2e_denorm_low
</UL>
<BR>[Called By]<UL><LI><a href="#[17f]">&gt;&gt;</a>&nbsp;&nbsp;&nbsp;_btod_d2e
</UL>

<P><STRONG><a name="[18d]"></a>__btod_div_common</STRONG> (Thumb, 696 bytes, Stack size 24 bytes, btod.o(CL$$btod_div_common))
<BR><BR>[Stack]<UL><LI>Max Depth = 24<LI>Call Chain = __btod_div_common
</UL>
<BR>[Called By]<UL><LI><a href="#[180]">&gt;&gt;</a>&nbsp;&nbsp;&nbsp;_btod_ediv
</UL>

<P><STRONG><a name="[18e]"></a>_e2e</STRONG> (Thumb, 220 bytes, Stack size 24 bytes, btod.o(CL$$btod_e2e))
<BR><BR>[Stack]<UL><LI>Max Depth = 24<LI>Call Chain = _e2e
</UL>
<BR>[Called By]<UL><LI><a href="#[181]">&gt;&gt;</a>&nbsp;&nbsp;&nbsp;_btod_emul
<LI><a href="#[180]">&gt;&gt;</a>&nbsp;&nbsp;&nbsp;_btod_ediv
</UL>

<P><STRONG><a name="[180]"></a>_btod_ediv</STRONG> (Thumb, 42 bytes, Stack size 28 bytes, btod.o(CL$$btod_ediv))
<BR><BR>[Stack]<UL><LI>Max Depth = 52<LI>Call Chain = _btod_ediv &rArr; _e2e
</UL>
<BR>[Calls]<UL><LI><a href="#[18e]">&gt;&gt;</a>&nbsp;&nbsp;&nbsp;_e2e
<LI><a href="#[18d]">&gt;&gt;</a>&nbsp;&nbsp;&nbsp;__btod_div_common
</UL>
<BR>[Called By]<UL><LI><a href="#[17e]">&gt;&gt;</a>&nbsp;&nbsp;&nbsp;_btod_etento
<LI><a href="#[17d]">&gt;&gt;</a>&nbsp;&nbsp;&nbsp;_fp_digits
</UL>

<P><STRONG><a name="[181]"></a>_btod_emul</STRONG> (Thumb, 42 bytes, Stack size 28 bytes, btod.o(CL$$btod_emul))
<BR><BR>[Stack]<UL><LI>Max Depth = 52<LI>Call Chain = _btod_emul &rArr; _e2e
</UL>
<BR>[Calls]<UL><LI><a href="#[18f]">&gt;&gt;</a>&nbsp;&nbsp;&nbsp;__btod_mult_common
<LI><a href="#[18e]">&gt;&gt;</a>&nbsp;&nbsp;&nbsp;_e2e
</UL>
<BR>[Called By]<UL><LI><a href="#[17e]">&gt;&gt;</a>&nbsp;&nbsp;&nbsp;_btod_etento
<LI><a href="#[17d]">&gt;&gt;</a>&nbsp;&nbsp;&nbsp;_fp_digits
</UL>

<P><STRONG><a name="[18f]"></a>__btod_mult_common</STRONG> (Thumb, 580 bytes, Stack size 16 bytes, btod.o(CL$$btod_mult_common))
<BR><BR>[Stack]<UL><LI>Max Depth = 16<LI>Call Chain = __btod_mult_common
</UL>
<BR>[Called By]<UL><LI><a href="#[181]">&gt;&gt;</a>&nbsp;&nbsp;&nbsp;_btod_emul
</UL>

<P><STRONG><a name="[104]"></a>__ARM_common_memclr4_8</STRONG> (Thumb, 8 bytes, Stack size 0 bytes, io.o(i.__ARM_common_memclr4_8))
<BR><BR>[Called By]<UL><LI><a href="#[cd]">&gt;&gt;</a>&nbsp;&nbsp;&nbsp;ConductLedDisplay
<LI><a href="#[103]">&gt;&gt;</a>&nbsp;&nbsp;&nbsp;RenderLedDisplay
</UL>

<P><STRONG><a name="[105]"></a>__ARM_common_memcpy4_5</STRONG> (Thumb, 10 bytes, Stack size 0 bytes, io.o(i.__ARM_common_memcpy4_5))
<BR><BR>[Called By]<UL><LI><a href="#[cd]">&gt;&gt;</a>&nbsp;&nbsp;&nbsp;ConductLedDisplay
<LI><a href="#[51]">&gt;&gt;</a>&nbsp;&nbsp;&nbsp;main
<LI><a href="#[103]">&gt;&gt;</a>&nbsp;&nbsp;&nbsp;RenderLedDisplay
</UL>

<P><STRONG><a name="[184]"></a>__ARM_fpclassify</STRONG> (Thumb, 40 bytes, Stack size 0 bytes, fpclassify.o(i.__ARM_fpclassify))
<BR><BR>[Called By]<UL><LI><a href="#[183]">&gt;&gt;</a>&nbsp;&nbsp;&nbsp;_printf_fp_dec_real
</UL>

<P><STRONG><a name="[173]"></a>_is_digit</STRONG> (Thumb, 14 bytes, Stack size 0 bytes, __printf_wp.o(i._is_digit))
<BR><BR>[Called By]<UL><LI><a href="#[172]">&gt;&gt;</a>&nbsp;&nbsp;&nbsp;__printf
</UL>

<P><STRONG><a name="[15a]"></a>sqrt</STRONG> (Thumb, 76 bytes, Stack size 24 bytes, sqrt.o(i.sqrt))
<BR><BR>[Stack]<UL><LI>Max Depth = 64<LI>Call Chain = sqrt &rArr; _dsqrt &rArr; __fpl_dnaninf
</UL>
<BR>[Calls]<UL><LI><a href="#[190]">&gt;&gt;</a>&nbsp;&nbsp;&nbsp;_dsqrt
<LI><a href="#[17c]">&gt;&gt;</a>&nbsp;&nbsp;&nbsp;__set_errno
</UL>
<BR>[Called By]<UL><LI><a href="#[148]">&gt;&gt;</a>&nbsp;&nbsp;&nbsp;menu
</UL>

<P><STRONG><a name="[4b]"></a>_get_lc_numeric</STRONG> (Thumb, 44 bytes, Stack size 8 bytes, lc_numeric_c.o(locale$$code))
<BR><BR>[Stack]<UL><LI>Max Depth = 8<LI>Call Chain = _get_lc_numeric
</UL>
<BR>[Calls]<UL><LI><a href="#[191]">&gt;&gt;</a>&nbsp;&nbsp;&nbsp;strcmp
</UL>
<BR>[Called By]<UL><LI><a href="#[4a]">&gt;&gt;</a>&nbsp;&nbsp;&nbsp;__rt_lib_init_lc_numeric_2
</UL>

<P><STRONG><a name="[36]"></a>_get_lc_ctype</STRONG> (Thumb, 44 bytes, Stack size 8 bytes, lc_ctype_c.o(locale$$code))
<BR><BR>[Stack]<UL><LI>Max Depth = 8<LI>Call Chain = _get_lc_ctype
</UL>
<BR>[Calls]<UL><LI><a href="#[191]">&gt;&gt;</a>&nbsp;&nbsp;&nbsp;strcmp
</UL>
<BR>[Called By]<UL><LI><a href="#[49]">&gt;&gt;</a>&nbsp;&nbsp;&nbsp;__rt_lib_init_lc_ctype_2
</UL>
<BR>[Address Reference Count : 1]<UL><LI> rt_ctype_table.o(.text)
</UL>
<P><STRONG><a name="[15b]"></a>__aeabi_d2uiz</STRONG> (Thumb, 0 bytes, Stack size 32 bytes, dfixu.o(x$fpl$dfixu))
<BR><BR>[Stack]<UL><LI>Max Depth = 32<LI>Call Chain = __aeabi_d2uiz
</UL>
<BR>[Called By]<UL><LI><a href="#[148]">&gt;&gt;</a>&nbsp;&nbsp;&nbsp;menu
</UL>

<P><STRONG><a name="[192]"></a>_dfixu</STRONG> (Thumb, 90 bytes, Stack size 32 bytes, dfixu.o(x$fpl$dfixu), UNUSED)
<BR><BR>[Calls]<UL><LI><a href="#[193]">&gt;&gt;</a>&nbsp;&nbsp;&nbsp;__fpl_dnaninf
</UL>

<P><STRONG><a name="[159]"></a>__aeabi_i2d</STRONG> (Thumb, 0 bytes, Stack size 0 bytes, dflt_clz.o(x$fpl$dflt))
<BR><BR>[Called By]<UL><LI><a href="#[148]">&gt;&gt;</a>&nbsp;&nbsp;&nbsp;menu
</UL>

<P><STRONG><a name="[1f1]"></a>_dflt</STRONG> (Thumb, 46 bytes, Stack size 0 bytes, dflt_clz.o(x$fpl$dflt), UNUSED)

<P><STRONG><a name="[193]"></a>__fpl_dnaninf</STRONG> (Thumb, 156 bytes, Stack size 16 bytes, dnaninf.o(x$fpl$dnaninf))
<BR><BR>[Stack]<UL><LI>Max Depth = 16<LI>Call Chain = __fpl_dnaninf
</UL>
<BR>[Called By]<UL><LI><a href="#[190]">&gt;&gt;</a>&nbsp;&nbsp;&nbsp;_dsqrt
<LI><a href="#[192]">&gt;&gt;</a>&nbsp;&nbsp;&nbsp;_dfixu
</UL>

<P><STRONG><a name="[196]"></a>__fpl_dretinf</STRONG> (Thumb, 12 bytes, Stack size 0 bytes, dretinf.o(x$fpl$dretinf), UNUSED)
<BR><BR>[Called By]<UL><LI><a href="#[194]">&gt;&gt;</a>&nbsp;&nbsp;&nbsp;_f2d
</UL>

<P><STRONG><a name="[190]"></a>_dsqrt</STRONG> (Thumb, 456 bytes, Stack size 24 bytes, dsqrt_noumaal.o(x$fpl$dsqrt))
<BR><BR>[Stack]<UL><LI>Max Depth = 40<LI>Call Chain = _dsqrt &rArr; __fpl_dnaninf
</UL>
<BR>[Calls]<UL><LI><a href="#[193]">&gt;&gt;</a>&nbsp;&nbsp;&nbsp;__fpl_dnaninf
</UL>
<BR>[Called By]<UL><LI><a href="#[15a]">&gt;&gt;</a>&nbsp;&nbsp;&nbsp;sqrt
</UL>

<P><STRONG><a name="[118]"></a>__aeabi_f2d</STRONG> (Thumb, 0 bytes, Stack size 16 bytes, f2d.o(x$fpl$f2d))
<BR><BR>[Stack]<UL><LI>Max Depth = 16<LI>Call Chain = __aeabi_f2d
</UL>
<BR>[Called By]<UL><LI><a href="#[148]">&gt;&gt;</a>&nbsp;&nbsp;&nbsp;menu
<LI><a href="#[125]">&gt;&gt;</a>&nbsp;&nbsp;&nbsp;GetLoadVoltageBuff
<LI><a href="#[11a]">&gt;&gt;</a>&nbsp;&nbsp;&nbsp;display_hist_detail
<LI><a href="#[115]">&gt;&gt;</a>&nbsp;&nbsp;&nbsp;display_paravalue
</UL>

<P><STRONG><a name="[194]"></a>_f2d</STRONG> (Thumb, 86 bytes, Stack size 16 bytes, f2d.o(x$fpl$f2d), UNUSED)
<BR><BR>[Calls]<UL><LI><a href="#[195]">&gt;&gt;</a>&nbsp;&nbsp;&nbsp;__fpl_fnaninf
<LI><a href="#[196]">&gt;&gt;</a>&nbsp;&nbsp;&nbsp;__fpl_dretinf
</UL>

<P><STRONG><a name="[1f2]"></a>__aeabi_fadd</STRONG> (Thumb, 0 bytes, Stack size 16 bytes, faddsub_clz.o(x$fpl$fadd), UNUSED)

<P><STRONG><a name="[197]"></a>_fadd</STRONG> (Thumb, 196 bytes, Stack size 16 bytes, faddsub_clz.o(x$fpl$fadd), UNUSED)
<BR><BR>[Calls]<UL><LI><a href="#[199]">&gt;&gt;</a>&nbsp;&nbsp;&nbsp;__fpl_fretinf
<LI><a href="#[195]">&gt;&gt;</a>&nbsp;&nbsp;&nbsp;__fpl_fnaninf
<LI><a href="#[198]">&gt;&gt;</a>&nbsp;&nbsp;&nbsp;_fsub1
</UL>

<P><STRONG><a name="[117]"></a>__aeabi_fdiv</STRONG> (Thumb, 0 bytes, Stack size 16 bytes, fdiv.o(x$fpl$fdiv))
<BR><BR>[Stack]<UL><LI>Max Depth = 16<LI>Call Chain = __aeabi_fdiv
</UL>
<BR>[Called By]<UL><LI><a href="#[148]">&gt;&gt;</a>&nbsp;&nbsp;&nbsp;menu
<LI><a href="#[125]">&gt;&gt;</a>&nbsp;&nbsp;&nbsp;GetLoadVoltageBuff
<LI><a href="#[11a]">&gt;&gt;</a>&nbsp;&nbsp;&nbsp;display_hist_detail
<LI><a href="#[115]">&gt;&gt;</a>&nbsp;&nbsp;&nbsp;display_paravalue
</UL>

<P><STRONG><a name="[19a]"></a>_fdiv</STRONG> (Thumb, 384 bytes, Stack size 16 bytes, fdiv.o(x$fpl$fdiv), UNUSED)
<BR><BR>[Calls]<UL><LI><a href="#[199]">&gt;&gt;</a>&nbsp;&nbsp;&nbsp;__fpl_fretinf
<LI><a href="#[195]">&gt;&gt;</a>&nbsp;&nbsp;&nbsp;__fpl_fnaninf
</UL>

<P><STRONG><a name="[14d]"></a>__aeabi_f2uiz</STRONG> (Thumb, 0 bytes, Stack size 16 bytes, ffixu.o(x$fpl$ffixu))
<BR><BR>[Stack]<UL><LI>Max Depth = 16<LI>Call Chain = __aeabi_f2uiz
</UL>
<BR>[Called By]<UL><LI><a href="#[148]">&gt;&gt;</a>&nbsp;&nbsp;&nbsp;menu
</UL>

<P><STRONG><a name="[19b]"></a>_ffixu</STRONG> (Thumb, 62 bytes, Stack size 16 bytes, ffixu.o(x$fpl$ffixu), UNUSED)
<BR><BR>[Calls]<UL><LI><a href="#[195]">&gt;&gt;</a>&nbsp;&nbsp;&nbsp;__fpl_fnaninf
</UL>

<P><STRONG><a name="[116]"></a>__aeabi_ui2f</STRONG> (Thumb, 0 bytes, Stack size 0 bytes, fflt_clz.o(x$fpl$ffltu))
<BR><BR>[Called By]<UL><LI><a href="#[148]">&gt;&gt;</a>&nbsp;&nbsp;&nbsp;menu
<LI><a href="#[125]">&gt;&gt;</a>&nbsp;&nbsp;&nbsp;GetLoadVoltageBuff
<LI><a href="#[11a]">&gt;&gt;</a>&nbsp;&nbsp;&nbsp;display_hist_detail
<LI><a href="#[115]">&gt;&gt;</a>&nbsp;&nbsp;&nbsp;display_paravalue
</UL>

<P><STRONG><a name="[1f3]"></a>_ffltu</STRONG> (Thumb, 38 bytes, Stack size 0 bytes, fflt_clz.o(x$fpl$ffltu), UNUSED)

<P><STRONG><a name="[126]"></a>__aeabi_fmul</STRONG> (Thumb, 0 bytes, Stack size 16 bytes, fmul.o(x$fpl$fmul))
<BR><BR>[Stack]<UL><LI>Max Depth = 16<LI>Call Chain = __aeabi_fmul
</UL>
<BR>[Called By]<UL><LI><a href="#[125]">&gt;&gt;</a>&nbsp;&nbsp;&nbsp;GetLoadVoltageBuff
</UL>

<P><STRONG><a name="[19c]"></a>_fmul</STRONG> (Thumb, 258 bytes, Stack size 16 bytes, fmul.o(x$fpl$fmul), UNUSED)
<BR><BR>[Calls]<UL><LI><a href="#[199]">&gt;&gt;</a>&nbsp;&nbsp;&nbsp;__fpl_fretinf
<LI><a href="#[195]">&gt;&gt;</a>&nbsp;&nbsp;&nbsp;__fpl_fnaninf
</UL>

<P><STRONG><a name="[195]"></a>__fpl_fnaninf</STRONG> (Thumb, 140 bytes, Stack size 8 bytes, fnaninf.o(x$fpl$fnaninf), UNUSED)
<BR><BR>[Called By]<UL><LI><a href="#[19c]">&gt;&gt;</a>&nbsp;&nbsp;&nbsp;_fmul
<LI><a href="#[19b]">&gt;&gt;</a>&nbsp;&nbsp;&nbsp;_ffixu
<LI><a href="#[19a]">&gt;&gt;</a>&nbsp;&nbsp;&nbsp;_fdiv
<LI><a href="#[19d]">&gt;&gt;</a>&nbsp;&nbsp;&nbsp;_fsub
<LI><a href="#[197]">&gt;&gt;</a>&nbsp;&nbsp;&nbsp;_fadd
<LI><a href="#[194]">&gt;&gt;</a>&nbsp;&nbsp;&nbsp;_f2d
</UL>

<P><STRONG><a name="[199]"></a>__fpl_fretinf</STRONG> (Thumb, 10 bytes, Stack size 0 bytes, fretinf.o(x$fpl$fretinf), UNUSED)
<BR><BR>[Called By]<UL><LI><a href="#[19c]">&gt;&gt;</a>&nbsp;&nbsp;&nbsp;_fmul
<LI><a href="#[19a]">&gt;&gt;</a>&nbsp;&nbsp;&nbsp;_fdiv
<LI><a href="#[197]">&gt;&gt;</a>&nbsp;&nbsp;&nbsp;_fadd
</UL>

<P><STRONG><a name="[11b]"></a>__aeabi_fsub</STRONG> (Thumb, 0 bytes, Stack size 16 bytes, faddsub_clz.o(x$fpl$fsub))
<BR><BR>[Stack]<UL><LI>Max Depth = 16<LI>Call Chain = __aeabi_fsub
</UL>
<BR>[Called By]<UL><LI><a href="#[11a]">&gt;&gt;</a>&nbsp;&nbsp;&nbsp;display_hist_detail
</UL>

<P><STRONG><a name="[19d]"></a>_fsub</STRONG> (Thumb, 234 bytes, Stack size 16 bytes, faddsub_clz.o(x$fpl$fsub), UNUSED)
<BR><BR>[Calls]<UL><LI><a href="#[195]">&gt;&gt;</a>&nbsp;&nbsp;&nbsp;__fpl_fnaninf
<LI><a href="#[19e]">&gt;&gt;</a>&nbsp;&nbsp;&nbsp;_fadd1
</UL>

<P><STRONG><a name="[3d]"></a>_printf_fp_dec</STRONG> (Thumb, 4 bytes, Stack size 0 bytes, printf1.o(x$fpl$printf1))
<BR><BR>[Stack]<UL><LI>Max Depth = 324<LI>Call Chain = _printf_fp_dec &rArr; _printf_fp_dec_real &rArr; _fp_digits &rArr; _btod_etento &rArr; _btod_emul &rArr; _e2e
</UL>
<BR>[Calls]<UL><LI><a href="#[183]">&gt;&gt;</a>&nbsp;&nbsp;&nbsp;_printf_fp_dec_real
</UL>
<BR>[Called By]<UL><LI><a href="#[3c]">&gt;&gt;</a>&nbsp;&nbsp;&nbsp;_printf_f
</UL>
<P>
<H3>
Local Symbols
</H3>
<P><STRONG><a name="[19e]"></a>_fadd1</STRONG> (Thumb, 0 bytes, Stack size unknown bytes, faddsub_clz.o(x$fpl$fadd), UNUSED)
<BR><BR>[Called By]<UL><LI><a href="#[19d]">&gt;&gt;</a>&nbsp;&nbsp;&nbsp;_fsub
</UL>

<P><STRONG><a name="[198]"></a>_fsub1</STRONG> (Thumb, 0 bytes, Stack size unknown bytes, faddsub_clz.o(x$fpl$fsub), UNUSED)
<BR><BR>[Called By]<UL><LI><a href="#[197]">&gt;&gt;</a>&nbsp;&nbsp;&nbsp;_fadd
</UL>

<P><STRONG><a name="[17d]"></a>_fp_digits</STRONG> (Thumb, 432 bytes, Stack size 96 bytes, _printf_fp_dec.o(.text))
<BR><BR>[Stack]<UL><LI>Max Depth = 220<LI>Call Chain = _fp_digits &rArr; _btod_etento &rArr; _btod_emul &rArr; _e2e
</UL>
<BR>[Calls]<UL><LI><a href="#[181]">&gt;&gt;</a>&nbsp;&nbsp;&nbsp;_btod_emul
<LI><a href="#[180]">&gt;&gt;</a>&nbsp;&nbsp;&nbsp;_btod_ediv
<LI><a href="#[17f]">&gt;&gt;</a>&nbsp;&nbsp;&nbsp;_btod_d2e
<LI><a href="#[17e]">&gt;&gt;</a>&nbsp;&nbsp;&nbsp;_btod_etento
<LI><a href="#[182]">&gt;&gt;</a>&nbsp;&nbsp;&nbsp;_ll_udiv10
</UL>
<BR>[Called By]<UL><LI><a href="#[183]">&gt;&gt;</a>&nbsp;&nbsp;&nbsp;_printf_fp_dec_real
</UL>

<P><STRONG><a name="[33]"></a>_printf_input_char</STRONG> (Thumb, 10 bytes, Stack size 0 bytes, _printf_char_common.o(.text))
<BR>[Address Reference Count : 1]<UL><LI> _printf_char_common.o(.text)
</UL>
<P><STRONG><a name="[34]"></a>_scanf_char_input</STRONG> (Thumb, 12 bytes, Stack size 0 bytes, scanf_char.o(.text))
<BR>[Address Reference Count : 1]<UL><LI> scanf_char.o(.text)
</UL><P>
<H3>
Undefined Global Symbols
</H3><HR></body></html>
