Component: ARM Compiler 5.06 update 7 (build 960) Tool: armlink [4d3601]

==============================================================================

Section Cross References

    startup_lpc17xx.o(STACKS) refers (Special) to heapauxi.o(.text) for __use_two_region_memory
    startup_lpc17xx.o(HEAP) refers (Special) to heapauxi.o(.text) for __use_two_region_memory
    startup_lpc17xx.o(RESET) refers (Special) to heapauxi.o(.text) for __use_two_region_memory
    startup_lpc17xx.o(RESET) refers to startup_lpc17xx.o(STACKS) for __initial_sp
    startup_lpc17xx.o(RESET) refers to startup_lpc17xx.o(.ARM.__at_0x02FC) for Reset_Handler
    startup_lpc17xx.o(RESET) refers to eeprom.o(.text) for SysTick_Handler
    startup_lpc17xx.o(RESET) refers to timer.o(.text) for TIMER0_IRQHandler
    startup_lpc17xx.o(RESET) refers to mcp2515.o(.text) for EINT1_IRQHandler
    startup_lpc17xx.o(RESET) refers to pos.o(.text) for EINT3_IRQHandler
    startup_lpc17xx.o(RESET) refers to can.o(.text) for CAN_IRQHandler
    startup_lpc17xx.o(.ARM.__at_0x02FC) refers (Special) to heapauxi.o(.text) for __use_two_region_memory
    startup_lpc17xx.o(.ARM.__at_0x02FC) refers to __main.o(!!!main) for __main
    startup_lpc17xx.o(.ARM.__at_0x02FC) refers to startup_lpc17xx.o(HEAP) for Heap_Mem
    startup_lpc17xx.o(.ARM.__at_0x02FC) refers to startup_lpc17xx.o(STACKS) for Stack_Mem
    arrival.o(.text) refers to can.o(.text) for send_hse_state
    arrival.o(.text) refers to pos.o(.text) for check_ilu_ild
    arrival.o(.text) refers to call.o(.text) for get_call
    arrival.o(.text) refers to history.o(.text) for write_errorhist
    arrival.o(.text) refers to state.o(.text) for set_state
    arrival.o(.text) refers to can_a.o(.text) for door_command
    arrival.o(.text) refers to cycle.o(.text) for cycle
    arrival.o(.text) refers to sp_trip.o(.text) for special_trip
    arrival.o(.text) refers to drive.o(.text) for emergency_stop
    arrival.o(.text) refers to io.o(.text) for fan_on
    arrival.o(.text) refers to parameter.o(.data) for calls_off
    arrival.o(.text) refers to parameter.o(.data) for doordelay
    arrival.o(.text) refers to parameter.o(.data) for door_zone
    arrival.o(.text) refers to parameter.o(.data) for dooropenerrorfloor
    arrival.o(.text) refers to parameter.o(SRAM) for p
    arrival.o(.text) refers to parameter.o(.data) for timer
    arrival.o(.text) refers to parameter.o(.data) for ct
    arrival.o(.text) refers to parameter.o(.data) for doornew
    arrival.o(.text) refers to parameter.o(.data) for landingcalldir
    arrival.o(.text) refers to parameter.o(.data) for calltype
    arrival.o(.text) refers to parameter.o(.data) for calldir
    arrival.o(.text) refers to parameter.o(.data) for fault_signal
    arrival.o(.text) refers to parameter.o(.data) for out_of_order
    arrival.o(.text) refers to parameter.o(.data) for target_floor
    arrival.o(.text) refers to parameter.o(.data) for callfloor
    arrival.o(.text) refers to parameter.o(.data) for callpriority
    arrival.o(.text) refers to parameter.o(.data) for firealarmfloor
    arrival.o(.text) refers to parameter.o(.data) for calldoors
    arrival.o(.text) refers to io.o(.data) for msi_trans_check
    arrival.o(.text) refers to io.o(.data) for msi_trans_num
    arrival.o(.text) refers to parameter.o(.data) for general_error
    arrival.o(.text) refers to parameter.o(.data) for hse_state
    arrival.o(.text) refers to parameter.o(.data) for dz_input
    arrival.o(.text) refers to parameter.o(.data) for adv_door_op_dly
    arrival.o(.text) refers to parameter.o(.data) for level
    arrival.o(.text) refers to nice5000.o(.data) for nice5000_Rstore_feedspd
    arrival.o(.text) refers to parameter.o(.data) for triperrorcount
    arrival.o(.text) refers to parameter.o(.data) for emp_power
    arrival.o(.text) refers to parameter.o(.data) for she_calldoor_double
    arrival.o(.text) refers to parameter.o(.data) for she_calldir
    arrival.o(.text) refers to parameter.o(.data) for door_off
    arrival.o(.text) refers to parameter.o(.data) for firedoormode
    arrival.o(.text) refers to parameter.o(.data) for doorstate
    arrival.o(.text) refers to parameter.o(.data) for gongoutputenable
    call.o(.text) refers to can.o(.text) for set_out
    call.o(.text) refers to parameter.o(.data) for calldir
    call.o(.text) refers to parameter.o(.data) for callfloor
    call.o(.text) refers to parameter.o(.data) for calltype
    call.o(.text) refers to parameter.o(.data) for calldoors
    call.o(.text) refers to parameter.o(.data) for next_calltime
    call.o(.text) refers to parameter.o(.data) for next_callfloor
    call.o(.text) refers to parameter.o(.data) for next_calltype
    call.o(.text) refers to parameter.o(.data) for next_calldoors
    call.o(.text) refers to parameter.o(.data) for calltype_old
    call.o(.text) refers to parameter.o(.data) for callfloor_old
    call.o(.text) refers to parameter.o(.data) for calldoors_old
[...]
    0x0001ebb4   0x0001ebb4   0x00000510   Code   RO         1366    .text               start.o
    0x0001f0c4   0x0001f0c4   0x00000c2c   Code   RO         1379    .text               state.o
    0x0001fcf0   0x0001fcf0   0x00002168   Code   RO         1398    .text               still.o
    0x00021e58   0x00021e58   0x00000554   Code   RO         1416    .text               teach.o
    0x000223ac   0x000223ac   0x000000d4   Code   RO         1428    .text               temperature.o
    0x00022480   0x00022480   0x00000308   Code   RO         1447    .text               term.o
    0x00022788   0x00022788   0x00001c24   Code   RO         1459    .text               test.o
    0x000243ac   0x000243ac   0x0000104c   Code   RO         1610    .text               timer.o
    0x000253f8   0x000253f8   0x00000554   Code   RO         1623    .text               tse.o
    0x0002594c   0x0002594c   0x00000048   Code   RO         1657    .text               wait.o
    0x00025994   0x00025994   0x0000002c   Code   RO         1671    .text               c_w.l(__2sprintf.o)
    0x000259c0   0x000259c0   0x0000004e   Code   RO         1677    .text               c_w.l(_printf_pad.o)
    0x00025a0e   0x00025a0e   0x00000052   Code   RO         1679    .text               c_w.l(_printf_str.o)
    0x00025a60   0x00025a60   0x00000078   Code   RO         1681    .text               c_w.l(_printf_dec.o)
    0x00025ad8   0x00025ad8   0x00000058   Code   RO         1686    .text               c_w.l(_printf_hex_int.o)
    0x00025b30   0x00025b30   0x00000188   Code   RO         1721    .text               c_w.l(__printf_flags_ss_wp.o)
    0x00025cb8   0x00025cb8   0x0000003c   Code   RO         1731    .text               c_w.l(__0sscanf.o)
    0x00025cf4   0x00025cf4   0x0000014c   Code   RO         1733    .text               c_w.l(_scanf_int.o)
    0x00025e40   0x00025e40   0x00000048   Code   RO         1735    .text               c_w.l(strcpy.o)
    0x00025e88   0x00025e88   0x0000003e   Code   RO         1737    .text               c_w.l(strlen.o)
    0x00025ec6   0x00025ec6   0x00000064   Code   RO         1739    .text               c_w.l(rt_memcpy_w.o)
    0x00025f2a   0x00025f2a   0x00000044   Code   RO         1741    .text               c_w.l(rt_memclr.o)
    0x00025f6e   0x00025f6e   0x0000004e   Code   RO         1743    .text               c_w.l(rt_memclr_w.o)
    0x00025fbc   0x00025fbc   0x00000016   Code   RO         1794    .text               c_w.l(_rserrno.o)
    0x00025fd2   0x00025fd2   0x000000b2   Code   RO         1796    .text               c_w.l(_printf_intcommon.o)
    0x00026084   0x00026084   0x0000041e   Code   RO         1798    .text               c_w.l(_printf_fp_dec.o)
    0x000264a2   0x000264a2   0x00000002   PAD
    0x000264a4   0x000264a4   0x00000030   Code   RO         1800    .text               c_w.l(_printf_char_common.o)
    0x000264d4   0x000264d4   0x0000000a   Code   RO         1802    .text               c_w.l(_sputc.o)
    0x000264de   0x000264de   0x0000002c   Code   RO         1804    .text               c_w.l(_printf_char.o)
    0x0002650a   0x0002650a   0x0000001c   Code   RO         1807    .text               c_w.l(_chval.o)
    0x00026526   0x00026526   0x00000002   PAD
    0x00026528   0x00026528   0x0000002c   Code   RO         1809    .text               c_w.l(scanf_char.o)
    0x00026554   0x00026554   0x00000040   Code   RO         1811    .text               c_w.l(_sgetc.o)
    0x00026594   0x00026594   0x00000008   Code   RO         1844    .text               c_w.l(rt_locale_intlibspace.o)
    0x0002659c   0x0002659c   0x00000008   Code   RO         1849    .text               c_w.l(rt_errno_addr_intlibspace.o)
    0x000265a4   0x000265a4   0x0000008a   Code   RO         1851    .text               c_w.l(lludiv10.o)
    0x0002662e   0x0002662e   0x00000012   Code   RO         1853    .text               c_w.l(isspace.o)
    0x00026640   0x00026640   0x00000080   Code   RO         1855    .text               c_w.l(_printf_fp_infnan.o)
    0x000266c0   0x000266c0   0x00000374   Code   RO         1859    .text               c_w.l(_scanf.o)
    0x00026a34   0x00026a34   0x000000e4   Code   RO         1861    .text               c_w.l(bigflt0.o)
    0x00026b18   0x00026b18   0x00000008   Code   RO         1895    .text               c_w.l(libspace.o)
    0x00026b20   0x00026b20   0x0000004a   Code   RO         1898    .text               c_w.l(sys_stackheap_outer.o)
    0x00026b6a   0x00026b6a   0x00000002   PAD
    0x00026b6c   0x00026b6c   0x00000010   Code   RO         1900    .text               c_w.l(rt_ctype_table.o)
    0x00026b7c   0x00026b7c   0x00000012   Code   RO         1902    .text               c_w.l(exit.o)
    0x00026b8e   0x00026b8e   0x00000002   PAD
    0x00026b90   0x00026b90   0x00000080   Code   RO         1904    .text               c_w.l(strcmpv7m.o)
    0x00026c10   0x00026c10   0x0000000c   Code   RO         1979    .text               c_w.l(sys_exit.o)
    0x00026c1c   0x00026c1c   0x00000000   Code   RO         1992    .text               c_w.l(indicate_semi.o)
    0x00026c1c   0x00026c1c   0x0000003e   Code   RO         1864    CL$$btod_d2e        c_w.l(btod.o)
    0x00026c5a   0x00026c5a   0x00000046   Code   RO         1866    CL$$btod_d2e_denorm_low  c_w.l(btod.o)
    0x00026ca0   0x00026ca0   0x00000060   Code   RO         1865    CL$$btod_d2e_norm_op1  c_w.l(btod.o)
    0x00026d00   0x00026d00   0x00000338   Code   RO         1874    CL$$btod_div_common  c_w.l(btod.o)
    0x00027038   0x00027038   0x000000dc   Code   RO         1871    CL$$btod_e2e        c_w.l(btod.o)
    0x00027114   0x00027114   0x0000002a   Code   RO         1868    CL$$btod_ediv       c_w.l(btod.o)
    0x0002713e   0x0002713e   0x0000002a   Code   RO         1867    CL$$btod_emul       c_w.l(btod.o)
    0x00027168   0x00027168   0x00000244   Code   RO         1873    CL$$btod_mult_common  c_w.l(btod.o)
    0x000273ac   0x000273ac   0x00000008   Code   RO          561    i.__ARM_common_memclr4_8  io.o
    0x000273b4   0x000273b4   0x0000000a   Code   RO          559    i.__ARM_common_memcpy4_5  io.o
    0x000273be   0x000273be   0x00000028   Code   RO         1893    i.__ARM_fpclassify  m_ws.l(fpclassify.o)
    0x000273e6   0x000273e6   0x0000000e   Code   RO         1714    i._is_digit         c_w.l(__printf_wp.o)
    0x000273f4   0x000273f4   0x0000004c   Code   RO         1786    i.sqrt              m_ws.l(sqrt.o)
    0x00027440   0x00027440   0x0000002c   Code   RO         1887    locale$$code        c_w.l(lc_numeric_c.o)
    0x0002746c   0x0002746c   0x0000002c   Code   RO         1960    locale$$code        c_w.l(lc_ctype_c.o)
    0x00027498   0x00027498   0x0000005a   Code   RO         1749    x$fpl$dfixu         fz_ws.l(dfixu.o)
    0x000274f2   0x000274f2   0x0000002e   Code   RO         1754    x$fpl$dflt          fz_ws.l(dflt_clz.o)
    0x00027520   0x00027520   0x0000009c   Code   RO         1815    x$fpl$dnaninf       fz_ws.l(dnaninf.o)
    0x000275bc   0x000275bc   0x0000000c   Code   RO         1817    x$fpl$dretinf       fz_ws.l(dretinf.o)
    0x000275c8   0x000275c8   0x000001cc   Code   RO         1819    x$fpl$dsqrt         fz_ws.l(dsqrt_noumaal.o)
    0x00027794   0x00027794   0x00000056   Code   RO         1759    x$fpl$f2d           fz_ws.l(f2d.o)
    0x000277ea   0x000277ea   0x00000002   PAD
    0x000277ec   0x000277ec   0x000000c4   Code   RO         1761    x$fpl$fadd          fz_ws.l(faddsub_clz.o)
    0x000278b0   0x000278b0   0x00000184   Code   RO         1768    x$fpl$fdiv          fz_ws.l(fdiv.o)
    0x00027a34   0x00027a34   0x0000003e   Code   RO         1771    x$fpl$ffixu         fz_ws.l(ffixu.o)
    0x00027a72   0x00027a72   0x00000002   PAD
    0x00027a74   0x00027a74   0x00000026   Code   RO         1775    x$fpl$ffltu         fz_ws.l(fflt_clz.o)
    0x00027a9a   0x00027a9a   0x00000002   PAD
    0x00027a9c   0x00027a9c   0x00000102   Code   RO         1781    x$fpl$fmul          fz_ws.l(fmul.o)
    0x00027b9e   0x00027b9e   0x0000008c   Code   RO         1821    x$fpl$fnaninf       fz_ws.l(fnaninf.o)
    0x00027c2a   0x00027c2a   0x0000000a   Code   RO         1823    x$fpl$fretinf       fz_ws.l(fretinf.o)
    0x00027c34   0x00027c34   0x000000ea   Code   RO         1763    x$fpl$fsub          fz_ws.l(faddsub_clz.o)
    0x00027d1e   0x00027d1e   0x00000004   Code   RO         1783    x$fpl$printf1       fz_ws.l(printf1.o)
    0x00027d22   0x00027d22   0x00000000   Code   RO         1825    x$fpl$usenofp       fz_ws.l(usenofp.o)
    0x00027d22   0x00027d22   0x00000002   PAD
    0x00027d24   0x00027d24   0x00000084   Data   RO          190    .constdata          cycle.o
    0x00027da8   0x00027da8   0x000001b8   Data   RO          238    .constdata          diving.o
    0x00027f60   0x00027f60   0x00000090   Data   RO          367    .constdata          ese.o
    0x00027ff0   0x00027ff0   0x00000080   Data   RO          396    .constdata          exe.o
    0x00028070   0x00028070   0x00000210   Data   RO          475    .constdata          init.o
    0x00028280   0x00028280   0x000006b0   Data   RO          519    .constdata          io.o
    0x00028930   0x00028930   0x00000152   Data   RO          581    .constdata          lcd.o
    0x00028a82   0x00028a82   0x00000002   PAD
    0x00028a84   0x00028a84   0x00000040   Data   RO          643    .constdata          mcp2515.o
    0x00028ac4   0x00028ac4   0x000013a0   Data   RO          705    .constdata          nice5000.o
    0x00029e64   0x00029e64   0x00000004   Data   RO          774    .constdata          parameter.o
    0x00029e68   0x00029e68   0x0000000e   Data   RO          775    .constdata          parameter.o
    0x00029e76   0x00029e76   0x00000002   PAD
    0x00029e78   0x00029e78   0x000001d8   Data   RO         1380    .constdata          state.o
    0x0002a050   0x0002a050   0x00000834   Data   RO         1473    .constdata          text.o
    0x0002a884   0x0002a884   0x00000780   Data   RO         1474    .constdata          text.o
    0x0002b004   0x0002b004   0x000001f8   Data   RO         1475    .constdata          text.o
    0x0002b1fc   0x0002b1fc   0x000006e0   Data   RO         1476    .constdata          text.o
    0x0002b8dc   0x0002b8dc   0x00000080   Data   RO         1477    .constdata          text.o
    0x0002b95c   0x0002b95c   0x00000360   Data   RO         1478    .constdata          text.o
    0x0002bcbc   0x0002bcbc   0x000000b0   Data   RO         1479    .constdata          text.o
    0x0002bd6c   0x0002bd6c   0x00000460   Data   RO         1480    .constdata          text.o
    0x0002c1cc   0x0002c1cc   0x00000070   Data   RO         1481    .constdata          text.o
    0x0002c23c   0x0002c23c   0x00000050   Data   RO         1483    .constdata          text.o
    0x0002c28c   0x0002c28c   0x00000080   Data   RO         1484    .constdata          text.o
    0x0002c30c   0x0002c30c   0x00000070   Data   RO         1485    .constdata          text.o
    0x0002c37c   0x0002c37c   0x00000050   Data   RO         1486    .constdata          text.o
    0x0002c3cc   0x0002c3cc   0x00000270   Data   RO         1487    .constdata          text.o
    0x0002c63c   0x0002c63c   0x00000230   Data   RO         1488    .constdata          text.o
    0x0002c86c   0x0002c86c   0x00000090   Data   RO         1489    .constdata          text.o
    0x0002c8fc   0x0002c8fc   0x00000060   Data   RO         1490    .constdata          text.o
    0x0002c95c   0x0002c95c   0x00000050   Data   RO         1491    .constdata          text.o
    0x0002c9ac   0x0002c9ac   0x00000050   Data   RO         1492    .constdata          text.o
    0x0002c9fc   0x0002c9fc   0x00000040   Data   RO         1493    .constdata          text.o
    0x0002ca3c   0x0002ca3c   0x00000030   Data   RO         1494    .constdata          text.o
    0x0002ca6c   0x0002ca6c   0x00000050   Data   RO         1495    .constdata          text.o
    0x0002cabc   0x0002cabc   0x00000060   Data   RO         1496    .constdata          text.o
    0x0002cb1c   0x0002cb1c   0x00000040   Data   RO         1497    .constdata          text.o
    0x0002cb5c   0x0002cb5c   0x00000020   Data   RO         1498    .constdata          text.o
    0x0002cb7c   0x0002cb7c   0x00000018   Data   RO         1499    .constdata          text.o
    0x0002cb94   0x0002cb94   0x00000040   Data   RO         1500    .constdata          text.o
    0x0002cbd4   0x0002cbd4   0x00000040   Data   RO         1501    .constdata          text.o
    0x0002cc14   0x0002cc14   0x00000040   Data   RO         1502    .constdata          text.o
    0x0002cc54   0x0002cc54   0x00000040   Data   RO         1503    .constdata          text.o
    0x0002cc94   0x0002cc94   0x00000040   Data   RO         1504    .constdata          text.o
    0x0002ccd4   0x0002ccd4   0x00000010   Data   RO         1505    .constdata          text.o
    0x0002cce4   0x0002cce4   0x00000010   Data   RO         1506    .constdata          text.o
    0x0002ccf4   0x0002ccf4   0x00000018   Data   RO         1507    .constdata          text.o
    0x0002cd0c   0x0002cd0c   0x00000040   Data   RO         1508    .constdata          text.o
    0x0002cd4c   0x0002cd4c   0x00000018   Data   RO         1509    .constdata          text.o
    0x0002cd64   0x0002cd64   0x00006de0   Data   RO         1510    .constdata          text.o
    0x00033b44   0x00033b44   0x00000018   Data   RO         1512    .constdata          text.o
    0x00033b5c   0x00033b5c   0x00000018   Data   RO         1513    .constdata          text.o
    0x00033b74   0x00033b74   0x00000038   Data   RO         1515    .constdata          text.o
    0x00033bac   0x00033bac   0x00000020   Data   RO         1516    .constdata          text.o
    0x00033bcc   0x00033bcc   0x00000040   Data   RO         1517    .constdata          text.o
    0x00033c0c   0x00033c0c   0x00000068   Data   RO         1518    .constdata          text.o
    0x00033c74   0x00033c74   0x00000050   Data   RO         1519    .constdata          text.o
    0x00033cc4   0x00033cc4   0x00000018   Data   RO         1520    .constdata          text.o
    0x00033cdc   0x00033cdc   0x00000018   Data   RO         1521    .constdata          text.o
    0x00033cf4   0x00033cf4   0x00000060   Data   RO         1522    .constdata          text.o
    0x00033d54   0x00033d54   0x00000028   Data   RO         1524    .constdata          text.o
    0x00033d7c   0x00033d7c   0x00000020   Data   RO         1525    .constdata          text.o
    0x00033d9c   0x00033d9c   0x00000110   Data   RO         1526    .constdata          text.o
    0x00033eac   0x00033eac   0x00000028   Data   RO         1527    .constdata          text.o
    0x00033ed4   0x00033ed4   0x00000028   Data   RO         1528    .constdata          text.o
    0x00033efc   0x00033efc   0x00000018   Data   RO         1529    .constdata          text.o
    0x00033f14   0x00033f14   0x00000018   Data   RO         1530    .constdata          text.o
    0x00033f2c   0x00033f2c   0x00000020   Data   RO         1534    .constdata          text.o
    0x00033f4c   0x00033f4c   0x00000020   Data   RO         1535    .constdata          text.o
    0x00033f6c   0x00033f6c   0x000000a0   Data   RO         1624    .constdata          tse.o
    0x0003400c   0x0003400c   0x00000028   Data   RO         1687    .constdata          c_w.l(_printf_hex_int.o)
    0x00034034   0x00034034   0x00000011   Data   RO         1722    .constdata          c_w.l(__printf_flags_ss_wp.o)
    0x00034045   0x00034045   0x00000003   PAD
    0x00034048   0x00034048   0x00000094   Data   RO         1862    .constdata          c_w.l(bigflt0.o)
    0x000340dc   0x000340dc   0x000002cd   Data   RO          520    .conststring        io.o
    0x000343a9   0x000343a9   0x00000003   PAD
    0x000343ac   0x000343ac   0x00000057   Data   RO          582    .conststring        lcd.o
    0x00034403   0x00034403   0x00000001   PAD
    0x00034404   0x00034404   0x00000915   Data   RO         1536    .conststring        text.o
    0x00034d19   0x00034d19   0x00000003   PAD
    0x00034d1c   0x00034d1c   0x0000081f   Data   RO         1537    .conststring        text.o
    0x0003553b   0x0003553b   0x00000001   PAD
    0x0003553c   0x0003553c   0x000002a5   Data   RO         1538    .conststring        text.o
    0x000357e1   0x000357e1   0x00000003   PAD
    0x000357e4   0x000357e4   0x000003f0   Data   RO         1539    .conststring        text.o
    0x00035bd4   0x00035bd4   0x0000002d   Data   RO         1540    .conststring        text.o
    0x00035c01   0x00035c01   0x00000003   PAD
    0x00035c04   0x00035c04   0x00000173   Data   RO         1541    .conststring        text.o
    0x00035d77   0x00035d77   0x00000001   PAD
    0x00035d78   0x00035d78   0x00000150   Data   RO         1542    .conststring        text.o
    0x00035ec8   0x00035ec8   0x00000047   Data   RO         1543    .conststring        text.o
    0x00035f0f   0x00035f0f   0x00000001   PAD
    0x00035f10   0x00035f10   0x00000015   Data   RO         1545    .conststring        text.o
    0x00035f25   0x00035f25   0x00000003   PAD
    0x00035f28   0x00035f28   0x00000019   Data   RO         1546    .conststring        text.o
    0x00035f41   0x00035f41   0x00000003   PAD
    0x00035f44   0x00035f44   0x0000002d   Data   RO         1547    .conststring        text.o
    0x00035f71   0x00035f71   0x00000003   PAD
    0x00035f74   0x00035f74   0x00000039   Data   RO         1548    .conststring        text.o
    0x00035fad   0x00035fad   0x00000003   PAD
    0x00035fb0   0x00035fb0   0x00000195   Data   RO         1549    .conststring        text.o
    0x00036145   0x00036145   0x00000003   PAD
    0x00036148   0x00036148   0x000000ef   Data   RO         1550    .conststring        text.o
    0x00036237   0x00036237   0x00000001   PAD
    0x00036238   0x00036238   0x00000059   Data   RO         1551    .conststring        text.o
    0x00036291   0x00036291   0x00000003   PAD
    0x00036294   0x00036294   0x0000000b   Data   RO         1552    .conststring        text.o
    0x0003629f   0x0003629f   0x00000001   PAD
    0x000362a0   0x000362a0   0x00000016   Data   RO         1553    .conststring        text.o
    0x000362b6   0x000362b6   0x00000002   PAD
    0x000362b8   0x000362b8   0x00000035   Data   RO         1554    .conststring        text.o
    0x000362ed   0x000362ed   0x00000003   PAD
    0x000362f0   0x000362f0   0x00000010   Data   RO         1555    .conststring        text.o
    0x00036300   0x00036300   0x00000019   Data   RO         1556    .conststring        text.o
    0x00036319   0x00036319   0x00000003   PAD
    0x0003631c   0x0003631c   0x00000035   Data   RO         1557    .conststring        text.o
    0x00036351   0x00036351   0x00000003   PAD
    0x00036354   0x00036354   0x0000003b   Data   RO         1558    .conststring        text.o
    0x0003638f   0x0003638f   0x00000001   PAD
    0x00036390   0x00036390   0x00000018   Data   RO         1559    .conststring        text.o
    0x000363a8   0x000363a8   0x0000001c   Data   RO         1560    .conststring        text.o
    0x000363c4   0x000363c4   0x0000000f   Data   RO         1561    .conststring        text.o
    0x000363d3   0x000363d3   0x00000001   PAD
    0x000363d4   0x000363d4   0x0000003c   Data   RO         1562    .conststring        text.o
    0x00036410   0x00036410   0x0000000b   Data   RO         1563    .conststring        text.o
    0x0003641b   0x0003641b   0x00000001   PAD
    0x0003641c   0x0003641c   0x00000008   Data   RO         1567    .conststring        text.o
    0x00036424   0x00036424   0x00000017   Data   RO         1568    .conststring        text.o
    0x0003643b   0x0003643b   0x00000001   PAD
    0x0003643c   0x0003643c   0x0000002d   Data   RO         1570    .conststring        text.o
    0x00036469   0x00036469   0x00000003   PAD
    0x0003646c   0x0003646c   0x00000018   Data   RO         1571    .conststring        text.o
    0x00036484   0x00036484   0x00001d65   Data   RO         1572    .conststring        text.o
    0x000381e9   0x000381e9   0x00000003   PAD
    0x000381ec   0x000381ec   0x0000000e   Data   RO         1574    .conststring        text.o
    0x000381fa   0x000381fa   0x00000002   PAD
    0x000381fc   0x000381fc   0x0000002f   Data   RO         1577    .conststring        text.o
    0x0003822b   0x0003822b   0x00000001   PAD
    0x0003822c   0x0003822c   0x00000017   Data   RO         1578    .conststring        text.o
    0x00038243   0x00038243   0x00000001   PAD
    0x00038244   0x00038244   0x0000001c   Data   RO         1579    .conststring        text.o
    0x00038260   0x00038260   0x00000030   Data   RO         1580    .conststring        text.o
    0x00038290   0x00038290   0x0000003e   Data   RO         1581    .conststring        text.o
    0x000382ce   0x000382ce   0x00000002   PAD
    0x000382d0   0x000382d0   0x00000011   Data   RO         1582    .conststring        text.o
    0x000382e1   0x000382e1   0x00000003   PAD
    0x000382e4   0x000382e4   0x00000004   Data   RO         1583    .conststring        text.o
    0x000382e8   0x000382e8   0x00000036   Data   RO         1584    .conststring        text.o
    0x0003831e   0x0003831e   0x00000002   PAD
    0x00038320   0x00038320   0x00000028   Data   RO         1586    .conststring        text.o
    0x00038348   0x00038348   0x00000011   Data   RO         1587    .conststring        text.o
    0x00038359   0x00038359   0x00000003   PAD
    0x0003835c   0x0003835c   0x00000165   Data   RO         1588    .conststring        text.o
    0x000384c1   0x000384c1   0x00000003   PAD
    0x000384c4   0x000384c4   0x00000007   Data   RO         1589    .conststring        text.o
    0x000384cb   0x000384cb   0x00000001   PAD
    0x000384cc   0x000384cc   0x00000015   Data   RO         1590    .conststring        text.o
    0x000384e1   0x000384e1   0x00000003   PAD
    0x000384e4   0x000384e4   0x0000000d   Data   RO         1591    .conststring        text.o
    0x000384f1   0x000384f1   0x00000003   PAD
    0x000384f4   0x000384f4   0x00000013   Data   RO         1592    .conststring        text.o
    0x00038507   0x00038507   0x00000001   PAD
    0x00038508   0x00038508   0x00000002   Data   RO         1596    .conststring        text.o
    0x0003850a   0x0003850a   0x00000002   PAD
    0x0003850c   0x0003850c   0x0000000f   Data   RO         1597    .conststring        text.o
    0x0003851b   0x0003851b   0x00000001   PAD
    0x0003851c   0x0003851c   0x00000010   Data   RO         1640    ER_IROM2            version.o
    0x0003852c   0x0003852c   0x00000006   Data   RO         1641    ER_IROM2            version.o
    0x00038532   0x00038532   0x00000006   Data   RO         1642    ER_IROM2            version.o
    0x00038538   0x00038538   0x00000006   Data   RO         1643    ER_IROM2            version.o
    0x0003853e   0x0003853e   0x00000002   Data   RO         1644    ER_IROM2            version.o
    0x00038540   0x00038540   0x00000004   Data   RO         1645    ER_IROM2            version.o
    0x00038544   0x00038544   0x00000040   Data   RO         2041    Region$$Table       anon$$obj.o
    0x00038584   0x00038584   0x0000001c   Data   RO         1886    locale$$data        c_w.l(lc_numeric_c.o)
    0x000385a0   0x000385a0   0x00000110   Data   RO         1959    locale$$data        c_w.l(lc_ctype_c.o)


    Execution Region STACKS (Exec base: 0x10000000, Load base: 0x000386b0, Size: 0x00001000, Max: 0x00001000, ABSOLUTE)

    Exec Addr    Load Addr    Size         Type   Attr      Idx    E Section Name        Object

    0x10000000        -       0x00001000   Zero   RW            1    STACKS              startup_lpc17xx.o


    Execution Region RAM (Exec base: 0x10001000, Load base: 0x000386b0, Size: 0x00004a90, Max: 0x00007000, ABSOLUTE, COMPRESSED[0x00000088])

    Exec Addr    Load Addr    Size         Type   Attr      Idx    E Section Name        Object

    0x10001000   COMPRESSED   0x00000004   Data   RW           94    .data               can.o
    0x10001004   COMPRESSED   0x00000002   Data   RW          117    .data               can_a.o
    0x10001006   COMPRESSED   0x00000002   PAD
    0x10001008   COMPRESSED   0x00000008   Data   RW          160    .data               can_c.o
    0x10001010   COMPRESSED   0x00000040   Data   RW          191    .data               cycle.o
    0x10001050   COMPRESSED   0x00000008   Data   RW          302    .data               eeprom.o
    0x10001058   COMPRESSED   0x00000010   Data   RW          368    .data               ese.o
    0x10001068   COMPRESSED   0x0000000c   Data   RW          397    .data               exe.o
    0x10001074   COMPRESSED   0x0000002c   Data   RW          446    .data               hwtest.o
    0x100010a0   COMPRESSED   0x00000001   Data   RW          476    .data               init.o
    0x100010a1   COMPRESSED   0x00000003   PAD
    0x100010a4   COMPRESSED   0x00000008   Data   RW          491    .data               input.o
    0x100010ac   COMPRESSED   0x00000001   Data   RW          521    .data               io.o
    0x100010ad   COMPRESSED   0x00000003   PAD
    0x100010b0   COMPRESSED   0x00000004   Data   RW          522    .data               io.o
    0x100010b4   COMPRESSED   0x00000004   Data   RW          523    .data               io.o
    0x100010b8   COMPRESSED   0x00000034   Data   RW          524    .data               io.o
    0x100010ec   COMPRESSED   0x00000001   Data   RW          525    .data               io.o
    0x100010ed   COMPRESSED   0x00000001   Data   RW          526    .data               io.o
    0x100010ee   COMPRESSED   0x00000001   Data   RW          527    .data               io.o
    0x100010ef   COMPRESSED   0x00000001   Data   RW          528    .data               io.o
    0x100010f0   COMPRESSED   0x00000001   Data   RW          529    .data               io.o
    0x100010f1   COMPRESSED   0x00000003   PAD
    0x100010f4   COMPRESSED   0x00000004   Data   RW          530    .data               io.o
    0x100010f8   COMPRESSED   0x00000001   Data   RW          531    .data               io.o
    0x100010f9   COMPRESSED   0x00000001   Data   RW          532    .data               io.o
    0x100010fa   COMPRESSED   0x00000001   Data   RW          533    .data               io.o
    0x100010fb   COMPRESSED   0x00000001   Data   RW          534    .data               io.o
    0x100010fc   COMPRESSED   0x00000001   Data   RW          535    .data               io.o
    0x100010fd   COMPRESSED   0x00000003   PAD
    0x10001100   COMPRESSED   0x00000004   Data   RW          536    .data               io.o
    0x10001104   COMPRESSED   0x00000001   Data   RW          537    .data               io.o
    0x10001105   COMPRESSED   0x00000001   Data   RW          538    .data               io.o
    0x10001106   COMPRESSED   0x00000001   Data   RW          539    .data               io.o
    0x10001107   COMPRESSED   0x00000001   Data   RW          540    .data               io.o
    0x10001108   COMPRESSED   0x00000001   Data   RW          541    .data               io.o
    0x10001109   COMPRESSED   0x00000003   PAD
    0x1000110c   COMPRESSED   0x00000004   Data   RW          542    .data               io.o
    0x10001110   COMPRESSED   0x00000002   Data   RW          543    .data               io.o
    0x10001112   COMPRESSED   0x00000001   Data   RW          544    .data               io.o
    0x10001113   COMPRESSED   0x00000001   Data   RW          545    .data               io.o
    0x10001114   COMPRESSED   0x00000001   Data   RW          546    .data               io.o
    0x10001115   COMPRESSED   0x00000001   Data   RW          547    .data               io.o
    0x10001116   COMPRESSED   0x00000003   Data   RW          583    .data               lcd.o
    0x10001119   COMPRESSED   0x00000003   PAD
    0x1000111c   COMPRESSED   0x00000010   Data   RW          603    .data               load.o
    0x1000112c   COMPRESSED   0x00000004   Data   RW          623    .data               main.o
    0x10001130   COMPRESSED   0x0000003c   Data   RW          664    .data               menu.o
    0x1000116c   COMPRESSED   0x000000aa   Data   RW          707    .data               nice5000.o
    0x10001216   COMPRESSED   0x00000001   Data   RW          708    .data               nice5000.o
    0x10001217   COMPRESSED   0x00000001   Data   RW          709    .data               nice5000.o
    0x10001218   COMPRESSED   0x00000004   Data   RW          710    .data               nice5000.o
    0x1000121c   COMPRESSED   0x00000002   Data   RW          711    .data               nice5000.o
    0x1000121e   COMPRESSED   0x00000002   Data   RW          712    .data               nice5000.o
    0x10001220   COMPRESSED   0x00000002   Data   RW          713    .data               nice5000.o
    0x10001222   COMPRESSED   0x00000001   Data   RW          776    .data               parameter.o
    0x10001223   COMPRESSED   0x00000001   PAD
    0x10001224   COMPRESSED   0x00000004   Data   RW          777    .data               parameter.o
    0x10001228   COMPRESSED   0x00000004   Data   RW          778    .data               parameter.o
    0x1000122c   COMPRESSED   0x00000001   Data   RW          779    .data               parameter.o
    0x1000122d   COMPRESSED   0x00000003   PAD
    0x10001230   COMPRESSED   0x00000004   Data   RW          780    .data               parameter.o
    0x10001234   COMPRESSED   0x00000001   Data   RW          781    .data               parameter.o
    0x10001235   COMPRESSED   0x00000001   Data   RW          782    .data               parameter.o
    0x10001236   COMPRESSED   0x00000001   Data   RW          783    .data               parameter.o
    0x10001237   COMPRESSED   0x00000001   Data   RW          784    .data               parameter.o
    0x10001238   COMPRESSED   0x00000001   Data   RW          785    .data               parameter.o
    0x10001239   COMPRESSED   0x00000001   Data   RW          786    .data               parameter.o
    0x1000123a   COMPRESSED   0x00000001   Data   RW          787    .data               parameter.o
    0x1000123b   COMPRESSED   0x00000001   Data   RW          788    .data               parameter.o
    0x1000123c   COMPRESSED   0x00000001   Data   RW          789    .data               parameter.o
    0x1000123d   COMPRESSED   0x00000001   Data   RW          790    .data               parameter.o
    0x1000123e   COMPRESSED   0x00000001   Data   RW          791    .data               parameter.o
    0x1000123f   COMPRESSED   0x00000001   Data   RW          792    .data               parameter.o
    0x10001240   COMPRESSED   0x00000001   Data   RW          793    .data               parameter.o
    0x10001241   COMPRESSED   0x00000001   Data   RW          794    .data               parameter.o
    0x10001242   COMPRESSED   0x00000001   Data   RW          795    .data               parameter.o
    0x10001243   COMPRESSED   0x00000001   Data   RW          796    .data               parameter.o
    0x10001244   COMPRESSED   0x00000001   Data   RW          797    .data               parameter.o
    0x10001245   COMPRESSED   0x00000001   Data   RW          798    .data               parameter.o
    0x10001246   COMPRESSED   0x00000001   Data   RW          799    .data               parameter.o
    0x10001247   COMPRESSED   0x00000001   Data   RW          800    .data               parameter.o
    0x10001248   COMPRESSED   0x00000001   Data   RW          801    .data               parameter.o
    0x10001249   COMPRESSED   0x00000001   Data   RW          802    .data               parameter.o
    0x1000124a   COMPRESSED   0x00000001   Data   RW          803    .data               parameter.o
    0x1000124b   COMPRESSED   0x00000001   Data   RW          804    .data               parameter.o
    0x1000124c   COMPRESSED   0x00000001   Data   RW          805    .data               parameter.o
    0x1000124d   COMPRESSED   0x00000001   Data   RW          806    .data               parameter.o
    0x1000124e   COMPRESSED   0x00000001   Data   RW          807    .data               parameter.o
    0x1000124f   COMPRESSED   0x00000001   Data   RW          809    .data               parameter.o
    0x10001250   COMPRESSED   0x00000001   Data   RW          810    .data               parameter.o
    0x10001251   COMPRESSED   0x00000001   Data   RW          811    .data               parameter.o
    0x10001252   COMPRESSED   0x00000001   Data   RW          812    .data               parameter.o
    0x10001253   COMPRESSED   0x00000001   Data   RW          813    .data               parameter.o
    0x10001254   COMPRESSED   0x00000001   Data   RW          814    .data               parameter.o
    0x10001255   COMPRESSED   0x00000001   Data   RW          815    .data               parameter.o
    0x10001256   COMPRESSED   0x00000001   Data   RW          816    .data               parameter.o
    0x10001257   COMPRESSED   0x00000001   Data   RW          817    .data               parameter.o
    0x10001258   COMPRESSED   0x00000001   Data   RW          818    .data               parameter.o
    0x10001259   COMPRESSED   0x00000001   Data   RW          819    .data               parameter.o
    0x1000125a   COMPRESSED   0x00000001   Data   RW          820    .data               parameter.o
    0x1000125b   COMPRESSED   0x00000001   Data   RW          821    .data               parameter.o
    0x1000125c   COMPRESSED   0x00000004   Data   RW          822    .data               parameter.o
    0x10001260   COMPRESSED   0x00000001   Data   RW          823    .data               parameter.o
    0x10001261   COMPRESSED   0x00000001   Data   RW          824    .data               parameter.o
    0x10001262   COMPRESSED   0x00000001   Data   RW          825    .data               parameter.o
    0x10001263   COMPRESSED   0x00000001   Data   RW          826    .data               parameter.o
    0x10001264   COMPRESSED   0x00000001   Data   RW          827    .data               parameter.o
    0x10001265   COMPRESSED   0x00000001   Data   RW          828    .data               parameter.o
    0x10001266   COMPRESSED   0x00000001   Data   RW          829    .data               parameter.o
    0x10001267   COMPRESSED   0x00000001   Data   RW          830    .data               parameter.o
    0x10001268   COMPRESSED   0x00000001   Data   RW          831    .data               parameter.o
    0x10001269   COMPRESSED   0x00000001   Data   RW          832    .data               parameter.o
    0x1000126a   COMPRESSED   0x00000001   Data   RW          833    .data               parameter.o
    0x1000126b   COMPRESSED   0x00000001   Data   RW          834    .data               parameter.o
    0x1000126c   COMPRESSED   0x00000004   Data   RW          835    .data               parameter.o
    0x10001270   COMPRESSED   0x00000001   Data   RW          836    .data               parameter.o
    0x10001271   COMPRESSED   0x00000001   Data   RW          837    .data               parameter.o
    0x10001272   COMPRESSED   0x00000001   Data   RW          838    .data               parameter.o
    0x10001273   COMPRESSED   0x00000001   Data   RW          839    .data               parameter.o
    0x10001274   COMPRESSED   0x00000001   Data   RW          840    .data               parameter.o
    0x10001275   COMPRESSED   0x00000001   Data   RW          841    .data               parameter.o
    0x10001276   COMPRESSED   0x00000001   Data   RW          842    .data               parameter.o
    0x10001277   COMPRESSED   0x00000001   Data   RW          843    .data               parameter.o
    0x10001278   COMPRESSED   0x00000001   Data   RW          844    .data               parameter.o
    0x10001279   COMPRESSED   0x00000001   Data   RW          847    .data               parameter.o
    0x1000127a   COMPRESSED   0x00000002   PAD
    0x1000127c   COMPRESSED   0x00000004   Data   RW          848    .data               parameter.o
    0x10001280   COMPRESSED   0x00000004   Data   RW          849    .data               parameter.o
    0x10001284   COMPRESSED   0x00000004   Data   RW          850    .data               parameter.o
    0x10001288   COMPRESSED   0x00000001   Data   RW          851    .data               parameter.o
    0x10001289   COMPRESSED   0x00000001   Data   RW          852    .data               parameter.o
    0x1000128a   COMPRESSED   0x00000002   PAD
    0x1000128c   COMPRESSED   0x00000004   Data   RW          853    .data               parameter.o
    0x10001290   COMPRESSED   0x00000001   Data   RW          854    .data               parameter.o
    0x10001291   COMPRESSED   0x00000001   PAD
    0x10001292   COMPRESSED   0x00000002   Data   RW          855    .data               parameter.o
    0x10001294   COMPRESSED   0x00000002   Data   RW          856    .data               parameter.o
    0x10001296   COMPRESSED   0x00000002   Data   RW          857    .data               parameter.o
    0x10001298   COMPRESSED   0x00000002   Data   RW          858    .data               parameter.o
    0x1000129a   COMPRESSED   0x00000001   Data   RW          859    .data               parameter.o
    0x1000129b   COMPRESSED   0x00000001   PAD
    0x1000129c   COMPRESSED   0x00000002   Data   RW          860    .data               parameter.o
    0x1000129e   COMPRESSED   0x00000001   Data   RW          861    .data               parameter.o
    0x1000129f   COMPRESSED   0x00000001   PAD
    0x100012a0   COMPRESSED   0x00000002   Data   RW          862    .data               parameter.o
    0x100012a2   COMPRESSED   0x00000002   PAD
    0x100012a4   COMPRESSED   0x00000004   Data   RW          863    .data               parameter.o
    0x100012a8   COMPRESSED   0x00000002   Data   RW          864    .data               parameter.o
    0x100012aa   COMPRESSED   0x00000002   Data   RW          865    .data               parameter.o
    0x100012ac   COMPRESSED   0x00000001   Data   RW          866    .data               parameter.o
    0x100012ad   COMPRESSED   0x00000001   Data   RW          867    .data               parameter.o
    0x100012ae   COMPRESSED   0x00000001   Data   RW          868    .data               parameter.o
    0x100012af   COMPRESSED   0x00000001   Data   RW          869    .data               parameter.o
    0x100012b0   COMPRESSED   0x00000001   Data   RW          870    .data               parameter.o
    0x100012b1   COMPRESSED   0x00000001   Data   RW          871    .data               parameter.o
    0x100012b2   COMPRESSED   0x00000001   Data   RW          872    .data               parameter.o
    0x100012b3   COMPRESSED   0x00000001   Data   RW          873    .data               parameter.o
    0x100012b4   COMPRESSED   0x00000001   Data   RW          874    .data               parameter.o
    0x100012b5   COMPRESSED   0x00000001   Data   RW          875    .data               parameter.o
    0x100012b6   COMPRESSED   0x00000002   Data   RW          876    .data               parameter.o
    0x100012b8   COMPRESSED   0x00000001   Data   RW          877    .data               parameter.o
    0x100012b9   COMPRESSED   0x00000001   Data   RW          878    .data               parameter.o
    0x100012ba   COMPRESSED   0x00000001   Data   RW          879    .data               parameter.o
    0x100012bb   COMPRESSED   0x00000001   Data   RW          880    .data               parameter.o
    0x100012bc   COMPRESSED   0x00000001   Data   RW          881    .data               parameter.o
    0x100012bd   COMPRESSED   0x00000001   Data   RW          882    .data               parameter.o
    0x100012be   COMPRESSED   0x00000001   Data   RW          883    .data               parameter.o
    0x100012bf   COMPRESSED   0x00000001   Data   RW          884    .data               parameter.o
    0x100012c0   COMPRESSED   0x00000001   Data   RW          885    .data               parameter.o
    0x100012c1   COMPRESSED   0x00000001   Data   RW          886    .data               parameter.o
    0x100012c2   COMPRESSED   0x00000001   Data   RW          887    .data               parameter.o
    0x100012c3   COMPRESSED   0x00000001   Data   RW          888    .data               parameter.o
    0x100012c4   COMPRESSED   0x00000001   Data   RW          889    .data               parameter.o
    0x100012c5   COMPRESSED   0x00000001   Data   RW          890    .data               parameter.o
    0x100012c6   COMPRESSED   0x00000001   Data   RW          891    .data               parameter.o
    0x100012c7   COMPRESSED   0x00000001   Data   RW          892    .data               parameter.o
    0x100012c8   COMPRESSED   0x00000001   Data   RW          893    .data               parameter.o
    0x100012c9   COMPRESSED   0x00000001   Data   RW          894    .data               parameter.o
    0x100012ca   COMPRESSED   0x00000001   Data   RW          895    .data               parameter.o
    0x100012cb   COMPRESSED   0x00000001   Data   RW          896    .data               parameter.o
    0x100012cc   COMPRESSED   0x00000001   Data   RW          897    .data               parameter.o
    0x100012cd   COMPRESSED   0x00000001   Data   RW          898    .data               parameter.o
    0x100012ce   COMPRESSED   0x00000001   Data   RW          899    .data               parameter.o
    0x100012cf   COMPRESSED   0x00000001   Data   RW          900    .data               parameter.o
    0x100012d0   COMPRESSED   0x00000001   Data   RW          901    .data               parameter.o
    0x100012d1   COMPRESSED   0x00000001   Data   RW          902    .data               parameter.o
    0x100012d2   COMPRESSED   0x00000001   Data   RW          903    .data               parameter.o
    0x100012d3   COMPRESSED   0x00000001   Data   RW          904    .data               parameter.o
    0x100012d4   COMPRESSED   0x00000001   Data   RW          905    .data               parameter.o
    0x100012d5   COMPRESSED   0x00000001   Data   RW          906    .data               parameter.o
    0x100012d6   COMPRESSED   0x00000001   Data   RW          907    .data               parameter.o
    0x100012d7   COMPRESSED   0x00000001   Data   RW          908    .data               parameter.o
    0x100012d8   COMPRESSED   0x00000001   Data   RW          909    .data               parameter.o
    0x100012d9   COMPRESSED   0x00000001   Data   RW          910    .data               parameter.o
    0x100012da   COMPRESSED   0x00000002   PAD
    0x100012dc   COMPRESSED   0x00000004   Data   RW          911    .data               parameter.o
    0x100012e0   COMPRESSED   0x00000004   Data   RW          912    .data               parameter.o
    0x100012e4   COMPRESSED   0x00000001   Data   RW          913    .data               parameter.o
    0x100012e5   COMPRESSED   0x00000001   Data   RW          914    .data               parameter.o
    0x100012e6   COMPRESSED   0x00000001   Data   RW          915    .data               parameter.o
    0x100012e7   COMPRESSED   0x00000001   PAD
    0x100012e8   COMPRESSED   0x00000004   Data   RW          916    .data               parameter.o
    0x100012ec   COMPRESSED   0x00000001   Data   RW          917    .data               parameter.o
    0x100012ed   COMPRESSED   0x00000001   Data   RW          918    .data               parameter.o
    0x100012ee   COMPRESSED   0x00000001   Data   RW          919    .data               parameter.o
    0x100012ef   COMPRESSED   0x00000001   Data   RW          920    .data               parameter.o
    0x100012f0   COMPRESSED   0x00000001   Data   RW          921    .data               parameter.o
    0x100012f1   COMPRESSED   0x00000001   Data   RW          922    .data               parameter.o
    0x100012f2   COMPRESSED   0x00000001   Data   RW          923    .data               parameter.o
    0x100012f3   COMPRESSED   0x00000001   Data   RW          924    .data               parameter.o
    0x100012f4   COMPRESSED   0x00000001   Data   RW          925    .data               parameter.o
    0x100012f5   COMPRESSED   0x00000001   Data   RW          926    .data               parameter.o
    0x100012f6   COMPRESSED   0x00000001   Data   RW          927    .data               parameter.o
    0x100012f7   COMPRESSED   0x00000001   Data   RW          928    .data               parameter.o
    0x100012f8   COMPRESSED   0x00000001   Data   RW          929    .data               parameter.o
    0x100012f9   COMPRESSED   0x00000001   Data   RW          930    .data               parameter.o
    0x100012fa   COMPRESSED   0x00000001   Data   RW          931    .data               parameter.o
    0x100012fb   COMPRESSED   0x00000001   PAD
    0x100012fc   COMPRESSED   0x00000008   Data   RW          932    .data               parameter.o
    0x10001304   COMPRESSED   0x00000001   Data   RW          933    .data               parameter.o
    0x10001305   COMPRESSED   0x00000001   Data   RW          934    .data               parameter.o
    0x10001306   COMPRESSED   0x00000001   Data   RW          935    .data               parameter.o
    0x10001307   COMPRESSED   0x00000001   Data   RW          936    .data               parameter.o
    0x10001308   COMPRESSED   0x00000001   Data   RW          937    .data               parameter.o
    0x10001309   COMPRESSED   0x00000001   Data   RW          938    .data               parameter.o
    0x1000130a   COMPRESSED   0x00000001   Data   RW          939    .data               parameter.o
    0x1000130b   COMPRESSED   0x00000001   Data   RW          940    .data               parameter.o
    0x1000130c   COMPRESSED   0x00000001   Data   RW          941    .data               parameter.o
    0x1000130d   COMPRESSED   0x00000001   Data   RW          942    .data               parameter.o
    0x1000130e   COMPRESSED   0x00000001   Data   RW          943    .data               parameter.o
    0x1000130f   COMPRESSED   0x00000001   Data   RW          944    .data               parameter.o
    0x10001310   COMPRESSED   0x00000002   Data   RW          945    .data               parameter.o
    0x10001312   COMPRESSED   0x00000001   Data   RW          946    .data               parameter.o
    0x10001313   COMPRESSED   0x00000001   Data   RW          947    .data               parameter.o
    0x10001314   COMPRESSED   0x00000001   Data   RW          948    .data               parameter.o
    0x10001315   COMPRESSED   0x00000001   Data   RW          949    .data               parameter.o
    0x10001316   COMPRESSED   0x00000001   Data   RW          950    .data               parameter.o
    0x10001317   COMPRESSED   0x00000001   Data   RW          951    .data               parameter.o
    0x10001318   COMPRESSED   0x00000004   Data   RW          952    .data               parameter.o
    0x1000131c   COMPRESSED   0x00000004   Data   RW          953    .data               parameter.o
    0x10001320   COMPRESSED   0x00000004   Data   RW          954    .data               parameter.o
    0x10001324   COMPRESSED   0x00000001   Data   RW          955    .data               parameter.o
    0x10001325   COMPRESSED   0x00000001   Data   RW          956    .data               parameter.o
    0x10001326   COMPRESSED   0x00000001   Data   RW          957    .data               parameter.o
    0x10001327   COMPRESSED   0x00000001   Data   RW          958    .data               parameter.o
    0x10001328   COMPRESSED   0x00000001   Data   RW          959    .data               parameter.o
    0x10001329   COMPRESSED   0x00000001   Data   RW          960    .data               parameter.o
    0x1000132a   COMPRESSED   0x00000001   Data   RW          961    .data               parameter.o
    0x1000132b   COMPRESSED   0x00000001   Data   RW          962    .data               parameter.o
    0x1000132c   COMPRESSED   0x00000001   Data   RW          963    .data               parameter.o
    0x1000132d   COMPRESSED   0x00000001   Data   RW          964    .data               parameter.o
    0x1000132e   COMPRESSED   0x00000001   Data   RW          965    .data               parameter.o
    0x1000132f   COMPRESSED   0x00000001   Data   RW          966    .data               parameter.o
    0x10001330   COMPRESSED   0x00000001   Data   RW          967    .data               parameter.o
    0x10001331   COMPRESSED   0x00000001   Data   RW          968    .data               parameter.o
    0x10001332   COMPRESSED   0x00000001   Data   RW          969    .data               parameter.o
    0x10001333   COMPRESSED   0x00000001   Data   RW          970    .data               parameter.o
    0x10001334   COMPRESSED   0x00000001   Data   RW          971    .data               parameter.o
    0x10001335   COMPRESSED   0x00000001   Data   RW          973    .data               parameter.o
    0x10001336   COMPRESSED   0x00000001   Data   RW          974    .data               parameter.o
    0x10001337   COMPRESSED   0x00000001   Data   RW          976    .data               parameter.o
    0x10001338   COMPRESSED   0x00000001   Data   RW          977    .data               parameter.o
    0x10001339   COMPRESSED   0x00000001   Data   RW          978    .data               parameter.o
    0x1000133a   COMPRESSED   0x00000001   Data   RW          979    .data               parameter.o
    0x1000133b   COMPRESSED   0x00000001   Data   RW          980    .data               parameter.o
    0x1000133c   COMPRESSED   0x00000001   Data   RW          981    .data               parameter.o
    0x1000133d   COMPRESSED   0x00000001   Data   RW          982    .data               parameter.o
    0x1000133e   COMPRESSED   0x00000001   Data   RW          983    .data               parameter.o
    0x1000133f   COMPRESSED   0x00000001   Data   RW          984    .data               parameter.o
    0x10001340   COMPRESSED   0x00000001   Data   RW          985    .data               parameter.o
    0x10001341   COMPRESSED   0x00000001   Data   RW          986    .data               parameter.o
    0x10001342   COMPRESSED   0x00000001   Data   RW          987    .data               parameter.o
    0x10001343   COMPRESSED   0x00000001   Data   RW          988    .data               parameter.o
    0x10001344   COMPRESSED   0x00000001   Data   RW          989    .data               parameter.o
    0x10001345   COMPRESSED   0x00000001   Data   RW          990    .data               parameter.o
    0x10001346   COMPRESSED   0x00000001   Data   RW          991    .data               parameter.o
    0x10001347   COMPRESSED   0x00000001   Data   RW          994    .data               parameter.o
    0x10001348   COMPRESSED   0x00000001   Data   RW          995    .data               parameter.o
    0x10001349   COMPRESSED   0x00000001   Data   RW          996    .data               parameter.o
    0x1000134a   COMPRESSED   0x00000002   Data   RW          997    .data               parameter.o
    0x1000134c   COMPRESSED   0x00000001   Data   RW          998    .data               parameter.o
    0x1000134d   COMPRESSED   0x00000001   Data   RW          999    .data               parameter.o
    0x1000134e   COMPRESSED   0x00000001   Data   RW         1000    .data               parameter.o
    0x1000134f   COMPRESSED   0x00000001   Data   RW         1001    .data               parameter.o
    0x10001350   COMPRESSED   0x00000001   Data   RW         1002    .data               parameter.o
    0x10001351   COMPRESSED   0x00000001   Data   RW         1003    .data               parameter.o
    0x10001352   COMPRESSED   0x00000001   Data   RW         1004    .data               parameter.o
    0x10001353   COMPRESSED   0x00000001   Data   RW         1005    .data               parameter.o
    0x10001354   COMPRESSED   0x00000001   Data   RW         1006    .data               parameter.o
    0x10001355   COMPRESSED   0x00000001   Data   RW         1007    .data               parameter.o
    0x10001356   COMPRESSED   0x00000001   Data   RW         1008    .data               parameter.o
    0x10001357   COMPRESSED   0x00000001   Data   RW         1009    .data               parameter.o
    0x10001358   COMPRESSED   0x00000001   Data   RW         1010    .data               parameter.o
    0x10001359   COMPRESSED   0x00000001   Data   RW         1011    .data               parameter.o
    0x1000135a   COMPRESSED   0x00000001   Data   RW         1012    .data               parameter.o
    0x1000135b   COMPRESSED   0x00000001   Data   RW         1013    .data               parameter.o
    0x1000135c   COMPRESSED   0x00000001   Data   RW         1014    .data               parameter.o
    0x1000135d   COMPRESSED   0x00000001   Data   RW         1015    .data               parameter.o
    0x1000135e   COMPRESSED   0x00000001   Data   RW         1016    .data               parameter.o
    0x1000135f   COMPRESSED   0x00000001   PAD
    0x10001360   COMPRESSED   0x00000004   Data   RW         1017    .data               parameter.o
    0x10001364   COMPRESSED   0x00000001   Data   RW         1018    .data               parameter.o
    0x10001365   COMPRESSED   0x00000001   Data   RW         1019    .data               parameter.o
    0x10001366   COMPRESSED   0x00000001   Data   RW         1020    .data               parameter.o
    0x10001367   COMPRESSED   0x00000001   Data   RW         1021    .data               parameter.o
    0x10001368   COMPRESSED   0x00000001   Data   RW         1022    .data               parameter.o
    0x10001369   COMPRESSED   0x00000001   Data   RW         1023    .data               parameter.o
    0x1000136a   COMPRESSED   0x00000002   Data   RW         1024    .data               parameter.o
    0x1000136c   COMPRESSED   0x00000001   Data   RW         1025    .data               parameter.o
    0x1000136d   COMPRESSED   0x00000001   Data   RW         1026    .data               parameter.o
    0x1000136e   COMPRESSED   0x00000001   Data   RW         1027    .data               parameter.o
    0x1000136f   COMPRESSED   0x00000001   Data   RW         1028    .data               parameter.o
    0x10001370   COMPRESSED   0x00000001   Data   RW         1029    .data               parameter.o
    0x10001371   COMPRESSED   0x00000001   Data   RW         1030    .data               parameter.o
    0x10001372   COMPRESSED   0x00000001   Data   RW         1031    .data               parameter.o
    0x10001373   COMPRESSED   0x00000001   Data   RW         1032    .data               parameter.o
    0x10001374   COMPRESSED   0x00000001   Data   RW         1033    .data               parameter.o
    0x10001375   COMPRESSED   0x00000001   Data   RW         1034    .data               parameter.o
    0x10001376   COMPRESSED   0x00000001   Data   RW         1035    .data               parameter.o
    0x10001377   COMPRESSED   0x00000001   Data   RW         1037    .data               parameter.o
    0x10001378   COMPRESSED   0x00000001   Data   RW         1038    .data               parameter.o
    0x10001379   COMPRESSED   0x00000001   Data   RW         1039    .data               parameter.o
    0x1000137a   COMPRESSED   0x00000001   Data   RW         1040    .data               parameter.o
    0x1000137b   COMPRESSED   0x00000001   Data   RW         1041    .data               parameter.o
    0x1000137c   COMPRESSED   0x00000001   Data   RW         1042    .data               parameter.o
    0x1000137d   COMPRESSED   0x00000001   Data   RW         1043    .data               parameter.o
    0x1000137e   COMPRESSED   0x00000001   Data   RW         1044    .data               parameter.o
    0x1000137f   COMPRESSED   0x00000001   Data   RW         1045    .data               parameter.o
    0x10001380   COMPRESSED   0x00000001   Data   RW         1046    .data               parameter.o
    0x10001381   COMPRESSED   0x00000001   Data   RW         1047    .data               parameter.o
    0x10001382   COMPRESSED   0x00000001   Data   RW         1048    .data               parameter.o
    0x10001383   COMPRESSED   0x00000001   Data   RW         1049    .data               parameter.o
    0x10001384   COMPRESSED   0x00000001   Data   RW         1050    .data               parameter.o
    0x10001385   COMPRESSED   0x00000001   Data   RW         1051    .data               parameter.o
    0x10001386   COMPRESSED   0x00000001   Data   RW         1052    .data               parameter.o
    0x10001387   COMPRESSED   0x00000001   Data   RW         1053    .data               parameter.o
    0x10001388   COMPRESSED   0x00000001   Data   RW         1054    .data               parameter.o
    0x10001389   COMPRESSED   0x00000001   Data   RW         1055    .data               parameter.o
    0x1000138a   COMPRESSED   0x00000001   Data   RW         1056    .data               parameter.o
    0x1000138b   COMPRESSED   0x00000001   Data   RW         1057    .data               parameter.o
    0x1000138c   COMPRESSED   0x00000001   Data   RW         1058    .data               parameter.o
    0x1000138d   COMPRESSED   0x00000001   Data   RW         1059    .data               parameter.o
    0x1000138e   COMPRESSED   0x00000001   Data   RW         1060    .data               parameter.o
    0x1000138f   COMPRESSED   0x00000001   Data   RW         1061    .data               parameter.o
    0x10001390   COMPRESSED   0x00000001   Data   RW         1062    .data               parameter.o
    0x10001391   COMPRESSED   0x00000001   Data   RW         1063    .data               parameter.o
    0x10001392   COMPRESSED   0x00000001   Data   RW         1064    .data               parameter.o
    0x10001393   COMPRESSED   0x00000001   Data   RW         1065    .data               parameter.o
    0x10001394   COMPRESSED   0x00000001   Data   RW         1066    .data               parameter.o
    0x10001395   COMPRESSED   0x00000002   Data   RW         1067    .data               parameter.o
    0x10001397   COMPRESSED   0x00000001   Data   RW         1068    .data               parameter.o
    0x10001398   COMPRESSED   0x00000001   Data   RW         1069    .data               parameter.o
    0x10001399   COMPRESSED   0x00000001   Data   RW         1070    .data               parameter.o
    0x1000139a   COMPRESSED   0x00000001   Data   RW         1071    .data               parameter.o
    0x1000139b   COMPRESSED   0x00000001   Data   RW         1072    .data               parameter.o
    0x1000139c   COMPRESSED   0x00000001   Data   RW         1073    .data               parameter.o
    0x1000139d   COMPRESSED   0x00000001   Data   RW         1074    .data               parameter.o
    0x1000139e   COMPRESSED   0x00000001   Data   RW         1075    .data               parameter.o
    0x1000139f   COMPRESSED   0x00000001   Data   RW         1076    .data               parameter.o
    0x100013a0   COMPRESSED   0x00000001   Data   RW         1077    .data               parameter.o
    0x100013a1   COMPRESSED   0x00000001   Data   RW         1078    .data               parameter.o
    0x100013a2   COMPRESSED   0x00000001   Data   RW         1079    .data               parameter.o
    0x100013a3   COMPRESSED   0x00000001   Data   RW         1080    .data               parameter.o
    0x100013a4   COMPRESSED   0x00000001   Data   RW         1081    .data               parameter.o
    0x100013a5   COMPRESSED   0x00000001   Data   RW         1082    .data               parameter.o
    0x100013a6   COMPRESSED   0x00000001   Data   RW         1083    .data               parameter.o
    0x100013a7   COMPRESSED   0x00000001   Data   RW         1084    .data               parameter.o
    0x100013a8   COMPRESSED   0x00000001   Data   RW         1085    .data               parameter.o
    0x100013a9   COMPRESSED   0x00000001   Data   RW         1086    .data               parameter.o
    0x100013aa   COMPRESSED   0x00000002   PAD
    0x100013ac   COMPRESSED   0x00000004   Data   RW         1087    .data               parameter.o
    0x100013b0   COMPRESSED   0x00000004   Data   RW         1088    .data               parameter.o
    0x100013b4   COMPRESSED   0x00000004   Data   RW         1089    .data               parameter.o
    0x100013b8   COMPRESSED   0x00000004   Data   RW         1090    .data               parameter.o
    0x100013bc   COMPRESSED   0x00000004   Data   RW         1091    .data               parameter.o
    0x100013c0   COMPRESSED   0x00000004   Data   RW         1092    .data               parameter.o
    0x100013c4   COMPRESSED   0x00000004   Data   RW         1093    .data               parameter.o
    0x100013c8   COMPRESSED   0x00000004   Data   RW         1094    .data               parameter.o
    0x100013cc   COMPRESSED   0x00000001   Data   RW         1095    .data               parameter.o
    0x100013cd   COMPRESSED   0x00000001   PAD
    0x100013ce   COMPRESSED   0x00000002   Data   RW         1096    .data               parameter.o
    0x100013d0   COMPRESSED   0x00000002   Data   RW         1097    .data               parameter.o
    0x100013d2   COMPRESSED   0x00000002   PAD
    0x100013d4   COMPRESSED   0x00000004   Data   RW         1098    .data               parameter.o
    0x100013d8   COMPRESSED   0x00000004   Data   RW         1099    .data               parameter.o
    0x100013dc   COMPRESSED   0x00000004   Data   RW         1100    .data               parameter.o
    0x100013e0   COMPRESSED   0x00000001   Data   RW         1101    .data               parameter.o
    0x100013e1   COMPRESSED   0x00000001   Data   RW         1102    .data               parameter.o
    0x100013e2   COMPRESSED   0x00000001   Data   RW         1103    .data               parameter.o
    0x100013e3   COMPRESSED   0x00000001   Data   RW         1104    .data               parameter.o
    0x100013e4   COMPRESSED   0x00000001   Data   RW         1105    .data               parameter.o
    0x100013e5   COMPRESSED   0x00000001   Data   RW         1106    .data               parameter.o
    0x100013e6   COMPRESSED   0x00000001   Data   RW         1107    .data               parameter.o
    0x100013e7   COMPRESSED   0x00000001   Data   RW         1108    .data               parameter.o
    0x100013e8   COMPRESSED   0x00000001   Data   RW         1109    .data               parameter.o
    0x100013e9   COMPRESSED   0x00000001   Data   RW         1110    .data               parameter.o
    0x100013ea   COMPRESSED   0x00000001   Data   RW         1111    .data               parameter.o
    0x100013eb   COMPRESSED   0x00000001   PAD
    0x100013ec   COMPRESSED   0x00000004   Data   RW         1112    .data               parameter.o
    0x100013f0   COMPRESSED   0x00000001   Data   RW         1113    .data               parameter.o
    0x100013f1   COMPRESSED   0x00000001   Data   RW         1114    .data               parameter.o
    0x100013f2   COMPRESSED   0x00000001   Data   RW         1115    .data               parameter.o
    0x100013f3   COMPRESSED   0x00000001   Data   RW         1116    .data               parameter.o
    0x100013f4   COMPRESSED   0x00000001   Data   RW         1117    .data               parameter.o
    0x100013f5   COMPRESSED   0x00000001   Data   RW         1118    .data               parameter.o
    0x100013f6   COMPRESSED   0x00000001   Data   RW         1119    .data               parameter.o
    0x100013f7   COMPRESSED   0x00000001   Data   RW         1120    .data               parameter.o
    0x100013f8   COMPRESSED   0x00000001   Data   RW         1121    .data               parameter.o
    0x100013f9   COMPRESSED   0x00000001   Data   RW         1122    .data               parameter.o
    0x100013fa   COMPRESSED   0x00000001   Data   RW         1123    .data               parameter.o
    0x100013fb   COMPRESSED   0x00000001   Data   RW         1124    .data               parameter.o
    0x100013fc   COMPRESSED   0x00000001   Data   RW         1125    .data               parameter.o
    0x100013fd   COMPRESSED   0x00000001   Data   RW         1126    .data               parameter.o
    0x100013fe   COMPRESSED   0x00000001   Data   RW         1127    .data               parameter.o
    0x100013ff   COMPRESSED   0x00000001   Data   RW         1128    .data               parameter.o
    0x10001400   COMPRESSED   0x00000004   Data   RW         1129    .data               parameter.o
    0x10001404   COMPRESSED   0x00000004   Data   RW         1130    .data               parameter.o
    0x10001408   COMPRESSED   0x00000001   Data   RW         1131    .data               parameter.o
    0x10001409   COMPRESSED   0x00000001   Data   RW         1132    .data               parameter.o
    0x1000140a   COMPRESSED   0x00000001   Data   RW         1133    .data               parameter.o
    0x1000140b   COMPRESSED   0x00000001   Data   RW         1134    .data               parameter.o
    0x1000140c   COMPRESSED   0x00000001   Data   RW         1135    .data               parameter.o
    0x1000140d   COMPRESSED   0x00000001   Data   RW         1136    .data               parameter.o
    0x1000140e   COMPRESSED   0x00000002   Data   RW         1137    .data               parameter.o
    0x10001410   COMPRESSED   0x00000001   Data   RW         1138    .data               parameter.o
    0x10001411   COMPRESSED   0x00000001   Data   RW         1140    .data               parameter.o
    0x10001412   COMPRESSED   0x00000001   Data   RW         1141    .data               parameter.o
    0x10001413   COMPRESSED   0x00000001   Data   RW         1142    .data               parameter.o
    0x10001414   COMPRESSED   0x00000001   Data   RW         1143    .data               parameter.o
    0x10001415   COMPRESSED   0x00000001   Data   RW         1144    .data               parameter.o
    0x10001416   COMPRESSED   0x00000001   Data   RW         1145    .data               parameter.o
    0x10001417   COMPRESSED   0x00000001   Data   RW         1146    .data               parameter.o
    0x10001418   COMPRESSED   0x00000002   Data   RW         1147    .data               parameter.o
    0x1000141a   COMPRESSED   0x00000002   Data   RW         1148    .data               parameter.o
    0x1000141c   COMPRESSED   0x00000002   Data   RW         1149    .data               parameter.o
    0x1000141e   COMPRESSED   0x00000001   Data   RW         1150    .data               parameter.o
    0x1000141f   COMPRESSED   0x00000001   Data   RW         1151    .data               parameter.o
    0x10001420   COMPRESSED   0x00000001   Data   RW         1152    .data               parameter.o
    0x10001421   COMPRESSED   0x00000003   PAD
    0x10001424   COMPRESSED   0x00000004   Data   RW         1153    .data               parameter.o
    0x10001428   COMPRESSED   0x00000001   Data   RW         1154    .data               parameter.o
    0x10001429   COMPRESSED   0x00000003   Data   RW         1155    .data               parameter.o
    0x1000142c   COMPRESSED   0x00000004   Data   RW         1156    .data               parameter.o
    0x10001430   COMPRESSED   0x00000004   Data   RW         1157    .data               parameter.o
    0x10001434   COMPRESSED   0x00000004   Data   RW         1158    .data               parameter.o
    0x10001438   COMPRESSED   0x00000001   Data   RW         1159    .data               parameter.o
    0x10001439   COMPRESSED   0x00000003   PAD
    0x1000143c   COMPRESSED   0x00000004   Data   RW         1160    .data               parameter.o
    0x10001440   COMPRESSED   0x00000002   Data   RW         1161    .data               parameter.o
    0x10001442   COMPRESSED   0x00000001   Data   RW         1162    .data               parameter.o
    0x10001443   COMPRESSED   0x00000001   Data   RW         1163    .data               parameter.o
    0x10001444   COMPRESSED   0x00000001   Data   RW         1164    .data               parameter.o
    0x10001445   COMPRESSED   0x00000001   Data   RW         1165    .data               parameter.o
    0x10001446   COMPRESSED   0x00000001   Data   RW         1166    .data               parameter.o
    0x10001447   COMPRESSED   0x00000001   Data   RW         1167    .data               parameter.o
    0x10001448   COMPRESSED   0x00000001   Data   RW         1168    .data               parameter.o
    0x10001449   COMPRESSED   0x00000001   Data   RW         1169    .data               parameter.o
    0x1000144a   COMPRESSED   0x00000002   Data   RW         1170    .data               parameter.o
    0x1000144c   COMPRESSED   0x00000002   Data   RW         1171    .data               parameter.o
    0x1000144e   COMPRESSED   0x00000002   PAD
    0x10001450   COMPRESSED   0x00000004   Data   RW         1172    .data               parameter.o
    0x10001454   COMPRESSED   0x00000004   Data   RW         1173    .data               parameter.o
    0x10001458   COMPRESSED   0x00000004   Data   RW         1174    .data               parameter.o
    0x1000145c   COMPRESSED   0x00000004   Data   RW         1175    .data               parameter.o
    0x10001460   COMPRESSED   0x00000004   Data   RW         1176    .data               parameter.o
    0x10001464   COMPRESSED   0x00000001   Data   RW         1177    .data               parameter.o
    0x10001465   COMPRESSED   0x00000001   Data   RW         1178    .data               parameter.o
    0x10001466   COMPRESSED   0x00000001   Data   RW         1179    .data               parameter.o
    0x10001467   COMPRESSED   0x00000001   Data   RW         1180    .data               parameter.o
    0x10001468   COMPRESSED   0x00000004   Data   RW         1181    .data               parameter.o
    0x1000146c   COMPRESSED   0x00000004   Data   RW         1182    .data               parameter.o
    0x10001470   COMPRESSED   0x00000007   Data   RW         1183    .data               parameter.o
    0x10001477   COMPRESSED   0x00000001   Data   RW         1184    .data               parameter.o
    0x10001478   COMPRESSED   0x00000001   Data   RW         1185    .data               parameter.o
    0x10001479   COMPRESSED   0x00000001   Data   RW         1186    .data               parameter.o
    0x1000147a   COMPRESSED   0x00000002   PAD
    0x1000147c   COMPRESSED   0x00000004   Data   RW         1187    .data               parameter.o
    0x10001480   COMPRESSED   0x00000001   Data   RW         1188    .data               parameter.o
    0x10001481   COMPRESSED   0x00000001   PAD
    0x10001482   COMPRESSED   0x00000002   Data   RW         1189    .data               parameter.o
    0x10001484   COMPRESSED   0x00000008   Data   RW         1191    .data               parameter.o
    0x1000148c   COMPRESSED   0x00000008   Data   RW         1192    .data               parameter.o
    0x10001494   COMPRESSED   0x00000008   Data   RW         1193    .data               parameter.o
    0x1000149c   COMPRESSED   0x00000008   Data   RW         1195    .data               parameter.o
    0x100014a4   COMPRESSED   0x00000004   Data   RW         1196    .data               parameter.o
    0x100014a8   COMPRESSED   0x00000001   Data   RW         1197    .data               parameter.o
    0x100014a9   COMPRESSED   0x00000001   Data   RW         1198    .data               parameter.o
    0x100014aa   COMPRESSED   0x00000002   Data   RW         1199    .data               parameter.o
    0x100014ac   COMPRESSED   0x00000002   Data   RW         1200    .data               parameter.o
    0x100014ae   COMPRESSED   0x00000001   Data   RW         1201    .data               parameter.o
    0x100014af   COMPRESSED   0x00000001   Data   RW         1202    .data               parameter.o
    0x100014b0   COMPRESSED   0x00000001   Data   RW         1203    .data               parameter.o
    0x100014b1   COMPRESSED   0x00000001   Data   RW         1204    .data               parameter.o
    0x100014b2   COMPRESSED   0x00000001   Data   RW         1205    .data               parameter.o
    0x100014b3   COMPRESSED   0x00000001   PAD
    0x100014b4   COMPRESSED   0x00000002   Data   RW         1206    .data               parameter.o
    0x100014b6   COMPRESSED   0x00000001   Data   RW         1207    .data               parameter.o
    0x100014b7   COMPRESSED   0x00000001   Data   RW         1208    .data               parameter.o
    0x100014b8   COMPRESSED   0x00000001   Data   RW         1209    .data               parameter.o
    0x100014b9   COMPRESSED   0x00000001   Data   RW         1210    .data               parameter.o
    0x100014ba   COMPRESSED   0x00000001   Data   RW         1211    .data               parameter.o
    0x100014bb   COMPRESSED   0x00000001   PAD
    0x100014bc   COMPRESSED   0x00000002   Data   RW         1212    .data               parameter.o
    0x100014be   COMPRESSED   0x00000002   Data   RW         1213    .data               parameter.o
    0x100014c0   COMPRESSED   0x00000001   Data   RW         1214    .data               parameter.o
    0x100014c1   COMPRESSED   0x00000001   Data   RW         1215    .data               parameter.o
    0x100014c2   COMPRESSED   0x00000001   Data   RW         1216    .data               parameter.o
    0x100014c3   COMPRESSED   0x00000001   Data   RW         1217    .data               parameter.o
    0x100014c4   COMPRESSED   0x00000004   Data   RW         1218    .data               parameter.o
    0x100014c8   COMPRESSED   0x00000002   Data   RW         1219    .data               parameter.o
    0x100014ca   COMPRESSED   0x00000001   Data   RW         1220    .data               parameter.o
    0x100014cb   COMPRESSED   0x00000001   PAD
    0x100014cc   COMPRESSED   0x00000004   Data   RW         1221    .data               parameter.o
    0x100014d0   COMPRESSED   0x00000004   Data   RW         1222    .data               parameter.o
    0x100014d4   COMPRESSED   0x00000004   Data   RW         1223    .data               parameter.o
    0x100014d8   COMPRESSED   0x00000004   Data   RW         1224    .data               parameter.o
    0x100014dc   COMPRESSED   0x00000007   Data   RW         1225    .data               parameter.o
    0x100014e3   COMPRESSED   0x00000007   Data   RW         1226    .data               parameter.o
    0x100014ea   COMPRESSED   0x00000001   Data   RW         1227    .data               parameter.o
    0x100014eb   COMPRESSED   0x00000001   Data   RW         1228    .data               parameter.o
    0x100014ec   COMPRESSED   0x00000001   Data   RW         1229    .data               parameter.o
    0x100014ed   COMPRESSED   0x00000008   Data   RW         1230    .data               parameter.o
    0x100014f5   COMPRESSED   0x00000003   PAD
    0x100014f8   COMPRESSED   0x00000004   Data   RW         1231    .data               parameter.o
    0x100014fc   COMPRESSED   0x00000004   Data   RW         1232    .data               parameter.o
    0x10001500   COMPRESSED   0x00000004   Data   RW         1233    .data               parameter.o
    0x10001504   COMPRESSED   0x00000008   Data   RW         1282    .data               relev.o
    0x1000150c   COMPRESSED   0x00000012   Data   RW         1307    .data               rtc.o
    0x1000151e   COMPRESSED   0x00000001   Data   RW         1308    .data               rtc.o
    0x1000151f   COMPRESSED   0x00000001   PAD
    0x10001520   COMPRESSED   0x00000008   Data   RW         1367    .data               start.o
    0x10001528   COMPRESSED   0x00000010   Data   RW         1399    .data               still.o
    0x10001538   COMPRESSED   0x00000006   Data   RW         1430    .data               temperature.o
    0x1000153e   COMPRESSED   0x00000002   PAD
    0x10001540   COMPRESSED   0x00000010   Data   RW         1460    .data               test.o
    0x10001550   COMPRESSED   0x0000000c   Data   RW         1611    .data               timer.o
    0x1000155c   COMPRESSED   0x0000000c   Data   RW         1625    .data               tse.o
    0x10001568        -       0x000001e8   Zero   RW           74    .bss                call.o
    0x10001750        -       0x000000f4   Zero   RW          301    .bss                eeprom.o
    0x10001844        -       0x00000c30   Zero   RW          425    .bss                history.o
    0x10002474        -       0x0000159c   Zero   RW          426    .bss                history.o
    0x10003a10        -       0x00000030   Zero   RW          445    .bss                hwtest.o
    0x10003a40        -       0x0000000a   Zero   RW          517    .bss                io.o
    0x10003a4a        -       0x0000000a   Zero   RW          518    .bss                io.o
    0x10003a54        -       0x00000050   Zero   RW          580    .bss                lcd.o
    0x10003aa4        -       0x000000c8   Zero   RW          602    .bss                load.o
    0x10003b6c        -       0x000000a0   Zero   RW          659    .bss                menu.o
    0x10003c0c        -       0x000005b8   Zero   RW          703    .bss                nice5000.o
    0x100041c4        -       0x00000010   Zero   RW          744    .bss                parameter.o
    0x100041d4        -       0x000001f4   Zero   RW          745    .bss                parameter.o
    0x100043c8        -       0x000003e8   Zero   RW          746    .bss                parameter.o
    0x100047b0        -       0x000003e8   Zero   RW          747    .bss                parameter.o
    0x10004b98        -       0x000001f4   Zero   RW          748    .bss                parameter.o
    0x10004d8c        -       0x000001f4   Zero   RW          749    .bss                parameter.o
    0x10004f80        -       0x000001f4   Zero   RW          750    .bss                parameter.o
    0x10005174        -       0x000001f4   Zero   RW          751    .bss                parameter.o
    0x10005368        -       0x000001f4   Zero   RW          752    .bss                parameter.o
    0x1000555c        -       0x0000000c   Zero   RW          753    .bss                parameter.o
    0x10005568        -       0x00000040   Zero   RW          754    .bss                parameter.o
    0x100055a8        -       0x00000040   Zero   RW          755    .bss                parameter.o
    0x100055e8        -       0x000000a5   Zero   RW          756    .bss                parameter.o
    0x1000568d   COMPRESSED   0x00000003   PAD
    0x10005690        -       0x00000010   Zero   RW          757    .bss                parameter.o
    0x100056a0        -       0x00000010   Zero   RW          758    .bss                parameter.o
    0x100056b0        -       0x00000010   Zero   RW          759    .bss                parameter.o
    0x100056c0        -       0x00000010   Zero   RW          760    .bss                parameter.o
    0x100056d0        -       0x00000010   Zero   RW          761    .bss                parameter.o
    0x100056e0        -       0x00000010   Zero   RW          762    .bss                parameter.o
    0x100056f0        -       0x00000014   Zero   RW          763    .bss                parameter.o
    0x10005704        -       0x00000010   Zero   RW          764    .bss                parameter.o
    0x10005714        -       0x0000006e   Zero   RW          765    .bss                parameter.o
    0x10005782        -       0x00000037   Zero   RW          766    .bss                parameter.o
    0x100057b9        -       0x00000037   Zero   RW          767    .bss                parameter.o
    0x100057f0        -       0x00000037   Zero   RW          768    .bss                parameter.o
    0x10005827        -       0x00000037   Zero   RW          769    .bss                parameter.o
    0x1000585e        -       0x00000037   Zero   RW          770    .bss                parameter.o
    0x10005895   COMPRESSED   0x00000001   PAD
    0x10005896        -       0x0000006e   Zero   RW          771    .bss                parameter.o
    0x10005904        -       0x00000037   Zero   RW          772    .bss                parameter.o
    0x1000593b        -       0x000000e0   Zero   RW          773    .bss                parameter.o
    0x10005a1b   COMPRESSED   0x00000001   PAD
    0x10005a1c        -       0x00000014   Zero   RW         1429    .bss                temperature.o
    0x10005a30        -       0x00000060   Zero   RW         1896    .bss                c_w.l(libspace.o)
    0x10005a90        -       0x00000000   Zero   RW            2    HEAP                startup_lpc17xx.o


    Execution Region SRAM (Exec base: 0x2007c000, Load base: 0x00038738, Size: 0x000075a0, Max: 0x00007fe0, ABSOLUTE)

    Exec Addr    Load Addr    Size         Type   Attr      Idx    E Section Name        Object

    0x2007c000        -       0x00004398   Zero   RW         1234    SRAM                parameter.o
    0x20080398        -       0x00001904   Zero   RW         1235    SRAM                parameter.o
    0x20081c9c        -       0x00001904   Zero   RW         1236    SRAM                parameter.o


    Execution Region NOINIT_RAM (Exec base: 0x20083fe0, Load base: 0x00038738, Size: 0x00000004, Max: 0xffffffff, OVERLAY)

    Exec Addr    Load Addr    Size         Type   Attr      Idx    E Section Name        Object

    0x20083fe0   0x00038738   0x00000002   Data   RW          624    NOINIT_RAM          main.o


==============================================================================

Image component sizes


      Code (inc. data)   RO Data    RW Data    ZI Data      Debug   Object Name

      1064        138          0          0          0       5060   arrival.o
      4596        346          0          0        488      13693   call.o
      3440        408          0          4          0      18260   can.o
      3808        416          0          2          0      41295   can_a.o
      2292        240          0          0          0       6502   can_b.o
      1444        132          0          8          0       4264   can_c.o
       900        122          0          0          0       2535   can_err.o
     10732       1282        132         64          0      14510   cycle.o
      1628        140          0          0          0       5022   dict.o
      1140        114        440          0          0       2777   diving.o
       236         44          0          0          0        758   door_op.o
       196         44          0          0          0        633   doortest.o
       320         52          0          0          0       1218   drive.o
       948        116          0          0          0       1228   drv_err.o
      1016         26          0          8        244       5107   eeprom.o
      1588        234          0          0          0       3126   em_op.o
       568         62          0          0          0       1326   err_rel.o
      2084        172          0          0          0       3398   error.o
      2012        180        144         16          0       4201   ese.o
      1020         90          0          0          0       2655   evac.o
      1376         80        128         12          0       2818   exe.o
       332         54          0          0          0        801   hb_err.o
      1512        242          0          0       8652       5200   history.o
      3268        296          0         44         48       6734   hwtest.o
       412          6          0          0          0       1709   i2c.o
      1980        128        528          1          0       6100   init.o
      6632        632          0          8          0       8151   input.o
      1060        150          0          0          0       2091   insp.o
      7150        610       2429         94         20      21402   io.o
     10304        722        425          3         80      29098   lcd.o
       444         32          0         16        200       1777   load.o
      4258        640          0          6          0       6736   main.o
      1920         72         64          0          0       5100   mcp2515.o
     25032       2484          0         60        160      24375   menu.o
       416         80          0          0          0        811   moving.o
      6828        422       5024        182       1464      23961   nice5000.o
       100         24          0          0          0        512   no_setup.o
       136          4         18        697      36339      38507   parameter.o
      1080        104          0          0          0       3022   pos.o
       532         78          0          8          0       1078   relev.o
      1108        102          0          0          0       2067   res_trip.o
       728         20          0         19          0       2418   rtc.o
       460         68          0          0          0       1105   sc_error.o
      5728        134          0          0          0       7312   set_para.o
      1508        164          0          0          0       2614   sp_trip.o
      1296        178          0          8          0       1675   start.o
       260        228          0          0       4096        996   startup_lpc17xx.o
      3116        302        472          0          0      11446   state.o
      8552        942          0         16          0      18989   still.o
      1364        138          0          0          0       2250   teach.o
       212         16          0          6         20       1678   temperature.o
       776         88          0          0          0       1377   term.o
      7204        338          0         16          0      10379   test.o
         0          0      57315          0          0      13037   text.o
      4172        636          0         12          0       4630   timer.o
      1364         98        160         12          0       2710   tse.o
         0          0         40          0          0        820   version.o
        72         18          0          0          0        514   wait.o

    ----------------------------------------------------------------------
    153726      14688      67472       1388      51816     413568   Object Totals
         0          0         64          0          0          0   (incl. Generated)
         2          0         89         66          5          0   (incl. Padding)

    ----------------------------------------------------------------------

      Code (inc. data)   RO Data    RW Data    ZI Data      Debug   Library Member Name

        60          8          0          0          0         84   __0sscanf.o
        44          6          0          0          0         84   __2sprintf.o
        90          0          0          0          0          0   __dczerorl2.o
         8          0          0          0          0         68   __main.o
       392          4         17          0          0         92   __printf_flags_ss_wp.o
        14          0          0          0          0         68   __printf_wp.o
         0          0          0          0          0          0   __rtentry.o
        12          0          0          0          0          0   __rtentry2.o
         6          0          0          0          0          0   __rtentry4.o
        52          8          0          0          0          0   __scatter.o
        28          0          0          0          0          0   __scatter_zi.o
        28          0          0          0          0         68   _chval.o
         6          0          0          0          0          0   _printf_c.o
        44          0          0          0          0        108   _printf_char.o
        48          6          0          0          0         96   _printf_char_common.o
         6          0          0          0          0          0   _printf_d.o
       120         16          0          0          0         92   _printf_dec.o
         6          0          0          0          0          0   _printf_f.o
      1054          0          0          0          0        216   _printf_fp_dec.o
       128         16          0          0          0         84   _printf_fp_infnan.o
        88          4         40          0          0         88   _printf_hex_int.o
       178          0          0          0          0         88   _printf_intcommon.o
        78          0          0          0          0        108   _printf_pad.o
         0          0          0          0          0          0   _printf_percent.o
         4          0          0          0          0          0   _printf_percent_end.o
         6          0          0          0          0          0   _printf_s.o
        82          0          0          0          0         80   _printf_str.o
         6          0          0          0          0          0   _printf_u.o
         6          0          0          0          0          0   _printf_x.o
        22          0          0          0          0        100   _rserrno.o
       884          4          0          0          0        100   _scanf.o
       332          0          0          0          0         96   _scanf_int.o
        64          0          0          0          0         84   _sgetc.o
        10          0          0          0          0         68   _sputc.o
       228          4        148          0          0         96   bigflt0.o
      1936        128          0          0          0        672   btod.o
        18          0          0          0          0         80   exit.o
         6          0          0          0          0        152   heapauxi.o
         0          0          0          0          0          0   indicate_semi.o
        18          0          0          0          0         76   isspace.o
        44         10        272          0          0         76   lc_ctype_c.o
        44         10         28          0          0         76   lc_numeric_c.o
         2          0          0          0          0          0   libinit.o
        30          0          0          0          0          0   libinit2.o
         2          0          0          0          0          0   libshutdown.o
         2          0          0          0          0          0   libshutdown2.o
         8          4          0          0         96         68   libspace.o
       138          0          0          0          0         80   lludiv10.o
        16          4          0          0          0         76   rt_ctype_table.o
         8          4          0          0          0         68   rt_errno_addr_intlibspace.o
         8          4          0          0          0         68   rt_locale_intlibspace.o
        68          0          0          0          0         68   rt_memclr.o
        78          0          0          0          0         80   rt_memclr_w.o
       100          0          0          0          0         80   rt_memcpy_w.o
         2          0          0          0          0          0   rtexit.o
        10          0          0          0          0          0   rtexit2.o
        44          8          0          0          0         84   scanf_char.o
       128          0          0          0          0         68   strcmpv7m.o
        72          0          0          0          0         80   strcpy.o
        62          0          0          0          0         76   strlen.o
        12          4          0          0          0         68   sys_exit.o
        74          0          0          0          0         80   sys_stackheap_outer.o
         2          0          0          0          0         68   use_no_semi.o
        90          4          0          0          0         92   dfixu.o
        46          0          0          0          0         68   dflt_clz.o
       156          4          0          0          0         92   dnaninf.o
        12          0          0          0          0         68   dretinf.o
       460         56          0          0          0        120   dsqrt_noumaal.o
        86          4          0          0          0         84   f2d.o
       430          8          0          0          0        168   faddsub_clz.o
       388         76          0          0          0         96   fdiv.o
        62          4          0          0          0         84   ffixu.o
        38          0          0          0          0         68   fflt_clz.o
       258          4          0          0          0         84   fmul.o
       140          4          0          0          0         84   fnaninf.o
        10          0          0          0          0         68   fretinf.o
         4          0          0          0          0         68   printf1.o
         0          0          0          0          0          0   usenofp.o
        40          0          0          0          0         68   fpclassify.o
        76          0          0          0          0         84   sqrt.o

    ----------------------------------------------------------------------
      9382        416        508          0         96       5608   Library Totals
        20          0          3          0          0          0   (incl. Padding)

    ----------------------------------------------------------------------

      Code (inc. data)   RO Data    RW Data    ZI Data      Debug   Library Name

      7066        252        505          0         96       4212   c_w.l
      2180        164          0          0          0       1244   fz_ws.l
       116          0          0          0          0        152   m_ws.l

    ----------------------------------------------------------------------
      9382        416        508          0         96       5608   Library Totals

    ----------------------------------------------------------------------

==============================================================================


      Code (inc. data)   RO Data    RW Data    ZI Data      Debug   

    163108      15104      67980       1388      51912     411632   Grand Totals
    163108      15104      67980        140      51912     411632   ELF Image Totals (compressed)
    163108      15104      67980        140          0          0   ROM Totals

==============================================================================

    Total RO  Size (Code + RO Data)               231088 ( 225.67kB)
    Total RW  Size (RW Data + ZI Data)             53300 (  52.05kB)
    Total ROM Size (Code + RO Data + RW Data)     231228 ( 225.81kB)

==============================================================================

